d:\border-tech\windows-driver\lampyris-sysvad\endpointscommon\x64\release\endpointscommon.pdb
d:\border-tech\windows-driver\lampyris-sysvad\endpointscommon\x64\release\usbhsspeakertopo.obj
d:\border-tech\windows-driver\lampyris-sysvad\endpointscommon\x64\release\usbhsmictopo.obj
d:\border-tech\windows-driver\lampyris-sysvad\endpointscommon\x64\release\usbhsminwavert.obj
d:\border-tech\windows-driver\lampyris-sysvad\endpointscommon\x64\release\speakertopo.obj
d:\border-tech\windows-driver\lampyris-sysvad\endpointscommon\x64\release\speakerhptopo.obj
d:\border-tech\windows-driver\lampyris-sysvad\endpointscommon\x64\release\newdelete.obj
d:\border-tech\windows-driver\lampyris-sysvad\endpointscommon\x64\release\minwavertstream.obj
d:\border-tech\windows-driver\lampyris-sysvad\endpointscommon\x64\release\minwavert.obj
d:\border-tech\windows-driver\lampyris-sysvad\endpointscommon\x64\release\mintopo.obj
d:\border-tech\windows-driver\lampyris-sysvad\endpointscommon\x64\release\miniportstreamaudioenginenode.obj
d:\border-tech\windows-driver\lampyris-sysvad\endpointscommon\x64\release\miniportaudioenginenode.obj
d:\border-tech\windows-driver\lampyris-sysvad\endpointscommon\x64\release\micarraytopo.obj
d:\border-tech\windows-driver\lampyris-sysvad\endpointscommon\x64\release\bthhfptopo.obj
d:\border-tech\windows-driver\lampyris-sysvad\endpointscommon\x64\release\bthhfpspeakertopo.obj
d:\border-tech\windows-driver\lampyris-sysvad\endpointscommon\x64\release\bthhfpminwavert.obj
d:\border-tech\windows-driver\lampyris-sysvad\endpointscommon\x64\release\bthhfpmictopo.obj
d:\border-tech\windows-driver\lampyris-sysvad\endpointscommon\x64\release\audiomodulehelper.obj
d:\border-tech\windows-driver\lampyris-sysvad\endpointscommon\x64\release\a2dphptopo.obj
d:\border-tech\windows-driver\lampyris-sysvad\endpointscommon\x64\release\a2dphpspeakertopo.obj
d:\border-tech\windows-driver\lampyris-sysvad\endpointscommon\x64\release\a2dphpminwavert.obj
d:\border-tech\windows-driver\lampyris-sysvad\endpointscommon\x64\release\usbhstopo.obj
d:\border-tech\windows-driver\lampyris-sysvad\endpointscommon\x64\release\endpointscommon.lib
d:\border-tech\windows-driver\lampyris-sysvad\endpointscommon\x64\release\endpointscommon.tlog\cl.command.1.tlog
d:\border-tech\windows-driver\lampyris-sysvad\endpointscommon\x64\release\endpointscommon.tlog\cl.items.tlog
d:\border-tech\windows-driver\lampyris-sysvad\endpointscommon\x64\release\endpointscommon.tlog\cl.read.1.tlog
d:\border-tech\windows-driver\lampyris-sysvad\endpointscommon\x64\release\endpointscommon.tlog\cl.write.1.tlog
d:\border-tech\windows-driver\lampyris-sysvad\endpointscommon\x64\release\endpointscommon.tlog\lib-link.read.1.tlog
d:\border-tech\windows-driver\lampyris-sysvad\endpointscommon\x64\release\endpointscommon.tlog\lib-link.write.1.tlog
d:\border-tech\windows-driver\lampyris-sysvad\endpointscommon\x64\release\endpointscommon.tlog\lib.command.1.tlog
