d:\border-tech\windows-driver\lampyris-sysvad\endpointscommon\x64\debug\endpointscommon.pdb
d:\border-tech\windows-driver\lampyris-sysvad\endpointscommon\x64\debug\usbhsspeakertopo.obj
d:\border-tech\windows-driver\lampyris-sysvad\endpointscommon\x64\debug\usbhsmictopo.obj
d:\border-tech\windows-driver\lampyris-sysvad\endpointscommon\x64\debug\usbhsminwavert.obj
d:\border-tech\windows-driver\lampyris-sysvad\endpointscommon\x64\debug\speakertopo.obj
d:\border-tech\windows-driver\lampyris-sysvad\endpointscommon\x64\debug\speakerhptopo.obj
d:\border-tech\windows-driver\lampyris-sysvad\endpointscommon\x64\debug\newdelete.obj
d:\border-tech\windows-driver\lampyris-sysvad\endpointscommon\x64\debug\minwavertstream.obj
d:\border-tech\windows-driver\lampyris-sysvad\endpointscommon\x64\debug\minwavert.obj
d:\border-tech\windows-driver\lampyris-sysvad\endpointscommon\x64\debug\mintopo.obj
d:\border-tech\windows-driver\lampyris-sysvad\endpointscommon\x64\debug\miniportstreamaudioenginenode.obj
d:\border-tech\windows-driver\lampyris-sysvad\endpointscommon\x64\debug\miniportaudioenginenode.obj
d:\border-tech\windows-driver\lampyris-sysvad\endpointscommon\x64\debug\micarraytopo.obj
d:\border-tech\windows-driver\lampyris-sysvad\endpointscommon\x64\debug\bthhfptopo.obj
d:\border-tech\windows-driver\lampyris-sysvad\endpointscommon\x64\debug\bthhfpspeakertopo.obj
d:\border-tech\windows-driver\lampyris-sysvad\endpointscommon\x64\debug\bthhfpminwavert.obj
d:\border-tech\windows-driver\lampyris-sysvad\endpointscommon\x64\debug\bthhfpmictopo.obj
d:\border-tech\windows-driver\lampyris-sysvad\endpointscommon\x64\debug\audiomodulehelper.obj
d:\border-tech\windows-driver\lampyris-sysvad\endpointscommon\x64\debug\a2dphptopo.obj
d:\border-tech\windows-driver\lampyris-sysvad\endpointscommon\x64\debug\a2dphpspeakertopo.obj
d:\border-tech\windows-driver\lampyris-sysvad\endpointscommon\x64\debug\a2dphpminwavert.obj
d:\border-tech\windows-driver\lampyris-sysvad\endpointscommon\x64\debug\usbhstopo.obj
d:\border-tech\windows-driver\lampyris-sysvad\endpointscommon\x64\debug\endpointscommon.lib
d:\border-tech\windows-driver\lampyris-sysvad\endpointscommon\x64\debug\endpointscommon.tlog\cl.command.1.tlog
d:\border-tech\windows-driver\lampyris-sysvad\endpointscommon\x64\debug\endpointscommon.tlog\cl.items.tlog
d:\border-tech\windows-driver\lampyris-sysvad\endpointscommon\x64\debug\endpointscommon.tlog\cl.read.1.tlog
d:\border-tech\windows-driver\lampyris-sysvad\endpointscommon\x64\debug\endpointscommon.tlog\cl.write.1.tlog
d:\border-tech\windows-driver\lampyris-sysvad\endpointscommon\x64\debug\endpointscommon.tlog\lib-link.read.1.tlog
d:\border-tech\windows-driver\lampyris-sysvad\endpointscommon\x64\debug\endpointscommon.tlog\lib-link.write.1.tlog
d:\border-tech\windows-driver\lampyris-sysvad\endpointscommon\x64\debug\endpointscommon.tlog\lib.command.1.tlog
