Build started 8/21/2026 2:11:38 AM.
Logging verbosity is set to: Normal.
Project "Z:\windows-driver\lampyris-sysvad\sysvad.sln" on node 1 (Rebuild target(s)).
ValidateSolutionConfiguration:
  Building solution configuration "Release|x64".
Project "Z:\windows-driver\lampyris-sysvad\sysvad.sln" (1) is building "Z:\windows-driver\lampyris-sysvad\Package\package.VcxProj" (2) on node 1 (Rebuild target(s)).
_PrepareForClean:
  Deleting file "x64\Release\package.tlog\package.lastbuildstate".
Project "Z:\windows-driver\lampyris-sysvad\Package\package.VcxProj" (2) is building "Z:\windows-driver\lampyris-sysvad\TabletAudioSample\TabletAudioSample.vcxproj" (3) on node 1 (Clean target(s)).
_PrepareForClean:
  Deleting file "x64\Release\TabletAu.E4DF0EEE.tlog\TabletAudioSample.lastbuildstate".
CoreClean:
  Deleting file "Z:\windows-driver\lampyris-sysvad\TabletAudioSample\x64\Release\lampyris-mic.sys".
Project "Z:\windows-driver\lampyris-sysvad\TabletAudioSample\TabletAudioSample.vcxproj" (3) is building "Z:\windows-driver\lampyris-sysvad\EndpointsCommon\EndpointsCommon.vcxproj" (4) on node 1 (Clean target(s)).
_PrepareForClean:
  Deleting file "x64\Release\EndpointsCommon.tlog\EndpointsCommon.lastbuildstate".
CoreClean:
  Deleting file "Z:\windows-driver\lampyris-sysvad\EndpointsCommon\x64\Release\EndpointsCommon.lib".
CleanOutput:
  Deleting file "x64\Release\EndpointsCommon.lib.recipe".
  Deleting file "x64\Release\EndpointsCommon.vcxproj.FileListAbsolute.txt".
Done Building Project "Z:\windows-driver\lampyris-sysvad\EndpointsCommon\EndpointsCommon.vcxproj" (Clean target(s)).

CleanOutput:
  Deleting file "x64\Release\lampyris-mic.cer".
  Deleting file "x64\Release\lampyris-mic.sys.recipe".
  Deleting file "x64\Release\TabletAudioSample.vcxproj.FileListAbsolute.txt".
Done Building Project "Z:\windows-driver\lampyris-sysvad\TabletAudioSample\TabletAudioSample.vcxproj" (Clean target(s)).

Project "Z:\windows-driver\lampyris-sysvad\Package\package.VcxProj" (2) is building "Z:\windows-driver\lampyris-sysvad\TabletAudioSample\TabletAudioSample.vcxproj" (3:2) on node 1 (default targets).
Project "Z:\windows-driver\lampyris-sysvad\TabletAudioSample\TabletAudioSample.vcxproj" (3:2) is building "Z:\windows-driver\lampyris-sysvad\EndpointsCommon\EndpointsCommon.vcxproj" (4:2) on node 1 (default targets).
DriverBuildNotifications:
  Building 'EndpointsCommon' with toolset 'WindowsKernelModeDriver10.0' and the 'Windows Driver' target platform.
  Using KMDF 1.15.
PrepareForBuild:
  Structured output is enabled. The formatting of compiler diagnostics will reflect the error hierarchy. See https://aka.ms/cpp/structured-output for more details.
InitializeBuildStatus:
  Creating "x64\Release\EndpointsCommon.tlog\unsuccessfulbuild" because "AlwaysCreate" was specified.
  Touching "x64\Release\EndpointsCommon.tlog\unsuccessfulbuild".
ClCompile:
  C:\Program Files\Microsoft Visual Studio\2022\Community\VC\Tools\MSVC\14.44.35207\bin\HostX64\x64\CL.exe /c /Ix64\Release\ /I"C:\Program Files (x86)\Windows Kits\10\Include\10.0.22621.0\km\\" /I.. /I. /Zi /nologo /W4 /WX /diagnostics:column /Ox /Os /Oy- /D POOL_ZERO_DOWN_LEVEL_SUPPORT /D _WIN64 /D _AMD64_ /D AMD64 /D _WIN32_WINNT=0x0A00 /D WINVER=0x0A00 /D WINNT=1 /D NTDDI_VERSION=0xA00000C /D _USE_WAVERT_ /D SYSVAD_BTH_BYPASS /D SYSVAD_USB_SIDEBAND /D _NEW_DELETE_OPERATORS_ /D KMDF_VERSION_MAJOR=1 /D KMDF_VERSION_MINOR=15 /GF /Gm- /Zp8 /GS /guard:cf /Gy /fp:precise /Zc:wchar_t- /Zc:forScope /Zc:inline /GR- /std:c++17 /Fo"x64\Release\\" /Fd"x64\Release\EndpointsCommon.pdb" /external:W4 /Gz /wd4595 /wd4603 /wd4627 /wd4986 /wd4987 /FI"C:\Program Files (x86)\Windows Kits\10\Include\10.0.22621.0\shared\warning.h" /FC /errorReport:queue /kernel -cbstring -d2epilogunwind  /d1nodatetime /d1import_no_registry /d2AllowCompatibleILVersions /d2Zi+ a2dphpminwavert.cpp a2dphpspeakertopo.cpp a2dphptopo.cpp AudioModuleHelper.cpp bthhfpmictopo.cpp bthhfpminwavert.cpp bthhfpspeakertopo.cpp bthhfptopo.cpp micarraytopo.cpp MiniportAudioEngineNode.cpp MiniportStreamAudioEngineNode.cpp mintopo.cpp minwavert.cpp minwavertstream.cpp NewDelete.cpp speakerhptopo.cpp speakertopo.cpp usbhsminwavert.cpp usbhsmictopo.cpp usbhsspeakertopo.cpp usbhstopo.cpp
  a2dphpminwavert.cpp
  a2dphpspeakertopo.cpp
  a2dphptopo.cpp
  AudioModuleHelper.cpp
  bthhfpmictopo.cpp
  bthhfpminwavert.cpp
  bthhfpspeakertopo.cpp
  bthhfptopo.cpp
  micarraytopo.cpp
  MiniportAudioEngineNode.cpp
  MiniportStreamAudioEngineNode.cpp
  mintopo.cpp
  minwavert.cpp
  minwavertstream.cpp
  NewDelete.cpp
  speakerhptopo.cpp
  speakertopo.cpp
  usbhsminwavert.cpp
  usbhsmictopo.cpp
  usbhsspeakertopo.cpp
  Generating Code...
  Compiling...
  usbhstopo.cpp
  Generating Code...
Lib:
  C:\Program Files\Microsoft Visual Studio\2022\Community\VC\Tools\MSVC\14.44.35207\bin\HostX64\x64\Lib.exe /OUT:"x64\Release\EndpointsCommon.lib" /NOLOGO /MACHINE:X64 x64\Release\a2dphpminwavert.obj
  x64\Release\a2dphpspeakertopo.obj
  x64\Release\a2dphptopo.obj
  x64\Release\AudioModuleHelper.obj
  x64\Release\bthhfpmictopo.obj
  x64\Release\bthhfpminwavert.obj
  x64\Release\bthhfpspeakertopo.obj
  x64\Release\bthhfptopo.obj
  x64\Release\micarraytopo.obj
  x64\Release\MiniportAudioEngineNode.obj
  x64\Release\MiniportStreamAudioEngineNode.obj
  x64\Release\mintopo.obj
  x64\Release\minwavert.obj
  x64\Release\minwavertstream.obj
  x64\Release\NewDelete.obj
  x64\Release\speakerhptopo.obj
  x64\Release\speakertopo.obj
  x64\Release\usbhsminwavert.obj
  x64\Release\usbhsmictopo.obj
  x64\Release\usbhsspeakertopo.obj
  x64\Release\usbhstopo.obj
  EndpointsCommon.vcxproj -> Z:\windows-driver\lampyris-sysvad\EndpointsCommon\x64\Release\EndpointsCommon.lib
FinalizeBuildStatus:
  Deleting file "x64\Release\EndpointsCommon.tlog\unsuccessfulbuild".
  Touching "x64\Release\EndpointsCommon.tlog\EndpointsCommon.lastbuildstate".
Done Building Project "Z:\windows-driver\lampyris-sysvad\EndpointsCommon\EndpointsCommon.vcxproj" (default targets).

DriverBuildNotifications:
  Building 'TabletAudioSample' with toolset 'WindowsKernelModeDriver10.0' and the 'Universal' target platform.
  Using KMDF 1.15.
PrepareForBuild:
  Structured output is enabled. The formatting of compiler diagnostics will reflect the error hierarchy. See https://aka.ms/cpp/structured-output for more details.
InitializeBuildStatus:
  Creating "x64\Release\TabletAu.E4DF0EEE.tlog\unsuccessfulbuild" because "AlwaysCreate" was specified.
  Touching "x64\Release\TabletAu.E4DF0EEE.tlog\unsuccessfulbuild".
StampInf:
  C:\Program Files (x86)\Windows Kits\10\bin\10.0.22621.0\x86\stampinf.exe -d "*" -a "amd64" -v "*" -k "1.15"  -x -f x64\Release\ComponentizedApoSample.inf 
  Copying "Z:\windows-driver\lampyris-sysvad\TabletAudioSample\ComponentizedApoSample.inx" to "x64\Release\ComponentizedApoSample.inf" for stamping
  Stamping x64\Release\ComponentizedApoSample.inf
  Stamping [Version] section with DriverVer=08/21/2026,2.11.44.753
  C:\Program Files (x86)\Windows Kits\10\bin\10.0.22621.0\x86\stampinf.exe -d "*" -a "amd64" -v "*" -k "1.15"  -x -f x64\Release\ComponentizedAudioSample.inf 
  Copying "Z:\windows-driver\lampyris-sysvad\TabletAudioSample\ComponentizedAudioSample.inx" to "x64\Release\ComponentizedAudioSample.inf" for stamping
  Stamping x64\Release\ComponentizedAudioSample.inf
  Stamping [Version] section with DriverVer=08/21/2026,2.11.44.832
  C:\Program Files (x86)\Windows Kits\10\bin\10.0.22621.0\x86\stampinf.exe -d "*" -a "amd64" -v "*" -k "1.15"  -x -f x64\Release\ComponentizedAudioSampleExtension.inf 
  Copying "Z:\windows-driver\lampyris-sysvad\TabletAudioSample\ComponentizedAudioSampleExtension.inx" to "x64\Release\ComponentizedAudioSampleExtension.inf" for stamping
  Stamping x64\Release\ComponentizedAudioSampleExtension.inf
  Stamping [Version] section with DriverVer=08/21/2026,2.11.44.910
Z:\windows-driver\lampyris-sysvad\TabletAudioSample\ComponentizedAudioSample.inx(43-43): warning 2083: Section [keyworddetectorcontosoadapter.copylist] not referenced or used. [Z:\windows-driver\lampyris-sysvad\TabletAudioSample\TabletAudioSample.vcxproj]
ClCompile:
  C:\Program Files\Microsoft Visual Studio\2022\Community\VC\Tools\MSVC\14.44.35207\bin\HostX64\x64\CL.exe /c /Ix64\Release\ /I"C:\Program Files (x86)\Windows Kits\10\Include\10.0.22621.0\km\\" /I.. /I..\EndpointsCommon /I. /Zi /nologo /W4 /WX /diagnostics:column /Ox /Os /Oy- /D POOL_ZERO_DOWN_LEVEL_SUPPORT /D POOL_ZERO_DOWN_LEVEL_SUPPORT /D POOL_ZERO_DOWN_LEVEL_SUPPORT /D _WIN64 /D _AMD64_ /D AMD64 /D _WIN32_WINNT=0x0A00 /D WINVER=0x0A00 /D WINNT=1 /D NTDDI_VERSION=0xA00000C /D _WIN32 /D UNICODE /D _UNICODE /D PC_IMPLEMENTATION /D DEBUG_LEVEL=DEBUGLVL_TERSE /D _USE_WAVERT_ /D SYSVAD_BTH_BYPASS /D SYSVAD_USB_SIDEBAND /D _USE_IPortClsRuntimePower /D _NEW_DELETE_OPERATORS_ /D KMDF_VERSION_MAJOR=1 /D KMDF_VERSION_MINOR=15 /GF /Gm- /Zp8 /GS /guard:cf /Gy /fp:precise /Zc:wchar_t- /Zc:forScope /Zc:inline /GR- /std:c++17 /Fo"x64\Release\\" /Fd"x64\Release\vc143.pdb" /external:W4 /Gz /wd4603 /wd4627 /wd4986 /wd4987 /FI"C:\Program Files (x86)\Windows Kits\10\Include\10.0.22621.0\shared\warning.h" /FC /errorReport:queue /kernel -cbstring -d2epilogunwind  /d1nodatetime /d1import_no_registry /d2AllowCompatibleILVersions /d2Zi+ ..\A2dpHpDevice.cpp ..\adapter.cpp ..\lampyris_core.cpp ..\basetopo.cpp ..\BthhfpDevice.cpp ..\common.cpp ..\hw.cpp ..\kshelper.cpp ..\savedata.cpp ..\tonegenerator.cpp ..\UsbHsDevice.cpp hdmitopo.cpp micintopo.cpp spdiftopo.cpp
  A2dpHpDevice.cpp
  adapter.cpp
  lampyris_core.cpp
  basetopo.cpp
  BthhfpDevice.cpp
  common.cpp
  hw.cpp
  kshelper.cpp
  savedata.cpp
  tonegenerator.cpp
  UsbHsDevice.cpp
  hdmitopo.cpp
  micintopo.cpp
  spdiftopo.cpp
  Generating Code...
ResourceCompile:
  C:\Program Files (x86)\Windows Kits\10\bin\10.0.22621.0\x64\rc.exe /D POOL_ZERO_DOWN_LEVEL_SUPPORT /D POOL_ZERO_DOWN_LEVEL_SUPPORT /D POOL_ZERO_DOWN_LEVEL_SUPPORT /D _WIN64 /D _AMD64_=1 /D AMD64 /D _WIN32_WINNT=0x0A00 /D WINVER=0x0A00 /D WINNT=1 /D NTDDI_VERSION=0xA00000C /D "SMP_ID=\\\"{2A9A946E-F017-4E0D-BF75-AD81E7E97D64}\\\"" /D _WIN32 /D UNICODE /D _UNICODE /D PC_IMPLEMENTATION /D DEBUG_LEVEL=DEBUGLVL_TERSE /D _USE_WAVERT_ /D SYSVAD_BTH_BYPASS /D SYSVAD_USB_SIDEBAND /D _USE_IPortClsRuntimePower /l"0x0409" /I"C:\Program Files (x86)\Windows Kits\10\Include\10.0.22621.0\um" /Ix64\Release\ /I"C:\Program Files\Microsoft Visual Studio\2022\Community\VC\Tools\MSVC\14.44.35207\atlmfc\include" /I"C:\Program Files (x86)\Windows Kits\10\Include\10.0.22621.0\km\\" /I.. /I..\EndpointsCommon /nologo /fo"x64\Release\TabletAudioSample.res" TabletAudioSample.rc 
Link:
  C:\Program Files\Microsoft Visual Studio\2022\Community\VC\Tools\MSVC\14.44.35207\bin\HostX64\x64\link.exe /ERRORREPORT:QUEUE /OUT:"x64\Release\lampyris-mic.sys" /VERSION:"10.0" /INCREMENTAL:NO /NOLOGO /WX /SECTION:"INIT,d" "C:\Program Files (x86)\Windows Kits\10\lib\10.0.22621.0\km\x64\BufferOverflowFastFailK.lib" "C:\Program Files (x86)\Windows Kits\10\lib\10.0.22621.0\km\x64\ntoskrnl.lib" "C:\Program Files (x86)\Windows Kits\10\lib\10.0.22621.0\km\x64\hal.lib" "C:\Program Files (x86)\Windows Kits\10\lib\10.0.22621.0\km\x64\wmilib.lib" "C:\Program Files (x86)\Windows Kits\10\lib\wdf\kmdf\x64\1.15\WdfLdr.lib" "C:\Program Files (x86)\Windows Kits\10\lib\wdf\kmdf\x64\1.15\WdfDriverEntry.lib" "C:\Program Files (x86)\Windows Kits\10\lib\10.0.22621.0\km\x64\\portcls.lib" "C:\Program Files (x86)\Windows Kits\10\lib\10.0.22621.0\km\x64\\stdunk.lib" "C:\Program Files (x86)\Windows Kits\10\lib\10.0.22621.0\km\x64\\libcntpr.lib" "C:\Program Files (x86)\Windows Kits\10\lib\10.0.22621.0\km\x64\\wdmsec.lib" .\..\EndpointsCommon\x64\Release\\EndpointsCommon.lib /NODEFAULTLIB /MANIFEST:NO /DEBUG /PDB:"x64\Release\lampyris-mic.pdb" /SUBSYSTEM:NATIVE,"10.00" /Driver /OPT:REF /OPT:ICF /ENTRY:"FxDriverEntry" /RELEASE /IMPLIB:"x64\Release\lampyris-mic.lib" /MERGE:"_TEXT=.text;_PAGE=PAGE" /MACHINE:X64 /PROFILE /guard:cf /kernel /IGNORE:4198,4010,4037,4039,4065,4070,4078,4087,4089,4221,4108,4088,4218,4218,4235 /osversion:10.0 /pdbcompress /debugtype:pdata x64\Release\TabletAudioSample.res
  x64\Release\A2dpHpDevice.obj
  x64\Release\adapter.obj
  x64\Release\lampyris_core.obj
  x64\Release\basetopo.obj
  x64\Release\BthhfpDevice.obj
  x64\Release\common.obj
  x64\Release\hw.obj
  x64\Release\kshelper.obj
  x64\Release\savedata.obj
  x64\Release\tonegenerator.obj
  x64\Release\UsbHsDevice.obj
  x64\Release\hdmitopo.obj
  x64\Release\micintopo.obj
  x64\Release\spdiftopo.obj
  TabletAudioSample.vcxproj -> Z:\windows-driver\lampyris-sysvad\TabletAudioSample\x64\Release\lampyris-mic.sys
Project "Z:\windows-driver\lampyris-sysvad\TabletAudioSample\TabletAudioSample.vcxproj" (3:2) is building "Z:\windows-driver\lampyris-sysvad\TabletAudioSample\TabletAudioSample.vcxproj" (3:3) on node 1 (TestSign target(s)).
TestSign:
  The driver will be test-signed. Driver signing options can be changed from the project properties.
  Sign Inputs: Z:\windows-driver\lampyris-sysvad\TabletAudioSample\x64\Release\lampyris-mic.sys
  C:\Program Files (x86)\Windows Kits\10\bin\10.0.22621.0\x86\signtool.exe sign /ph /fd "sha256" /sha1 "CDDFCA2E7FC4670B8E00D7AF54347FFD0E5F4C3F" 
  Done Adding Additional Store
  Successfully signed: Z:\windows-driver\lampyris-sysvad\TabletAudioSample\x64\Release\lampyris-mic.sys
  
  Certificate used for signing: issued to = WDKTestCert TestHyuse,134317770578324349 and thumbprint = CDDFCA2E7FC4670B8E00D7AF54347FFD0E5F4C3F
  Exported Certificate: x64\Release\lampyris-mic.cer
Done Building Project "Z:\windows-driver\lampyris-sysvad\TabletAudioSample\TabletAudioSample.vcxproj" (TestSign target(s)).

ApiValidator:
  Validating 'Universal' driver using ApiValidator.exe
  cmd.exe /D /C "C:\Users\TestHyuse\AppData\Local\Temp\MSBuildTemp\tmpc8ace21516074db7b625d6074ee0627b.cmd"
  "C:\Program Files (x86)\Windows Kits\10\bin\10.0.22621.0\x64\ApiValidator.exe" -DriverPackagePath:x64\Release\lampyris-mic.sys -SupportedApiXmlFiles:"C:\Program Files (x86)\Windows Kits\10\build\10.0.22621.0\universalDDIs\x64\UniversalDDIs.xml" -ModuleWhiteListXmlFiles:"C:\Program Files (x86)\Windows Kits\10\build\10.0.22621.0\universalDDIs\x64\ModuleWhiteList.xml" -ApiExtractorExePath:"C:\Program Files (x86)\Windows Kits\10\bin\10.0.22621.0\x64" 
  Driver is 'Universal'.
FinalizeBuildStatus:
  Deleting file "x64\Release\TabletAu.E4DF0EEE.tlog\unsuccessfulbuild".
  Touching "x64\Release\TabletAu.E4DF0EEE.tlog\TabletAudioSample.lastbuildstate".
Done Building Project "Z:\windows-driver\lampyris-sysvad\TabletAudioSample\TabletAudioSample.vcxproj" (default targets).

PrepareForBuild:
  Structured output is enabled. The formatting of compiler diagnostics will reflect the error hierarchy. See https://aka.ms/cpp/structured-output for more details.
InitializeBuildStatus:
  Creating "x64\Release\package.tlog\unsuccessfulbuild" because "AlwaysCreate" was specified.
  Touching "x64\Release\package.tlog\unsuccessfulbuild".
FinalizeBuildStatus:
  Deleting file "x64\Release\package.tlog\unsuccessfulbuild".
  Touching "x64\Release\package.tlog\package.lastbuildstate".
Done Building Project "Z:\windows-driver\lampyris-sysvad\Package\package.VcxProj" (Rebuild target(s)).

Project "Z:\windows-driver\lampyris-sysvad\sysvad.sln" (1) is building "Z:\windows-driver\lampyris-sysvad\KeywordDetectorAdapter\KeywordDetectorContosoAdapter.vcxproj" (5) on node 1 (Rebuild target(s)).
_PrepareForClean:
  Deleting file "x64\Release\KeywordD.E0F02048.tlog\KeywordDetectorContosoAdapter.lastbuildstate".
PrepareForBuild:
  Structured output is enabled. The formatting of compiler diagnostics will reflect the error hierarchy. See https://aka.ms/cpp/structured-output for more details.
InitializeBuildStatus:
  Touching "x64\Release\KeywordD.E0F02048.tlog\unsuccessfulbuild".
Midl:
  C:\Program Files (x86)\Windows Kits\10\bin\10.0.26100.0\x64\midl.exe /D _WINDLL /D _USRDLL /D UNICODE /D _UNICODE /I..\inc /I..\ /W1 /nologo /char signed /env x64 /h "KeywordDetectorContosoAdapter_h.h" /tlb "x64\Release\KeywordDetectorContosoAdapter.tlb" /target "NT60" KeywordDetectorContosoAdapter.idl 
  64 bit Processing .\KeywordDetectorContosoAdapter.idl
  KeywordDetectorContosoAdapter.idl
  64 bit Processing C:\Program Files (x86)\Windows Kits\10\Include\10.0.26100.0\um\oaidl.idl
  oaidl.idl
  64 bit Processing C:\Program Files (x86)\Windows Kits\10\Include\10.0.26100.0\um\objidl.idl
  objidl.idl
  64 bit Processing C:\Program Files (x86)\Windows Kits\10\Include\10.0.26100.0\um\unknwn.idl
  unknwn.idl
  64 bit Processing C:\Program Files (x86)\Windows Kits\10\Include\10.0.26100.0\shared\wtypes.idl
  wtypes.idl
  64 bit Processing C:\Program Files (x86)\Windows Kits\10\Include\10.0.26100.0\shared\wtypesbase.idl
  wtypesbase.idl
  64 bit Processing C:\Program Files (x86)\Windows Kits\10\Include\10.0.26100.0\shared\basetsd.h
  basetsd.h
  64 bit Processing C:\Program Files (x86)\Windows Kits\10\Include\10.0.26100.0\shared\guiddef.h
  guiddef.h
  64 bit Processing C:\Program Files (x86)\Windows Kits\10\Include\10.0.26100.0\um\ocidl.idl
  ocidl.idl
  64 bit Processing C:\Program Files (x86)\Windows Kits\10\Include\10.0.26100.0\um\oleidl.idl
  oleidl.idl
  64 bit Processing C:\Program Files (x86)\Windows Kits\10\Include\10.0.26100.0\um\servprov.idl
  servprov.idl
  64 bit Processing C:\Program Files (x86)\Windows Kits\10\Include\10.0.26100.0\um\urlmon.idl
  urlmon.idl
  64 bit Processing C:\Program Files (x86)\Windows Kits\10\Include\10.0.26100.0\um\msxml.idl
  msxml.idl
midl : command line error MIDL1001: cannot open input file KeywordDetectorOemAdapter.idl [Z:\windows-driver\lampyris-sysvad\KeywordDetectorAdapter\KeywordDetectorContosoAdapter.vcxproj]
Done Building Project "Z:\windows-driver\lampyris-sysvad\KeywordDetectorAdapter\KeywordDetectorContosoAdapter.vcxproj" (Rebuild target(s)) -- FAILED.

Project "Z:\windows-driver\lampyris-sysvad\sysvad.sln" (1) is building "Z:\windows-driver\lampyris-sysvad\APO\DelayAPO\DelayAPO.vcxproj" (7) on node 1 (Rebuild target(s)).
_PrepareForClean:
  Deleting file "x64\Release\DelayAPO.tlog\DelayAPO.lastbuildstate".
PrepareForBuild:
  Structured output is enabled. The formatting of compiler diagnostics will reflect the error hierarchy. See https://aka.ms/cpp/structured-output for more details.
InitializeBuildStatus:
  Touching "x64\Release\DelayAPO.tlog\unsuccessfulbuild".
Midl:
  C:\Program Files (x86)\Windows Kits\10\bin\10.0.26100.0\x64\midl.exe /D _WINDLL /D _USRDLL /D UNICODE /D _UNICODE /I..\inc /I..\..\ /W1 /nologo /char signed /env x64 /h "DelayAPODll_h.h" /tlb "x64\Release\DelayAPO.tlb" /target "NT60" DelayAPODll.idl 
  64 bit Processing .\DelayAPODll.idl
  DelayAPODll.idl
  64 bit Processing C:\Program Files (x86)\Windows Kits\10\Include\10.0.26100.0\um\oaidl.idl
  oaidl.idl
  64 bit Processing C:\Program Files (x86)\Windows Kits\10\Include\10.0.26100.0\um\objidl.idl
  objidl.idl
  64 bit Processing C:\Program Files (x86)\Windows Kits\10\Include\10.0.26100.0\um\unknwn.idl
  unknwn.idl
  64 bit Processing C:\Program Files (x86)\Windows Kits\10\Include\10.0.26100.0\shared\wtypes.idl
  wtypes.idl
  64 bit Processing C:\Program Files (x86)\Windows Kits\10\Include\10.0.26100.0\shared\wtypesbase.idl
  wtypesbase.idl
  64 bit Processing C:\Program Files (x86)\Windows Kits\10\Include\10.0.26100.0\shared\basetsd.h
  basetsd.h
  64 bit Processing C:\Program Files (x86)\Windows Kits\10\Include\10.0.26100.0\shared\guiddef.h
  guiddef.h
  64 bit Processing C:\Program Files (x86)\Windows Kits\10\Include\10.0.26100.0\um\ocidl.idl
  ocidl.idl
  64 bit Processing C:\Program Files (x86)\Windows Kits\10\Include\10.0.26100.0\um\oleidl.idl
  oleidl.idl
  64 bit Processing C:\Program Files (x86)\Windows Kits\10\Include\10.0.26100.0\um\servprov.idl
  servprov.idl
  64 bit Processing C:\Program Files (x86)\Windows Kits\10\Include\10.0.26100.0\um\urlmon.idl
  urlmon.idl
  64 bit Processing C:\Program Files (x86)\Windows Kits\10\Include\10.0.26100.0\um\msxml.idl
  msxml.idl
  64 bit Processing .\DelayAPOInterface.idl
  DelayAPOInterface.idl
  64 bit Processing C:\Program Files (x86)\Windows Kits\10\Include\10.0.26100.0\um\audioenginebaseapo.idl
  audioenginebaseapo.idl
  64 bit Processing C:\Program Files (x86)\Windows Kits\10\Include\10.0.26100.0\um\mmdeviceapi.idl
  mmdeviceapi.idl
  64 bit Processing C:\Program Files (x86)\Windows Kits\10\Include\10.0.26100.0\um\propsys.idl
  propsys.idl
  64 bit Processing C:\Program Files (x86)\Windows Kits\10\Include\10.0.26100.0\um\shtypes.idl
  shtypes.idl
  64 bit Processing C:\Program Files (x86)\Windows Kits\10\Include\10.0.26100.0\um\StructuredQueryCondition.idl
  StructuredQueryCondition.idl
  64 bit Processing C:\Program Files (x86)\Windows Kits\10\Include\10.0.26100.0\um\propidl.idl
  propidl.idl
  64 bit Processing C:\Program Files (x86)\Windows Kits\10\Include\10.0.26100.0\um\audiomediatype.idl
  audiomediatype.idl
  64 bit Processing C:\Program Files (x86)\Windows Kits\10\Include\10.0.26100.0\shared\mmreg.h
  mmreg.h
  64 bit Processing C:\Program Files (x86)\Windows Kits\10\Include\10.0.26100.0\um\AudioAPOTypes.h
  AudioAPOTypes.h
  64 bit Processing C:\Program Files (x86)\Windows Kits\10\Include\10.0.26100.0\um\oaidl.acf
  oaidl.acf
  64 bit Processing C:\Program Files (x86)\Windows Kits\10\Include\10.0.26100.0\um\ocidl.acf
  ocidl.acf
  C:\Program Files (x86)\Windows Kits\10\bin\10.0.26100.0\x64\midl.exe /D _WINDLL /D _USRDLL /D UNICODE /D _UNICODE /I..\inc /I..\..\ /W1 /nologo /char signed /env x64 /h "DelayAPOInterface_h.h" /tlb "x64\Release\DelayAPO.tlb" /target "NT60" DelayAPOInterface.idl 
  64 bit Processing .\DelayAPOInterface.idl
  DelayAPOInterface.idl
  64 bit Processing C:\Program Files (x86)\Windows Kits\10\Include\10.0.26100.0\um\oaidl.idl
  oaidl.idl
  64 bit Processing C:\Program Files (x86)\Windows Kits\10\Include\10.0.26100.0\um\objidl.idl
  objidl.idl
  64 bit Processing C:\Program Files (x86)\Windows Kits\10\Include\10.0.26100.0\um\unknwn.idl
  unknwn.idl
  64 bit Processing C:\Program Files (x86)\Windows Kits\10\Include\10.0.26100.0\shared\wtypes.idl
  wtypes.idl
  64 bit Processing C:\Program Files (x86)\Windows Kits\10\Include\10.0.26100.0\shared\wtypesbase.idl
  wtypesbase.idl
  64 bit Processing C:\Program Files (x86)\Windows Kits\10\Include\10.0.26100.0\shared\basetsd.h
  basetsd.h
  64 bit Processing C:\Program Files (x86)\Windows Kits\10\Include\10.0.26100.0\shared\guiddef.h
  guiddef.h
  64 bit Processing C:\Program Files (x86)\Windows Kits\10\Include\10.0.26100.0\um\ocidl.idl
  ocidl.idl
  64 bit Processing C:\Program Files (x86)\Windows Kits\10\Include\10.0.26100.0\um\oleidl.idl
  oleidl.idl
  64 bit Processing C:\Program Files (x86)\Windows Kits\10\Include\10.0.26100.0\um\servprov.idl
  servprov.idl
  64 bit Processing C:\Program Files (x86)\Windows Kits\10\Include\10.0.26100.0\um\urlmon.idl
  urlmon.idl
  64 bit Processing C:\Program Files (x86)\Windows Kits\10\Include\10.0.26100.0\um\msxml.idl
  msxml.idl
  64 bit Processing C:\Program Files (x86)\Windows Kits\10\Include\10.0.26100.0\um\audioenginebaseapo.idl
  audioenginebaseapo.idl
  64 bit Processing C:\Program Files (x86)\Windows Kits\10\Include\10.0.26100.0\um\mmdeviceapi.idl
  mmdeviceapi.idl
  64 bit Processing C:\Program Files (x86)\Windows Kits\10\Include\10.0.26100.0\um\propsys.idl
  propsys.idl
  64 bit Processing C:\Program Files (x86)\Windows Kits\10\Include\10.0.26100.0\um\shtypes.idl
  shtypes.idl
  64 bit Processing C:\Program Files (x86)\Windows Kits\10\Include\10.0.26100.0\um\StructuredQueryCondition.idl
  StructuredQueryCondition.idl
  64 bit Processing C:\Program Files (x86)\Windows Kits\10\Include\10.0.26100.0\um\propidl.idl
  propidl.idl
  64 bit Processing C:\Program Files (x86)\Windows Kits\10\Include\10.0.26100.0\um\audiomediatype.idl
  audiomediatype.idl
  64 bit Processing C:\Program Files (x86)\Windows Kits\10\Include\10.0.26100.0\shared\mmreg.h
  mmreg.h
  64 bit Processing C:\Program Files (x86)\Windows Kits\10\Include\10.0.26100.0\um\AudioAPOTypes.h
  AudioAPOTypes.h
  64 bit Processing C:\Program Files (x86)\Windows Kits\10\Include\10.0.26100.0\um\oaidl.acf
  oaidl.acf
  64 bit Processing C:\Program Files (x86)\Windows Kits\10\Include\10.0.26100.0\um\ocidl.acf
  ocidl.acf
ClCompile:
  C:\Program Files\Microsoft Visual Studio\2022\Community\VC\Tools\MSVC\14.44.35207\bin\HostX64\x64\CL.exe /c /I..\inc /I..\..\ /I. /Zi /nologo /W4 /WX /diagnostics:column /O2 /D _WINDLL /D _WINDLL /D _USRDLL /D UNICODE /D _UNICODE /Gm- /GS /fp:precise /Zc:wchar_t /Zc:forScope /Zc:inline /std:c++17 /Fo"x64\Release\\" /Fd"x64\Release\vc143.pdb" /external:W4 /Gd /TP /FC /errorReport:queue Delay.cpp DelayAPODll.cpp DelayAPOMFX.cpp DelayAPOSFX.cpp
  Delay.cpp
  DelayAPODll.cpp
Z:\windows-driver\lampyris-sysvad\APO\DelayAPO\DelayAPO.h(13,10): error C1083: Cannot open include file: 'DelayAPOInterface.h': No such file or directory [Z:\windows-driver\lampyris-sysvad\APO\DelayAPO\DelayAPO.vcxproj]
  (compiling source file 'Delay.cpp')
  
Z:\windows-driver\lampyris-sysvad\APO\DelayAPO\DelayAPODll.cpp(17,10): error C1083: Cannot open include file: 'DelayAPODll.h': No such file or directory [Z:\windows-driver\lampyris-sysvad\APO\DelayAPO\DelayAPO.vcxproj]
  DelayAPOMFX.cpp
Z:\windows-driver\lampyris-sysvad\APO\DelayAPO\DelayAPO.h(13,10): error C1083: Cannot open include file: 'DelayAPOInterface.h': No such file or directory [Z:\windows-driver\lampyris-sysvad\APO\DelayAPO\DelayAPO.vcxproj]
  (compiling source file 'DelayAPOMFX.cpp')
  
  DelayAPOSFX.cpp
Z:\windows-driver\lampyris-sysvad\APO\DelayAPO\DelayAPO.h(13,10): error C1083: Cannot open include file: 'DelayAPOInterface.h': No such file or directory [Z:\windows-driver\lampyris-sysvad\APO\DelayAPO\DelayAPO.vcxproj]
  (compiling source file 'DelayAPOSFX.cpp')
  
  Generating Code...
Done Building Project "Z:\windows-driver\lampyris-sysvad\APO\DelayAPO\DelayAPO.vcxproj" (Rebuild target(s)) -- FAILED.

Project "Z:\windows-driver\lampyris-sysvad\sysvad.sln" (1) is building "Z:\windows-driver\lampyris-sysvad\APO\SwapAPO\SwapAPO.vcxproj" (8) on node 1 (Rebuild target(s)).
_PrepareForClean:
  Deleting file "x64\Release\SwapAPO.tlog\SwapAPO.lastbuildstate".
PrepareForBuild:
  Structured output is enabled. The formatting of compiler diagnostics will reflect the error hierarchy. See https://aka.ms/cpp/structured-output for more details.
InitializeBuildStatus:
  Touching "x64\Release\SwapAPO.tlog\unsuccessfulbuild".
Midl:
  C:\Program Files (x86)\Windows Kits\10\bin\10.0.26100.0\x64\midl.exe /D _WINDLL /D _USRDLL /D UNICODE /D _UNICODE /I..\inc /I..\..\ /W1 /nologo /char signed /env x64 /h "SwapAPODll_h.h" /tlb "x64\Release\SwapAPO.tlb" /target "NT60" SwapAPODll.idl 
  64 bit Processing .\SwapAPODll.idl
  SwapAPODll.idl
  64 bit Processing C:\Program Files (x86)\Windows Kits\10\Include\10.0.26100.0\um\oaidl.idl
  oaidl.idl
  64 bit Processing C:\Program Files (x86)\Windows Kits\10\Include\10.0.26100.0\um\objidl.idl
  objidl.idl
  64 bit Processing C:\Program Files (x86)\Windows Kits\10\Include\10.0.26100.0\um\unknwn.idl
  unknwn.idl
  64 bit Processing C:\Program Files (x86)\Windows Kits\10\Include\10.0.26100.0\shared\wtypes.idl
  wtypes.idl
  64 bit Processing C:\Program Files (x86)\Windows Kits\10\Include\10.0.26100.0\shared\wtypesbase.idl
  wtypesbase.idl
  64 bit Processing C:\Program Files (x86)\Windows Kits\10\Include\10.0.26100.0\shared\basetsd.h
  basetsd.h
  64 bit Processing C:\Program Files (x86)\Windows Kits\10\Include\10.0.26100.0\shared\guiddef.h
  guiddef.h
  64 bit Processing C:\Program Files (x86)\Windows Kits\10\Include\10.0.26100.0\um\ocidl.idl
  ocidl.idl
  64 bit Processing C:\Program Files (x86)\Windows Kits\10\Include\10.0.26100.0\um\oleidl.idl
  oleidl.idl
  64 bit Processing C:\Program Files (x86)\Windows Kits\10\Include\10.0.26100.0\um\servprov.idl
  servprov.idl
  64 bit Processing C:\Program Files (x86)\Windows Kits\10\Include\10.0.26100.0\um\urlmon.idl
  urlmon.idl
  64 bit Processing C:\Program Files (x86)\Windows Kits\10\Include\10.0.26100.0\um\msxml.idl
  msxml.idl
  64 bit Processing .\SwapAPOInterface.idl
  SwapAPOInterface.idl
  64 bit Processing C:\Program Files (x86)\Windows Kits\10\Include\10.0.26100.0\um\audioenginebaseapo.idl
  audioenginebaseapo.idl
  64 bit Processing C:\Program Files (x86)\Windows Kits\10\Include\10.0.26100.0\um\mmdeviceapi.idl
  mmdeviceapi.idl
  64 bit Processing C:\Program Files (x86)\Windows Kits\10\Include\10.0.26100.0\um\propsys.idl
  propsys.idl
  64 bit Processing C:\Program Files (x86)\Windows Kits\10\Include\10.0.26100.0\um\shtypes.idl
  shtypes.idl
  64 bit Processing C:\Program Files (x86)\Windows Kits\10\Include\10.0.26100.0\um\StructuredQueryCondition.idl
  StructuredQueryCondition.idl
  64 bit Processing C:\Program Files (x86)\Windows Kits\10\Include\10.0.26100.0\um\propidl.idl
  propidl.idl
  64 bit Processing C:\Program Files (x86)\Windows Kits\10\Include\10.0.26100.0\um\audiomediatype.idl
  audiomediatype.idl
  64 bit Processing C:\Program Files (x86)\Windows Kits\10\Include\10.0.26100.0\shared\mmreg.h
  mmreg.h
  64 bit Processing C:\Program Files (x86)\Windows Kits\10\Include\10.0.26100.0\um\AudioAPOTypes.h
  AudioAPOTypes.h
  64 bit Processing C:\Program Files (x86)\Windows Kits\10\Include\10.0.26100.0\um\oaidl.acf
  oaidl.acf
  64 bit Processing C:\Program Files (x86)\Windows Kits\10\Include\10.0.26100.0\um\ocidl.acf
  ocidl.acf
  C:\Program Files (x86)\Windows Kits\10\bin\10.0.26100.0\x64\midl.exe /D _WINDLL /D _USRDLL /D UNICODE /D _UNICODE /I..\inc /I..\..\ /W1 /nologo /char signed /env x64 /h "SwapAPOInterface_h.h" /tlb "x64\Release\SwapAPO.tlb" /target "NT60" SwapAPOInterface.idl 
  64 bit Processing .\SwapAPOInterface.idl
  SwapAPOInterface.idl
  64 bit Processing C:\Program Files (x86)\Windows Kits\10\Include\10.0.26100.0\um\oaidl.idl
  oaidl.idl
  64 bit Processing C:\Program Files (x86)\Windows Kits\10\Include\10.0.26100.0\um\objidl.idl
  objidl.idl
  64 bit Processing C:\Program Files (x86)\Windows Kits\10\Include\10.0.26100.0\um\unknwn.idl
  unknwn.idl
  64 bit Processing C:\Program Files (x86)\Windows Kits\10\Include\10.0.26100.0\shared\wtypes.idl
  wtypes.idl
  64 bit Processing C:\Program Files (x86)\Windows Kits\10\Include\10.0.26100.0\shared\wtypesbase.idl
  wtypesbase.idl
  64 bit Processing C:\Program Files (x86)\Windows Kits\10\Include\10.0.26100.0\shared\basetsd.h
  basetsd.h
  64 bit Processing C:\Program Files (x86)\Windows Kits\10\Include\10.0.26100.0\shared\guiddef.h
  guiddef.h
  64 bit Processing C:\Program Files (x86)\Windows Kits\10\Include\10.0.26100.0\um\ocidl.idl
  ocidl.idl
  64 bit Processing C:\Program Files (x86)\Windows Kits\10\Include\10.0.26100.0\um\oleidl.idl
  oleidl.idl
  64 bit Processing C:\Program Files (x86)\Windows Kits\10\Include\10.0.26100.0\um\servprov.idl
  servprov.idl
  64 bit Processing C:\Program Files (x86)\Windows Kits\10\Include\10.0.26100.0\um\urlmon.idl
  urlmon.idl
  64 bit Processing C:\Program Files (x86)\Windows Kits\10\Include\10.0.26100.0\um\msxml.idl
  msxml.idl
  64 bit Processing C:\Program Files (x86)\Windows Kits\10\Include\10.0.26100.0\um\audioenginebaseapo.idl
  audioenginebaseapo.idl
  64 bit Processing C:\Program Files (x86)\Windows Kits\10\Include\10.0.26100.0\um\mmdeviceapi.idl
  mmdeviceapi.idl
  64 bit Processing C:\Program Files (x86)\Windows Kits\10\Include\10.0.26100.0\um\propsys.idl
  propsys.idl
  64 bit Processing C:\Program Files (x86)\Windows Kits\10\Include\10.0.26100.0\um\shtypes.idl
  shtypes.idl
  64 bit Processing C:\Program Files (x86)\Windows Kits\10\Include\10.0.26100.0\um\StructuredQueryCondition.idl
  StructuredQueryCondition.idl
  64 bit Processing C:\Program Files (x86)\Windows Kits\10\Include\10.0.26100.0\um\propidl.idl
  propidl.idl
  64 bit Processing C:\Program Files (x86)\Windows Kits\10\Include\10.0.26100.0\um\audiomediatype.idl
  audiomediatype.idl
  64 bit Processing C:\Program Files (x86)\Windows Kits\10\Include\10.0.26100.0\shared\mmreg.h
  mmreg.h
  64 bit Processing C:\Program Files (x86)\Windows Kits\10\Include\10.0.26100.0\um\AudioAPOTypes.h
  AudioAPOTypes.h
  64 bit Processing C:\Program Files (x86)\Windows Kits\10\Include\10.0.26100.0\um\oaidl.acf
  oaidl.acf
  64 bit Processing C:\Program Files (x86)\Windows Kits\10\Include\10.0.26100.0\um\ocidl.acf
  ocidl.acf
ClCompile:
  C:\Program Files\Microsoft Visual Studio\2022\Community\VC\Tools\MSVC\14.44.35207\bin\HostX64\x64\CL.exe /c /I..\inc /I..\..\ /I. /I..\..\..\..\wil\include /Zi /nologo /W4 /WX /diagnostics:column /O2 /D _WINDLL /D _WINDLL /D _USRDLL /D UNICODE /D _UNICODE /Gm- /GS /fp:precise /Zc:wchar_t /Zc:forScope /Zc:inline /std:c++17 /Fo"x64\Release\\" /Fd"x64\Release\vc143.pdb" /external:W4 /Gd /TP /FC /errorReport:queue Swap.cpp SwapAPODll.cpp SwapAPOMFX.cpp SwapAPOSFX.cpp
  Swap.cpp
Z:\windows-driver\lampyris-sysvad\APO\SwapAPO\SwapAPO.h(14,10): error C1083: Cannot open include file: 'SwapAPOInterface.h': No such file or directory [Z:\windows-driver\lampyris-sysvad\APO\SwapAPO\SwapAPO.vcxproj]
  (compiling source file 'Swap.cpp')
  
  SwapAPODll.cpp
Z:\windows-driver\lampyris-sysvad\APO\SwapAPO\SwapAPODll.cpp(17,10): error C1083: Cannot open include file: 'SwapAPODll.h': No such file or directory [Z:\windows-driver\lampyris-sysvad\APO\SwapAPO\SwapAPO.vcxproj]
  SwapAPOMFX.cpp
Z:\windows-driver\lampyris-sysvad\APO\SwapAPO\SwapAPO.h(14,10): error C1083: Cannot open include file: 'SwapAPOInterface.h': No such file or directory [Z:\windows-driver\lampyris-sysvad\APO\SwapAPO\SwapAPO.vcxproj]
  (compiling source file 'SwapAPOMFX.cpp')
  
  SwapAPOSFX.cpp
Z:\windows-driver\lampyris-sysvad\APO\SwapAPO\SwapAPO.h(14,10): error C1083: Cannot open include file: 'SwapAPOInterface.h': No such file or directory [Z:\windows-driver\lampyris-sysvad\APO\SwapAPO\SwapAPO.vcxproj]
  (compiling source file 'SwapAPOSFX.cpp')
  
  Generating Code...
Done Building Project "Z:\windows-driver\lampyris-sysvad\APO\SwapAPO\SwapAPO.vcxproj" (Rebuild target(s)) -- FAILED.

Project "Z:\windows-driver\lampyris-sysvad\sysvad.sln" (1) is building "Z:\windows-driver\lampyris-sysvad\APO\KWSApo\KwsAPO.vcxproj" (9) on node 1 (Rebuild target(s)).
_PrepareForClean:
  Deleting file "x64\Release\KwsAPO.tlog\KwsAPO.lastbuildstate".
PrepareForBuild:
  Structured output is enabled. The formatting of compiler diagnostics will reflect the error hierarchy. See https://aka.ms/cpp/structured-output for more details.
InitializeBuildStatus:
  Touching "x64\Release\KwsAPO.tlog\unsuccessfulbuild".
Midl:
  C:\Program Files (x86)\Windows Kits\10\bin\10.0.26100.0\x64\midl.exe /D _WINDLL /D _USRDLL /D UNICODE /D _UNICODE /I..\inc /I..\..\ /W1 /nologo /char signed /env x64 /h "KWSApoDll_h.h" /tlb "x64\Release\KwsAPO.tlb" /target "NT60" KWSApoDll.idl 
  64 bit Processing .\KWSApoDll.idl
  KWSApoDll.idl
  64 bit Processing C:\Program Files (x86)\Windows Kits\10\Include\10.0.26100.0\um\oaidl.idl
  oaidl.idl
  64 bit Processing C:\Program Files (x86)\Windows Kits\10\Include\10.0.26100.0\um\objidl.idl
  objidl.idl
  64 bit Processing C:\Program Files (x86)\Windows Kits\10\Include\10.0.26100.0\um\unknwn.idl
  unknwn.idl
  64 bit Processing C:\Program Files (x86)\Windows Kits\10\Include\10.0.26100.0\shared\wtypes.idl
  wtypes.idl
  64 bit Processing C:\Program Files (x86)\Windows Kits\10\Include\10.0.26100.0\shared\wtypesbase.idl
  wtypesbase.idl
  64 bit Processing C:\Program Files (x86)\Windows Kits\10\Include\10.0.26100.0\shared\basetsd.h
  basetsd.h
  64 bit Processing C:\Program Files (x86)\Windows Kits\10\Include\10.0.26100.0\shared\guiddef.h
  guiddef.h
  64 bit Processing C:\Program Files (x86)\Windows Kits\10\Include\10.0.26100.0\um\ocidl.idl
  ocidl.idl
  64 bit Processing C:\Program Files (x86)\Windows Kits\10\Include\10.0.26100.0\um\oleidl.idl
  oleidl.idl
  64 bit Processing C:\Program Files (x86)\Windows Kits\10\Include\10.0.26100.0\um\servprov.idl
  servprov.idl
  64 bit Processing C:\Program Files (x86)\Windows Kits\10\Include\10.0.26100.0\um\urlmon.idl
  urlmon.idl
  64 bit Processing C:\Program Files (x86)\Windows Kits\10\Include\10.0.26100.0\um\msxml.idl
  msxml.idl
  64 bit Processing .\KWSApoInterface.idl
  KWSApoInterface.idl
  64 bit Processing C:\Program Files (x86)\Windows Kits\10\Include\10.0.26100.0\um\audioenginebaseapo.idl
  audioenginebaseapo.idl
  64 bit Processing C:\Program Files (x86)\Windows Kits\10\Include\10.0.26100.0\um\mmdeviceapi.idl
  mmdeviceapi.idl
  64 bit Processing C:\Program Files (x86)\Windows Kits\10\Include\10.0.26100.0\um\propsys.idl
  propsys.idl
  64 bit Processing C:\Program Files (x86)\Windows Kits\10\Include\10.0.26100.0\um\shtypes.idl
  shtypes.idl
  64 bit Processing C:\Program Files (x86)\Windows Kits\10\Include\10.0.26100.0\um\StructuredQueryCondition.idl
  StructuredQueryCondition.idl
  64 bit Processing C:\Program Files (x86)\Windows Kits\10\Include\10.0.26100.0\um\propidl.idl
  propidl.idl
  64 bit Processing C:\Program Files (x86)\Windows Kits\10\Include\10.0.26100.0\um\audiomediatype.idl
  audiomediatype.idl
  64 bit Processing C:\Program Files (x86)\Windows Kits\10\Include\10.0.26100.0\shared\mmreg.h
  mmreg.h
  64 bit Processing C:\Program Files (x86)\Windows Kits\10\Include\10.0.26100.0\um\AudioAPOTypes.h
  AudioAPOTypes.h
  64 bit Processing C:\Program Files (x86)\Windows Kits\10\Include\10.0.26100.0\um\oaidl.acf
  oaidl.acf
  64 bit Processing C:\Program Files (x86)\Windows Kits\10\Include\10.0.26100.0\um\ocidl.acf
  ocidl.acf
  C:\Program Files (x86)\Windows Kits\10\bin\10.0.26100.0\x64\midl.exe /D _WINDLL /D _USRDLL /D UNICODE /D _UNICODE /I..\inc /I..\..\ /W1 /nologo /char signed /env x64 /h "KWSApoInterface_h.h" /tlb "x64\Release\KwsAPO.tlb" /target "NT60" KWSApoInterface.idl 
  64 bit Processing .\KWSApoInterface.idl
  KWSApoInterface.idl
  64 bit Processing C:\Program Files (x86)\Windows Kits\10\Include\10.0.26100.0\um\oaidl.idl
  oaidl.idl
  64 bit Processing C:\Program Files (x86)\Windows Kits\10\Include\10.0.26100.0\um\objidl.idl
  objidl.idl
  64 bit Processing C:\Program Files (x86)\Windows Kits\10\Include\10.0.26100.0\um\unknwn.idl
  unknwn.idl
  64 bit Processing C:\Program Files (x86)\Windows Kits\10\Include\10.0.26100.0\shared\wtypes.idl
  wtypes.idl
  64 bit Processing C:\Program Files (x86)\Windows Kits\10\Include\10.0.26100.0\shared\wtypesbase.idl
  wtypesbase.idl
  64 bit Processing C:\Program Files (x86)\Windows Kits\10\Include\10.0.26100.0\shared\basetsd.h
  basetsd.h
  64 bit Processing C:\Program Files (x86)\Windows Kits\10\Include\10.0.26100.0\shared\guiddef.h
  guiddef.h
  64 bit Processing C:\Program Files (x86)\Windows Kits\10\Include\10.0.26100.0\um\ocidl.idl
  ocidl.idl
  64 bit Processing C:\Program Files (x86)\Windows Kits\10\Include\10.0.26100.0\um\oleidl.idl
  oleidl.idl
  64 bit Processing C:\Program Files (x86)\Windows Kits\10\Include\10.0.26100.0\um\servprov.idl
  servprov.idl
  64 bit Processing C:\Program Files (x86)\Windows Kits\10\Include\10.0.26100.0\um\urlmon.idl
  urlmon.idl
  64 bit Processing C:\Program Files (x86)\Windows Kits\10\Include\10.0.26100.0\um\msxml.idl
  msxml.idl
  64 bit Processing C:\Program Files (x86)\Windows Kits\10\Include\10.0.26100.0\um\audioenginebaseapo.idl
  audioenginebaseapo.idl
  64 bit Processing C:\Program Files (x86)\Windows Kits\10\Include\10.0.26100.0\um\mmdeviceapi.idl
  mmdeviceapi.idl
  64 bit Processing C:\Program Files (x86)\Windows Kits\10\Include\10.0.26100.0\um\propsys.idl
  propsys.idl
  64 bit Processing C:\Program Files (x86)\Windows Kits\10\Include\10.0.26100.0\um\shtypes.idl
  shtypes.idl
  64 bit Processing C:\Program Files (x86)\Windows Kits\10\Include\10.0.26100.0\um\StructuredQueryCondition.idl
  StructuredQueryCondition.idl
  64 bit Processing C:\Program Files (x86)\Windows Kits\10\Include\10.0.26100.0\um\propidl.idl
  propidl.idl
  64 bit Processing C:\Program Files (x86)\Windows Kits\10\Include\10.0.26100.0\um\audiomediatype.idl
  audiomediatype.idl
  64 bit Processing C:\Program Files (x86)\Windows Kits\10\Include\10.0.26100.0\shared\mmreg.h
  mmreg.h
  64 bit Processing C:\Program Files (x86)\Windows Kits\10\Include\10.0.26100.0\um\AudioAPOTypes.h
  AudioAPOTypes.h
  64 bit Processing C:\Program Files (x86)\Windows Kits\10\Include\10.0.26100.0\um\oaidl.acf
  oaidl.acf
  64 bit Processing C:\Program Files (x86)\Windows Kits\10\Include\10.0.26100.0\um\ocidl.acf
  ocidl.acf
ClCompile:
  C:\Program Files\Microsoft Visual Studio\2022\Community\VC\Tools\MSVC\14.44.35207\bin\HostX64\x64\CL.exe /c /I..\inc /I..\..\ /I. /I..\..\..\..\wil\include /Zi /nologo /W4 /WX /diagnostics:column /O2 /D _WINDLL /D _WINDLL /D _USRDLL /D UNICODE /D _UNICODE /Gm- /GS /fp:precise /Zc:wchar_t /Zc:forScope /Zc:inline /std:c++17 /Fo"x64\Release\\" /Fd"x64\Release\vc143.pdb" /external:W4 /Gd /TP /FC /errorReport:queue KWSApo.cpp KWSApoDll.cpp KWSApoEFX.cpp
  KWSApo.cpp
Z:\windows-driver\lampyris-sysvad\APO\KWSApo\KWSApo.h(13,10): error C1083: Cannot open include file: 'KWSApoInterface.h': No such file or directory [Z:\windows-driver\lampyris-sysvad\APO\KWSApo\KwsAPO.vcxproj]
  (compiling source file 'KWSApo.cpp')
  
  KWSApoDll.cpp
Z:\windows-driver\lampyris-sysvad\APO\KWSApo\KWSApoDll.cpp(17,10): error C1083: Cannot open include file: 'KWSApoDll.h': No such file or directory [Z:\windows-driver\lampyris-sysvad\APO\KWSApo\KwsAPO.vcxproj]
  KWSApoEFX.cpp
Z:\windows-driver\lampyris-sysvad\APO\KWSApo\KWSApo.h(13,10): error C1083: Cannot open include file: 'KWSApoInterface.h': No such file or directory [Z:\windows-driver\lampyris-sysvad\APO\KWSApo\KwsAPO.vcxproj]
  (compiling source file 'KWSApoEFX.cpp')
  
  Generating Code...
Done Building Project "Z:\windows-driver\lampyris-sysvad\APO\KWSApo\KwsAPO.vcxproj" (Rebuild target(s)) -- FAILED.

Project "Z:\windows-driver\lampyris-sysvad\sysvad.sln" (1) is building "Z:\windows-driver\lampyris-sysvad\APO\AecApo\AecAPO.vcxproj" (10) on node 1 (Rebuild target(s)).
_PrepareForClean:
  Deleting file "x64\Release\AecAPO.tlog\AecAPO.lastbuildstate".
PrepareForBuild:
  Structured output is enabled. The formatting of compiler diagnostics will reflect the error hierarchy. See https://aka.ms/cpp/structured-output for more details.
InitializeBuildStatus:
  Touching "x64\Release\AecAPO.tlog\unsuccessfulbuild".
Midl:
  C:\Program Files (x86)\Windows Kits\10\bin\10.0.26100.0\x64\midl.exe /D _WINDLL /D _USRDLL /D UNICODE /D _UNICODE /I..\inc /I..\..\ /W1 /nologo /char signed /env x64 /h "AecApoDll_h.h" /tlb "x64\Release\AecAPO.tlb" /target "NT60" AecApoDll.idl 
  64 bit Processing .\AecApoDll.idl
  AecApoDll.idl
  64 bit Processing C:\Program Files (x86)\Windows Kits\10\Include\10.0.26100.0\um\oaidl.idl
  oaidl.idl
  64 bit Processing C:\Program Files (x86)\Windows Kits\10\Include\10.0.26100.0\um\objidl.idl
  objidl.idl
  64 bit Processing C:\Program Files (x86)\Windows Kits\10\Include\10.0.26100.0\um\unknwn.idl
  unknwn.idl
  64 bit Processing C:\Program Files (x86)\Windows Kits\10\Include\10.0.26100.0\shared\wtypes.idl
  wtypes.idl
  64 bit Processing C:\Program Files (x86)\Windows Kits\10\Include\10.0.26100.0\shared\wtypesbase.idl
  wtypesbase.idl
  64 bit Processing C:\Program Files (x86)\Windows Kits\10\Include\10.0.26100.0\shared\basetsd.h
  basetsd.h
  64 bit Processing C:\Program Files (x86)\Windows Kits\10\Include\10.0.26100.0\shared\guiddef.h
  guiddef.h
  64 bit Processing C:\Program Files (x86)\Windows Kits\10\Include\10.0.26100.0\um\ocidl.idl
  ocidl.idl
  64 bit Processing C:\Program Files (x86)\Windows Kits\10\Include\10.0.26100.0\um\oleidl.idl
  oleidl.idl
  64 bit Processing C:\Program Files (x86)\Windows Kits\10\Include\10.0.26100.0\um\servprov.idl
  servprov.idl
  64 bit Processing C:\Program Files (x86)\Windows Kits\10\Include\10.0.26100.0\um\urlmon.idl
  urlmon.idl
  64 bit Processing C:\Program Files (x86)\Windows Kits\10\Include\10.0.26100.0\um\msxml.idl
  msxml.idl
  64 bit Processing C:\Program Files (x86)\Windows Kits\10\Include\10.0.26100.0\um\audioenginebaseapo.idl
  audioenginebaseapo.idl
  64 bit Processing C:\Program Files (x86)\Windows Kits\10\Include\10.0.26100.0\um\mmdeviceapi.idl
  mmdeviceapi.idl
  64 bit Processing C:\Program Files (x86)\Windows Kits\10\Include\10.0.26100.0\um\propsys.idl
  propsys.idl
  64 bit Processing C:\Program Files (x86)\Windows Kits\10\Include\10.0.26100.0\um\shtypes.idl
  shtypes.idl
  64 bit Processing C:\Program Files (x86)\Windows Kits\10\Include\10.0.26100.0\um\StructuredQueryCondition.idl
  StructuredQueryCondition.idl
  64 bit Processing C:\Program Files (x86)\Windows Kits\10\Include\10.0.26100.0\um\propidl.idl
  propidl.idl
  64 bit Processing C:\Program Files (x86)\Windows Kits\10\Include\10.0.26100.0\um\audiomediatype.idl
  audiomediatype.idl
  64 bit Processing C:\Program Files (x86)\Windows Kits\10\Include\10.0.26100.0\shared\mmreg.h
  mmreg.h
  64 bit Processing C:\Program Files (x86)\Windows Kits\10\Include\10.0.26100.0\um\AudioAPOTypes.h
  AudioAPOTypes.h
  64 bit Processing C:\Program Files (x86)\Windows Kits\10\Include\10.0.26100.0\um\oaidl.acf
  oaidl.acf
  64 bit Processing C:\Program Files (x86)\Windows Kits\10\Include\10.0.26100.0\um\ocidl.acf
  ocidl.acf
ClCompile:
  C:\Program Files\Microsoft Visual Studio\2022\Community\VC\Tools\MSVC\14.44.35207\bin\HostX64\x64\CL.exe /c /I..\inc /I..\..\ /I. /I..\..\..\..\wil\include /Zi /nologo /W4 /WX /diagnostics:column /O2 /D _WINDLL /D _WINDLL /D _USRDLL /D UNICODE /D _UNICODE /Gm- /GS /fp:precise /Zc:wchar_t /Zc:forScope /Zc:inline /std:c++17 /Fo"x64\Release\\" /Fd"x64\Release\vc143.pdb" /external:W4 /Gd /TP /FC /errorReport:queue AecApoDll.cpp AecApoMFX.cpp
  AecApoDll.cpp
Z:\windows-driver\lampyris-sysvad\APO\AecApo\AecApoDll.cpp(17,10): error C1083: Cannot open include file: 'AecApoDll.h': No such file or directory [Z:\windows-driver\lampyris-sysvad\APO\AecApo\AecAPO.vcxproj]
  AecApoMFX.cpp
Z:\windows-driver\lampyris-sysvad\APO\AecApo\AecApo.h(13,10): error C1083: Cannot open include file: 'AecApoDll.h': No such file or directory [Z:\windows-driver\lampyris-sysvad\APO\AecApo\AecAPO.vcxproj]
  (compiling source file 'AecApoMFX.cpp')
  
  Generating Code...
Done Building Project "Z:\windows-driver\lampyris-sysvad\APO\AecApo\AecAPO.vcxproj" (Rebuild target(s)) -- FAILED.

Done Building Project "Z:\windows-driver\lampyris-sysvad\sysvad.sln" (Rebuild target(s)) -- FAILED.


Build FAILED.

"Z:\windows-driver\lampyris-sysvad\sysvad.sln" (Rebuild target) (1) ->
"Z:\windows-driver\lampyris-sysvad\Package\package.VcxProj" (Rebuild target) (2) ->
"Z:\windows-driver\lampyris-sysvad\TabletAudioSample\TabletAudioSample.vcxproj" (default target) (3:2) ->
(InfVerif target) -> 
  Z:\windows-driver\lampyris-sysvad\TabletAudioSample\ComponentizedAudioSample.inx(43-43): warning 2083: Section [keyworddetectorcontosoadapter.copylist] not referenced or used. [Z:\windows-driver\lampyris-sysvad\TabletAudioSample\TabletAudioSample.vcxproj]


"Z:\windows-driver\lampyris-sysvad\sysvad.sln" (Rebuild target) (1) ->
"Z:\windows-driver\lampyris-sysvad\KeywordDetectorAdapter\KeywordDetectorContosoAdapter.vcxproj" (Rebuild target) (5) ->
(Midl target) -> 
  midl : command line error MIDL1001: cannot open input file KeywordDetectorOemAdapter.idl [Z:\windows-driver\lampyris-sysvad\KeywordDetectorAdapter\KeywordDetectorContosoAdapter.vcxproj]


"Z:\windows-driver\lampyris-sysvad\sysvad.sln" (Rebuild target) (1) ->
"Z:\windows-driver\lampyris-sysvad\APO\DelayAPO\DelayAPO.vcxproj" (Rebuild target) (7) ->
(ClCompile target) -> 
  Z:\windows-driver\lampyris-sysvad\APO\DelayAPO\DelayAPO.h(13,10): error C1083: Cannot open include file: 'DelayAPOInterface.h': No such file or directory [Z:\windows-driver\lampyris-sysvad\APO\DelayAPO\DelayAPO.vcxproj]
  Z:\windows-driver\lampyris-sysvad\APO\DelayAPO\DelayAPODll.cpp(17,10): error C1083: Cannot open include file: 'DelayAPODll.h': No such file or directory [Z:\windows-driver\lampyris-sysvad\APO\DelayAPO\DelayAPO.vcxproj]
  Z:\windows-driver\lampyris-sysvad\APO\DelayAPO\DelayAPO.h(13,10): error C1083: Cannot open include file: 'DelayAPOInterface.h': No such file or directory [Z:\windows-driver\lampyris-sysvad\APO\DelayAPO\DelayAPO.vcxproj]
  Z:\windows-driver\lampyris-sysvad\APO\DelayAPO\DelayAPO.h(13,10): error C1083: Cannot open include file: 'DelayAPOInterface.h': No such file or directory [Z:\windows-driver\lampyris-sysvad\APO\DelayAPO\DelayAPO.vcxproj]


"Z:\windows-driver\lampyris-sysvad\sysvad.sln" (Rebuild target) (1) ->
"Z:\windows-driver\lampyris-sysvad\APO\SwapAPO\SwapAPO.vcxproj" (Rebuild target) (8) ->
  Z:\windows-driver\lampyris-sysvad\APO\SwapAPO\SwapAPO.h(14,10): error C1083: Cannot open include file: 'SwapAPOInterface.h': No such file or directory [Z:\windows-driver\lampyris-sysvad\APO\SwapAPO\SwapAPO.vcxproj]
  Z:\windows-driver\lampyris-sysvad\APO\SwapAPO\SwapAPODll.cpp(17,10): error C1083: Cannot open include file: 'SwapAPODll.h': No such file or directory [Z:\windows-driver\lampyris-sysvad\APO\SwapAPO\SwapAPO.vcxproj]
  Z:\windows-driver\lampyris-sysvad\APO\SwapAPO\SwapAPO.h(14,10): error C1083: Cannot open include file: 'SwapAPOInterface.h': No such file or directory [Z:\windows-driver\lampyris-sysvad\APO\SwapAPO\SwapAPO.vcxproj]
  Z:\windows-driver\lampyris-sysvad\APO\SwapAPO\SwapAPO.h(14,10): error C1083: Cannot open include file: 'SwapAPOInterface.h': No such file or directory [Z:\windows-driver\lampyris-sysvad\APO\SwapAPO\SwapAPO.vcxproj]


"Z:\windows-driver\lampyris-sysvad\sysvad.sln" (Rebuild target) (1) ->
"Z:\windows-driver\lampyris-sysvad\APO\KWSApo\KwsAPO.vcxproj" (Rebuild target) (9) ->
  Z:\windows-driver\lampyris-sysvad\APO\KWSApo\KWSApo.h(13,10): error C1083: Cannot open include file: 'KWSApoInterface.h': No such file or directory [Z:\windows-driver\lampyris-sysvad\APO\KWSApo\KwsAPO.vcxproj]
  Z:\windows-driver\lampyris-sysvad\APO\KWSApo\KWSApoDll.cpp(17,10): error C1083: Cannot open include file: 'KWSApoDll.h': No such file or directory [Z:\windows-driver\lampyris-sysvad\APO\KWSApo\KwsAPO.vcxproj]
  Z:\windows-driver\lampyris-sysvad\APO\KWSApo\KWSApo.h(13,10): error C1083: Cannot open include file: 'KWSApoInterface.h': No such file or directory [Z:\windows-driver\lampyris-sysvad\APO\KWSApo\KwsAPO.vcxproj]


"Z:\windows-driver\lampyris-sysvad\sysvad.sln" (Rebuild target) (1) ->
"Z:\windows-driver\lampyris-sysvad\APO\AecApo\AecAPO.vcxproj" (Rebuild target) (10) ->
  Z:\windows-driver\lampyris-sysvad\APO\AecApo\AecApoDll.cpp(17,10): error C1083: Cannot open include file: 'AecApoDll.h': No such file or directory [Z:\windows-driver\lampyris-sysvad\APO\AecApo\AecAPO.vcxproj]
  Z:\windows-driver\lampyris-sysvad\APO\AecApo\AecApo.h(13,10): error C1083: Cannot open include file: 'AecApoDll.h': No such file or directory [Z:\windows-driver\lampyris-sysvad\APO\AecApo\AecAPO.vcxproj]

    1 Warning(s)
    14 Error(s)

Time Elapsed 00:00:27.82
