00000072	23.92682266	System	[LAMPYRIS] PDF1 SET: Pin=1 ValSize=104 tag=0xFFFE ch=2 rate=48000 bits=16 cb=22	
00000073	23.92682838	System	[LAMPYRIS] IsFormatSupported: Pin=1 req 2ch/48000Hz/16bit/blk4 -> 0x0	
00000074	23.92683029	System	[LAMPYRIS] WaveFilterProp: set=0x8C134960 id=14 verb=0x2 -> 0x0	
00000075	23.92691231	System	[LAMPYRIS] PDF1 SET GUID-only: Pin=1 ValSize=64 FmtSize=64 Flags=0x28 Major=0x73647561 Sub=0x00000001 Spec=0x05589F81	
00000076	23.92691422	System	[LAMPYRIS] WaveFilterProp: set=0x8C134960 id=14 verb=0x2 -> 0x0	
00000077	23.92696571	System	[LAMPYRIS] PDF2 ENTER: Pin=1 Verb=0x200 InstSize=8 ValSize=4	
00000078	23.92696571	System	[LAMPYRIS] WaveFilterProp: set=0x8C134960 id=15 verb=0x200 -> 0x0	
00000079	23.92696953	System	[LAMPYRIS] PDF2 ENTER: Pin=1 Verb=0x1 InstSize=56 ValSize=0	
00000080	23.92697144	System	[LAMPYRIS] WaveFilterProp: set=0x8C134960 id=15 verb=0x1 -> 0x80000005	
00000081	23.92697525	System	[LAMPYRIS] PDF2 ENTER: Pin=1 Verb=0x1 InstSize=56 ValSize=152	
00000082	23.92698288	System	[LAMPYRIS] PDF2 EXIT: mode=0x9E90EA20 -> 0x0 (returned default fmt)	
00000083	23.92698479	System	[LAMPYRIS] WaveFilterProp: set=0x8C134960 id=15 verb=0x1 -> 0x0	
00000084	23.92701530	System	[LAMPYRIS] PDF1 SET: Pin=1 ValSize=104 tag=0xFFFE ch=2 rate=48000 bits=16 cb=22	
00000085	23.92701721	System	[LAMPYRIS] IsFormatSupported: Pin=1 req 2ch/48000Hz/16bit/blk4 -> 0x0	
00000086	23.92701912	System	[LAMPYRIS] WaveFilterProp: set=0x8C134960 id=14 verb=0x2 -> 0x0	
00000087	23.92743492	System	[LAMPYRIS] PDF2 ENTER: Pin=1 Verb=0x200 InstSize=8 ValSize=4	
00000088	23.92743683	System	[LAMPYRIS] WaveFilterProp: set=0x8C134960 id=15 verb=0x200 -> 0x0	
00000089	23.92745590	System	[LAMPYRIS] PDF2 ENTER: Pin=1 Verb=0x1 InstSize=56 ValSize=0	
00000090	23.92745781	System	[LAMPYRIS] WaveFilterProp: set=0x8C134960 id=15 verb=0x1 -> 0x80000005	
00000091	23.92746162	System	[LAMPYRIS] PDF2 ENTER: Pin=1 Verb=0x1 InstSize=56 ValSize=152	
00000092	23.92746353	System	[LAMPYRIS] PDF2 EXIT: mode=0xC18E2F7E -> 0x0 (returned default fmt)	
00000093	23.92746544	System	[LAMPYRIS] WaveFilterProp: set=0x8C134960 id=15 verb=0x1 -> 0x0	
00000094	23.92750359	System	[LAMPYRIS] PDF1 SET: Pin=1 ValSize=104 tag=0xFFFE ch=2 rate=48000 bits=16 cb=22	
00000095	23.92750549	System	[LAMPYRIS] IsFormatSupported: Pin=1 req 2ch/48000Hz/16bit/blk4 -> 0x0	
00000096	23.92750740	System	[LAMPYRIS] WaveFilterProp: set=0x8C134960 id=14 verb=0x2 -> 0x0	
00000097	23.92775345	System	[LAMPYRIS] PDF2 ENTER: Pin=1 Verb=0x200 InstSize=8 ValSize=4	
00000098	23.92775726	System	[LAMPYRIS] WaveFilterProp: set=0x8C134960 id=15 verb=0x200 -> 0x0	
00000099	23.92776108	System	[LAMPYRIS] PDF2 ENTER: Pin=1 Verb=0x1 InstSize=56 ValSize=0	
00000100	23.92776299	System	[LAMPYRIS] WaveFilterProp: set=0x8C134960 id=15 verb=0x1 -> 0x80000005	
00000101	23.92776871	System	[LAMPYRIS] PDF2 ENTER: Pin=1 Verb=0x1 InstSize=56 ValSize=152	
00000102	23.92776871	System	[LAMPYRIS] PDF2 EXIT: mode=0x98951333 -> 0x0 (returned default fmt)	
00000103	23.92777061	System	[LAMPYRIS] WaveFilterProp: set=0x8C134960 id=15 verb=0x1 -> 0x0	
00000104	23.92781639	System	[LAMPYRIS] PDF1 SET: Pin=1 ValSize=104 tag=0xFFFE ch=2 rate=48000 bits=16 cb=22	
00000105	23.92781830	System	[LAMPYRIS] IsFormatSupported: Pin=1 req 2ch/48000Hz/16bit/blk4 -> 0x0	
00000106	23.92781830	System	[LAMPYRIS] WaveFilterProp: set=0x8C134960 id=14 verb=0x2 -> 0x0	
00000107	23.92798996	System	[LAMPYRIS] PDF2 ENTER: Pin=1 Verb=0x200 InstSize=8 ValSize=4	
00000108	23.92799377	System	[LAMPYRIS] WaveFilterProp: set=0x8C134960 id=15 verb=0x200 -> 0x0	
00000109	23.92799759	System	[LAMPYRIS] PDF2 ENTER: Pin=1 Verb=0x1 InstSize=56 ValSize=0	
00000110	23.92799950	System	[LAMPYRIS] WaveFilterProp: set=0x8C134960 id=15 verb=0x1 -> 0x80000005	
00000111	23.92800331	System	[LAMPYRIS] PDF2 ENTER: Pin=1 Verb=0x1 InstSize=56 ValSize=152	
00000112	23.92800522	System	[LAMPYRIS] PDF2 EXIT: mode=0x28941CBA -> 0x0 (returned default fmt)	
00000113	23.92800713	System	[LAMPYRIS] WaveFilterProp: set=0x8C134960 id=15 verb=0x1 -> 0x0	
00000114	23.92804337	System	[LAMPYRIS] PDF1 SET: Pin=1 ValSize=104 tag=0xFFFE ch=2 rate=48000 bits=16 cb=22	
00000115	23.92804527	System	[LAMPYRIS] IsFormatSupported: Pin=1 req 2ch/48000Hz/16bit/blk4 -> 0x0	
00000116	23.92805099	System	[LAMPYRIS] WaveFilterProp: set=0x8C134960 id=14 verb=0x2 -> 0x0	
00000117	23.92919540	System	[LAMPYRIS] PDF1 SET GUID-only: Pin=1 ValSize=64 FmtSize=64 Flags=0x0 Major=0x73647561 Sub=0x00000001 Spec=0x05589F81	
00000118	23.92919731	System	[LAMPYRIS] WaveFilterProp: set=0x8C134960 id=14 verb=0x2 -> 0x0	
00000119	23.92978287	System	[LAMPYRIS] PDF1 SET GUID-only: Pin=1 ValSize=64 FmtSize=64 Flags=0x0 Major=0x73647561 Sub=0x00000001 Spec=0x05589F81	
00000120	23.92978287	System	[LAMPYRIS] WaveFilterProp: set=0x8C134960 id=14 verb=0x2 -> 0x0	
00000121	23.94665146	System	[LAMPYRIS] PDF1 SET: Pin=1 ValSize=82 tag=0x1 ch=1 rate=8000 bits=16 cb=0	
00000122	23.94665527	System	[LAMPYRIS] IsFormatSupported: Pin=1 req 1ch/8000Hz/16bit/blk2 -> 0x0	
00000123	23.94665527	System	[LAMPYRIS] WaveFilterProp: set=0x8C134960 id=14 verb=0x2 -> 0x0	
00000124	23.94672585	System	[LAMPYRIS] PDF1 SET GUID-only: Pin=1 ValSize=64 FmtSize=64 Flags=0x28 Major=0x73647561 Sub=0x00000001 Spec=0x05589F81	
00000125	23.94672775	System	[LAMPYRIS] WaveFilterProp: set=0x8C134960 id=14 verb=0x2 -> 0x0	
00000126	23.94677734	System	[LAMPYRIS] PDF2 ENTER: Pin=1 Verb=0x200 InstSize=8 ValSize=4	
00000127	23.94677925	System	[LAMPYRIS] WaveFilterProp: set=0x8C134960 id=15 verb=0x200 -> 0x0	
00000128	23.94678879	System	[LAMPYRIS] PDF2 ENTER: Pin=1 Verb=0x1 InstSize=56 ValSize=0	
00000129	23.94679070	System	[LAMPYRIS] WaveFilterProp: set=0x8C134960 id=15 verb=0x1 -> 0x80000005	
00000130	23.94679451	System	[LAMPYRIS] PDF2 ENTER: Pin=1 Verb=0x1 InstSize=56 ValSize=152	
00000131	23.94679451	System	[LAMPYRIS] PDF2 EXIT: mode=0x9E90EA20 -> 0x0 (returned default fmt)	
00000132	23.94679642	System	[LAMPYRIS] WaveFilterProp: set=0x8C134960 id=15 verb=0x1 -> 0x0	
00000133	23.94682884	System	[LAMPYRIS] PDF1 SET: Pin=1 ValSize=104 tag=0xFFFE ch=2 rate=48000 bits=32 cb=22	
00000134	23.94683075	System	[LAMPYRIS] IsFormatSupported: Pin=1 req 2ch/48000Hz/32bit/blk8 -> 0x0	
00000135	23.94683266	System	[LAMPYRIS] WaveFilterProp: set=0x8C134960 id=14 verb=0x2 -> 0x0	
00000136	23.94737053	System	[LAMPYRIS] PDF2 ENTER: Pin=1 Verb=0x200 InstSize=8 ValSize=4	
00000137	23.94737053	System	[LAMPYRIS] WaveFilterProp: set=0x8C134960 id=15 verb=0x200 -> 0x0	
00000138	23.94737625	System	[LAMPYRIS] PDF2 ENTER: Pin=1 Verb=0x1 InstSize=56 ValSize=0	
00000139	23.94737625	System	[LAMPYRIS] WaveFilterProp: set=0x8C134960 id=15 verb=0x1 -> 0x80000005	
00000140	23.94738007	System	[LAMPYRIS] PDF2 ENTER: Pin=1 Verb=0x1 InstSize=56 ValSize=152	
00000141	23.94738197	System	[LAMPYRIS] PDF2 EXIT: mode=0xC18E2F7E -> 0x0 (returned default fmt)	
00000142	23.94738197	System	[LAMPYRIS] WaveFilterProp: set=0x8C134960 id=15 verb=0x1 -> 0x0	
00000143	23.94742012	System	[LAMPYRIS] PDF1 SET: Pin=1 ValSize=104 tag=0xFFFE ch=1 rate=48000 bits=16 cb=22	
00000144	23.94742203	System	[LAMPYRIS] IsFormatSupported: Pin=1 req 1ch/48000Hz/16bit/blk2 -> 0x0	
00000145	23.94742203	System	[LAMPYRIS] WaveFilterProp: set=0x8C134960 id=14 verb=0x2 -> 0x0	
00000146	23.94785309	System	[LAMPYRIS] PDF2 ENTER: Pin=1 Verb=0x200 InstSize=8 ValSize=4	
00000147	23.94785500	System	[LAMPYRIS] WaveFilterProp: set=0x8C134960 id=15 verb=0x200 -> 0x0	
00000148	23.94785690	System	[LAMPYRIS] PDF2 ENTER: Pin=1 Verb=0x1 InstSize=56 ValSize=0	
00000149	23.94785881	System	[LAMPYRIS] WaveFilterProp: set=0x8C134960 id=15 verb=0x1 -> 0x80000005	
00000150	23.94786263	System	[LAMPYRIS] PDF2 ENTER: Pin=1 Verb=0x1 InstSize=56 ValSize=152	
00000151	23.94786453	System	[LAMPYRIS] PDF2 EXIT: mode=0x98951333 -> 0x0 (returned default fmt)	
00000152	23.94786453	System	[LAMPYRIS] WaveFilterProp: set=0x8C134960 id=15 verb=0x1 -> 0x0	
00000153	23.94789505	System	[LAMPYRIS] PDF1 SET: Pin=1 ValSize=104 tag=0xFFFE ch=1 rate=24000 bits=16 cb=22	
00000154	23.94790077	System	[LAMPYRIS] IsFormatSupported: Pin=1 req 1ch/24000Hz/16bit/blk2 -> 0x0	
00000155	23.94790077	System	[LAMPYRIS] WaveFilterProp: set=0x8C134960 id=14 verb=0x2 -> 0x0	
00000156	23.94888496	System	[LAMPYRIS] MJ_CREATE FILTER nameLen=36 -> 0x0	
00000157	23.94889259	System	[LAMPYRIS] MJ_CREATE FILTER nameLen=36 -> 0x0	
00000158	23.94921303	System	[LAMPYRIS] MJ_CREATE FILTER nameLen=28 -> 0x0	
00000159	23.94921875	System	[LAMPYRIS] MJ_CREATE FILTER nameLen=28 -> 0x0	
00000160	23.94949150	System	[LAMPYRIS] PDF1 SET: Pin=1 ValSize=82 tag=0x1 ch=1 rate=8000 bits=16 cb=0	
00000161	23.94949341	System	[LAMPYRIS] IsFormatSupported: Pin=1 req 1ch/8000Hz/16bit/blk2 -> 0x0	
00000162	23.94949532	System	[LAMPYRIS] WaveFilterProp: set=0x8C134960 id=14 verb=0x2 -> 0x0	
00000163	23.95098495	System	[LAMPYRIS] PDF1 SET GUID-only: Pin=1 ValSize=64 FmtSize=64 Flags=0x0 Major=0x73647561 Sub=0x00000001 Spec=0x05589F81	
00000164	23.95098877	System	[LAMPYRIS] WaveFilterProp: set=0x8C134960 id=14 verb=0x2 -> 0x0	
00000165	23.95133209	System	[LAMPYRIS] MJ_CREATE FILTER nameLen=28 -> 0x0	
00000166	23.95303535	System	[LAMPYRIS] PDF1 SET: Pin=1 ValSize=82 tag=0x1 ch=1 rate=8000 bits=16 cb=0	
00000167	23.95303726	System	[LAMPYRIS] IsFormatSupported: Pin=1 req 1ch/8000Hz/16bit/blk2 -> 0x0	
00000168	23.95303917	System	[LAMPYRIS] WaveFilterProp: set=0x8C134960 id=14 verb=0x2 -> 0x0	
00000169	23.95341301	System	[LAMPYRIS] MJ_CREATE FILTER nameLen=28 -> 0x0	
00000170	23.95452118	System	[LAMPYRIS] PDF1 SET: Pin=1 ValSize=82 tag=0x1 ch=1 rate=8000 bits=16 cb=0	
00000171	23.95452499	System	[LAMPYRIS] IsFormatSupported: Pin=1 req 1ch/8000Hz/16bit/blk2 -> 0x0	
00000172	23.95452499	System	[LAMPYRIS] WaveFilterProp: set=0x8C134960 id=14 verb=0x2 -> 0x0	
00000173	23.95484734	System	[LAMPYRIS] MJ_CREATE FILTER nameLen=28 -> 0x0	
00000174	23.95560646	System	[LAMPYRIS] PDF2 ENTER: Pin=2 Verb=0x200 InstSize=8 ValSize=4	
00000175	23.95560837	System	[LAMPYRIS] WaveFilterProp: set=0x8C134960 id=15 verb=0x200 -> 0x0	
00000176	23.95561218	System	[LAMPYRIS] PDF2 ENTER: Pin=2 Verb=0x1 InstSize=56 ValSize=0	
00000177	23.95561409	System	[LAMPYRIS] PDF2 EXIT: mode=0x9E90EA20 found=0 -> NOT_SUPPORTED	
00000178	23.95561409	System	[LAMPYRIS] WaveFilterProp: set=0x8C134960 id=15 verb=0x1 -> 0xC00000BB	
00000179	23.95690346	System	[LAMPYRIS] PDF1 SET: Pin=2 ValSize=82 tag=0x1 ch=1 rate=16000 bits=16 cb=0	
00000180	23.95690536	System	[LAMPYRIS] IsFormatSupported: Pin=2 req 1ch/16000Hz/16bit/blk2 -> 0x0	
00000181	23.95690727	System	[LAMPYRIS] WaveFilterProp: set=0x8C134960 id=14 verb=0x2 -> 0x0	
00000182	23.95781136	System	[LAMPYRIS] PDF1 SET: Pin=1 ValSize=82 tag=0x1 ch=1 rate=8000 bits=16 cb=0	
00000183	23.95781517	System	[LAMPYRIS] IsFormatSupported: Pin=1 req 1ch/8000Hz/16bit/blk2 -> 0x0	
00000184	23.95781517	System	[LAMPYRIS] WaveFilterProp: set=0x8C134960 id=14 verb=0x2 -> 0x0	
00000185	23.95883560	System	[LAMPYRIS] PDF2 ENTER: Pin=1 Verb=0x200 InstSize=8 ValSize=4	
00000186	23.95883751	System	[LAMPYRIS] WaveFilterProp: set=0x8C134960 id=15 verb=0x200 -> 0x0	
00000187	23.95884132	System	[LAMPYRIS] PDF2 ENTER: Pin=1 Verb=0x1 InstSize=56 ValSize=0	
00000188	23.95884323	System	[LAMPYRIS] WaveFilterProp: set=0x8C134960 id=15 verb=0x1 -> 0x80000005	
00000189	23.95884705	System	[LAMPYRIS] PDF2 ENTER: Pin=1 Verb=0x1 InstSize=56 ValSize=152	
00000190	23.95884895	System	[LAMPYRIS] PDF2 EXIT: mode=0xC18E2F7E -> 0x0 (returned default fmt)	
00000191	23.95884895	System	[LAMPYRIS] WaveFilterProp: set=0x8C134960 id=15 verb=0x1 -> 0x0	
00000192	23.96013260	System	[LAMPYRIS] PDF2 ENTER: Pin=1 Verb=0x200 InstSize=8 ValSize=4	
00000193	23.96013451	System	[LAMPYRIS] WaveFilterProp: set=0x8C134960 id=15 verb=0x200 -> 0x0	
00000194	23.96013832	System	[LAMPYRIS] PDF2 ENTER: Pin=1 Verb=0x1 InstSize=56 ValSize=0	
00000195	23.96013832	System	[LAMPYRIS] WaveFilterProp: set=0x8C134960 id=15 verb=0x1 -> 0x80000005	
00000196	23.96014404	System	[LAMPYRIS] PDF2 ENTER: Pin=1 Verb=0x1 InstSize=56 ValSize=152	
00000197	23.96014404	System	[LAMPYRIS] PDF2 EXIT: mode=0x9E90EA20 -> 0x0 (returned default fmt)	
00000198	23.96014595	System	[LAMPYRIS] WaveFilterProp: set=0x8C134960 id=15 verb=0x1 -> 0x0	
00000199	23.96088791	System	[LAMPYRIS] PDF1 SET: Pin=1 ValSize=104 tag=0xFFFE ch=1 rate=48000 bits=16 cb=22	
00000200	23.96088982	System	[LAMPYRIS] IsFormatSupported: Pin=1 req 1ch/48000Hz/16bit/blk2 -> 0x0	
00000201	23.96089172	System	[LAMPYRIS] WaveFilterProp: set=0x8C134960 id=14 verb=0x2 -> 0x0	
00000202	23.96099281	System	[LAMPYRIS] MJ_CREATE FILTER nameLen=28 -> 0x0	
00000203	23.96103287	System	[LAMPYRIS] NewStream ENTER: Pin=1 Capture=1	
00000204	23.96103477	System	[LAMPYRIS] IsFormatSupported: Pin=1 req 1ch/48000Hz/16bit/blk2 -> 0x0	
00000205	23.96106148	System	[LAMPYRIS] NewStream EXIT: Pin=1 status=0x0	
00000206	23.96106529	System	[LAMPYRIS] MJ_CREATE PIN nameLen=302 -> 0x0	
00000207	23.96124077	System	[LAMPYRIS] SetState: Pin=1 0 -> 1 (0=STOP 1=ACQUIRE 2=PAUSE 3=RUN)	
00000208	23.96124840	System	[LAMPYRIS] SetState: Pin=1 1 -> 2 (0=STOP 1=ACQUIRE 2=PAUSE 3=RUN)	
00000209	23.96212196	System	[LAMPYRIS] SetState: Pin=1 2 -> 1 (0=STOP 1=ACQUIRE 2=PAUSE 3=RUN)	
00000210	23.96212769	System	[LAMPYRIS] SetState: Pin=1 1 -> 0 (0=STOP 1=ACQUIRE 2=PAUSE 3=RUN)	
00000211	23.96338081	System	[LAMPYRIS] PDF1 SET: Pin=1 ValSize=104 tag=0xFFFE ch=2 rate=48000 bits=16 cb=22	
00000212	23.96338654	System	[LAMPYRIS] IsFormatSupported: Pin=1 req 2ch/48000Hz/16bit/blk4 -> 0x0	
00000213	23.96338844	System	[LAMPYRIS] WaveFilterProp: set=0x8C134960 id=14 verb=0x2 -> 0x0	
00000214	23.96343231	System	[LAMPYRIS] PDF1 SET GUID-only: Pin=1 ValSize=64 FmtSize=64 Flags=0x28 Major=0x73647561 Sub=0x00000001 Spec=0x05589F81	
00000215	23.96343422	System	[LAMPYRIS] WaveFilterProp: set=0x8C134960 id=14 verb=0x2 -> 0x0	
00000216	23.96348190	System	[LAMPYRIS] PDF2 ENTER: Pin=1 Verb=0x200 InstSize=8 ValSize=4	
00000217	23.96348381	System	[LAMPYRIS] WaveFilterProp: set=0x8C134960 id=15 verb=0x200 -> 0x0	
00000218	23.96348572	System	[LAMPYRIS] PDF2 ENTER: Pin=1 Verb=0x1 InstSize=56 ValSize=0	
00000219	23.96348763	System	[LAMPYRIS] WaveFilterProp: set=0x8C134960 id=15 verb=0x1 -> 0x80000005	
00000220	23.96349144	System	[LAMPYRIS] PDF2 ENTER: Pin=1 Verb=0x1 InstSize=56 ValSize=152	
00000221	23.96349144	System	[LAMPYRIS] PDF2 EXIT: mode=0x9E90EA20 -> 0x0 (returned default fmt)	
00000222	23.96349335	System	[LAMPYRIS] WaveFilterProp: set=0x8C134960 id=15 verb=0x1 -> 0x0	
00000223	23.96352386	System	[LAMPYRIS] PDF1 SET: Pin=1 ValSize=104 tag=0xFFFE ch=2 rate=48000 bits=16 cb=22	
00000224	23.96352386	System	[LAMPYRIS] IsFormatSupported: Pin=1 req 2ch/48000Hz/16bit/blk4 -> 0x0	
00000225	23.96352577	System	[LAMPYRIS] WaveFilterProp: set=0x8C134960 id=14 verb=0x2 -> 0x0	
00000226	23.96392441	System	[LAMPYRIS] PDF2 ENTER: Pin=1 Verb=0x200 InstSize=8 ValSize=4	
00000227	23.96392632	System	[LAMPYRIS] WaveFilterProp: set=0x8C134960 id=15 verb=0x200 -> 0x0	
00000228	23.96393204	System	[LAMPYRIS] PDF2 ENTER: Pin=1 Verb=0x1 InstSize=56 ValSize=0	
00000229	23.96393394	System	[LAMPYRIS] WaveFilterProp: set=0x8C134960 id=15 verb=0x1 -> 0x80000005	
00000230	23.96393967	System	[LAMPYRIS] PDF2 ENTER: Pin=1 Verb=0x1 InstSize=56 ValSize=152	
00000231	23.96394157	System	[LAMPYRIS] PDF2 EXIT: mode=0xC18E2F7E -> 0x0 (returned default fmt)	
00000232	23.96394157	System	[LAMPYRIS] WaveFilterProp: set=0x8C134960 id=15 verb=0x1 -> 0x0	
00000233	23.96401024	System	[LAMPYRIS] PDF1 SET: Pin=1 ValSize=104 tag=0xFFFE ch=2 rate=48000 bits=16 cb=22	
00000234	23.96401215	System	[LAMPYRIS] IsFormatSupported: Pin=1 req 2ch/48000Hz/16bit/blk4 -> 0x0	
00000235	23.96401215	System	[LAMPYRIS] WaveFilterProp: set=0x8C134960 id=14 verb=0x2 -> 0x0	
00000236	23.96445847	System	[LAMPYRIS] PDF2 ENTER: Pin=1 Verb=0x200 InstSize=8 ValSize=4	
00000237	23.96446037	System	[LAMPYRIS] WaveFilterProp: set=0x8C134960 id=15 verb=0x200 -> 0x0	
00000238	23.96446609	System	[LAMPYRIS] PDF2 ENTER: Pin=1 Verb=0x1 InstSize=56 ValSize=0	
00000239	23.96446800	System	[LAMPYRIS] WaveFilterProp: set=0x8C134960 id=15 verb=0x1 -> 0x80000005	
00000240	23.96446991	System	[LAMPYRIS] PDF2 ENTER: Pin=1 Verb=0x1 InstSize=56 ValSize=152	
00000241	23.96447754	System	[LAMPYRIS] PDF2 EXIT: mode=0x98951333 -> 0x0 (returned default fmt)	
00000242	23.96447754	System	[LAMPYRIS] WaveFilterProp: set=0x8C134960 id=15 verb=0x1 -> 0x0	
00000243	23.96451378	System	[LAMPYRIS] PDF1 SET: Pin=1 ValSize=104 tag=0xFFFE ch=2 rate=48000 bits=16 cb=22	
00000244	23.96451569	System	[LAMPYRIS] IsFormatSupported: Pin=1 req 2ch/48000Hz/16bit/blk4 -> 0x0	
00000245	23.96451569	System	[LAMPYRIS] WaveFilterProp: set=0x8C134960 id=14 verb=0x2 -> 0x0	
00000246	23.96474648	System	[LAMPYRIS] PDF2 ENTER: Pin=1 Verb=0x200 InstSize=8 ValSize=4	
00000247	23.96474838	System	[LAMPYRIS] WaveFilterProp: set=0x8C134960 id=15 verb=0x200 -> 0x0	
00000248	23.96475220	System	[LAMPYRIS] PDF2 ENTER: Pin=1 Verb=0x1 InstSize=56 ValSize=0	
00000249	23.96475410	System	[LAMPYRIS] WaveFilterProp: set=0x8C134960 id=15 verb=0x1 -> 0x80000005	
00000250	23.96475792	System	[LAMPYRIS] PDF2 ENTER: Pin=1 Verb=0x1 InstSize=56 ValSize=152	
00000251	23.96475792	System	[LAMPYRIS] PDF2 EXIT: mode=0x28941CBA -> 0x0 (returned default fmt)	
00000252	23.96475983	System	[LAMPYRIS] WaveFilterProp: set=0x8C134960 id=15 verb=0x1 -> 0x0	
00000253	23.96479607	System	[LAMPYRIS] PDF1 SET: Pin=1 ValSize=104 tag=0xFFFE ch=2 rate=48000 bits=16 cb=22	
00000254	23.96479797	System	[LAMPYRIS] IsFormatSupported: Pin=1 req 2ch/48000Hz/16bit/blk4 -> 0x0	
00000255	23.96479988	System	[LAMPYRIS] WaveFilterProp: set=0x8C134960 id=14 verb=0x2 -> 0x0	
00000256	23.96615601	System	[LAMPYRIS] PDF1 SET GUID-only: Pin=1 ValSize=64 FmtSize=64 Flags=0x0 Major=0x73647561 Sub=0x00000001 Spec=0x05589F81	
00000257	23.96615601	System	[LAMPYRIS] WaveFilterProp: set=0x8C134960 id=14 verb=0x2 -> 0x0	
00000258	23.96671295	System	[LAMPYRIS] PDF1 SET GUID-only: Pin=1 ValSize=64 FmtSize=64 Flags=0x0 Major=0x73647561 Sub=0x00000001 Spec=0x05589F81	
00000259	23.96671295	System	[LAMPYRIS] WaveFilterProp: set=0x8C134960 id=14 verb=0x2 -> 0x0	
00000260	23.96788406	System	[LAMPYRIS] PDF1 SET: Pin=1 ValSize=104 tag=0xFFFE ch=2 rate=48000 bits=16 cb=22	
00000261	23.96788597	System	[LAMPYRIS] IsFormatSupported: Pin=1 req 2ch/48000Hz/16bit/blk4 -> 0x0	
00000262	23.96788788	System	[LAMPYRIS] WaveFilterProp: set=0x8C134960 id=14 verb=0x2 -> 0x0	
00000263	23.96961784	System	[LAMPYRIS] PDF1 SET: Pin=1 ValSize=104 tag=0xFFFE ch=2 rate=48000 bits=16 cb=22	
00000264	23.96961975	System	[LAMPYRIS] IsFormatSupported: Pin=1 req 2ch/48000Hz/16bit/blk4 -> 0x0	
00000265	23.96962166	System	[LAMPYRIS] WaveFilterProp: set=0x8C134960 id=14 verb=0x2 -> 0x0	
00000266	23.96966934	System	[LAMPYRIS] PDF1 SET GUID-only: Pin=1 ValSize=64 FmtSize=64 Flags=0x28 Major=0x73647561 Sub=0x00000001 Spec=0x05589F81	
00000267	23.96967125	System	[LAMPYRIS] WaveFilterProp: set=0x8C134960 id=14 verb=0x2 -> 0x0	
00000268	23.96970940	System	[LAMPYRIS] PDF2 ENTER: Pin=1 Verb=0x200 InstSize=8 ValSize=4	
00000269	23.96971130	System	[LAMPYRIS] WaveFilterProp: set=0x8C134960 id=15 verb=0x200 -> 0x0	
00000270	23.96971321	System	[LAMPYRIS] PDF2 ENTER: Pin=1 Verb=0x1 InstSize=56 ValSize=0	
00000271	23.96971512	System	[LAMPYRIS] WaveFilterProp: set=0x8C134960 id=15 verb=0x1 -> 0x80000005	
00000272	23.96971893	System	[LAMPYRIS] PDF2 ENTER: Pin=1 Verb=0x1 InstSize=56 ValSize=152	
00000273	23.96971893	System	[LAMPYRIS] PDF2 EXIT: mode=0x9E90EA20 -> 0x0 (returned default fmt)	
00000274	23.96972084	System	[LAMPYRIS] WaveFilterProp: set=0x8C134960 id=15 verb=0x1 -> 0x0	
00000275	23.96974373	System	[LAMPYRIS] PDF1 SET: Pin=1 ValSize=104 tag=0xFFFE ch=2 rate=48000 bits=16 cb=22	
00000276	23.96974945	System	[LAMPYRIS] IsFormatSupported: Pin=1 req 2ch/48000Hz/16bit/blk4 -> 0x0	
00000277	23.96974945	System	[LAMPYRIS] WaveFilterProp: set=0x8C134960 id=14 verb=0x2 -> 0x0	
00000278	23.96991158	System	[LAMPYRIS] PDF2 ENTER: Pin=1 Verb=0x200 InstSize=8 ValSize=4	
00000279	23.96991348	System	[LAMPYRIS] WaveFilterProp: set=0x8C134960 id=15 verb=0x200 -> 0x0	
00000280	23.96991730	System	[LAMPYRIS] PDF2 ENTER: Pin=1 Verb=0x1 InstSize=56 ValSize=0	
00000281	23.96991920	System	[LAMPYRIS] WaveFilterProp: set=0x8C134960 id=15 verb=0x1 -> 0x80000005	
00000282	23.96992111	System	[LAMPYRIS] PDF2 ENTER: Pin=1 Verb=0x1 InstSize=56 ValSize=152	
00000283	23.96992302	System	[LAMPYRIS] PDF2 EXIT: mode=0xC18E2F7E -> 0x0 (returned default fmt)	
00000284	23.96992302	System	[LAMPYRIS] WaveFilterProp: set=0x8C134960 id=15 verb=0x1 -> 0x0	
00000285	23.96995926	System	[LAMPYRIS] PDF1 SET: Pin=1 ValSize=104 tag=0xFFFE ch=2 rate=48000 bits=16 cb=22	
00000286	23.96995926	System	[LAMPYRIS] IsFormatSupported: Pin=1 req 2ch/48000Hz/16bit/blk4 -> 0x0	
00000287	23.96995926	System	[LAMPYRIS] WaveFilterProp: set=0x8C134960 id=14 verb=0x2 -> 0x0	
00000288	23.97021866	System	[LAMPYRIS] PDF2 ENTER: Pin=1 Verb=0x200 InstSize=8 ValSize=4	
00000289	23.97022057	System	[LAMPYRIS] WaveFilterProp: set=0x8C134960 id=15 verb=0x200 -> 0x0	
00000290	23.97022629	System	[LAMPYRIS] PDF2 ENTER: Pin=1 Verb=0x1 InstSize=56 ValSize=0	
00000291	23.97022629	System	[LAMPYRIS] WaveFilterProp: set=0x8C134960 id=15 verb=0x1 -> 0x80000005	
00000292	23.97023010	System	[LAMPYRIS] PDF2 ENTER: Pin=1 Verb=0x1 InstSize=56 ValSize=152	
00000293	23.97023010	System	[LAMPYRIS] PDF2 EXIT: mode=0x98951333 -> 0x0 (returned default fmt)	
00000294	23.97023201	System	[LAMPYRIS] WaveFilterProp: set=0x8C134960 id=15 verb=0x1 -> 0x0	
00000295	23.97026634	System	[LAMPYRIS] PDF1 SET: Pin=1 ValSize=104 tag=0xFFFE ch=2 rate=48000 bits=16 cb=22	
00000296	23.97026825	System	[LAMPYRIS] IsFormatSupported: Pin=1 req 2ch/48000Hz/16bit/blk4 -> 0x0	
00000297	23.97027016	System	[LAMPYRIS] WaveFilterProp: set=0x8C134960 id=14 verb=0x2 -> 0x0	
00000298	23.97039032	System	[LAMPYRIS] PDF2 ENTER: Pin=1 Verb=0x200 InstSize=8 ValSize=4	
00000299	23.97039223	System	[LAMPYRIS] WaveFilterProp: set=0x8C134960 id=15 verb=0x200 -> 0x0	
00000300	23.97039604	System	[LAMPYRIS] PDF2 ENTER: Pin=1 Verb=0x1 InstSize=56 ValSize=0	
00000301	23.97039604	System	[LAMPYRIS] WaveFilterProp: set=0x8C134960 id=15 verb=0x1 -> 0x80000005	
00000302	23.97039986	System	[LAMPYRIS] PDF2 ENTER: Pin=1 Verb=0x1 InstSize=56 ValSize=152	
00000303	23.97039986	System	[LAMPYRIS] PDF2 EXIT: mode=0x28941CBA -> 0x0 (returned default fmt)	
00000304	23.97040176	System	[LAMPYRIS] WaveFilterProp: set=0x8C134960 id=15 verb=0x1 -> 0x0	
00000305	23.97043610	System	[LAMPYRIS] PDF1 SET: Pin=1 ValSize=104 tag=0xFFFE ch=2 rate=48000 bits=16 cb=22	
00000306	23.97043610	System	[LAMPYRIS] IsFormatSupported: Pin=1 req 2ch/48000Hz/16bit/blk4 -> 0x0	
00000307	23.97043610	System	[LAMPYRIS] WaveFilterProp: set=0x8C134960 id=14 verb=0x2 -> 0x0	
00000308	23.97145462	System	[LAMPYRIS] PDF1 SET GUID-only: Pin=1 ValSize=64 FmtSize=64 Flags=0x0 Major=0x73647561 Sub=0x00000001 Spec=0x05589F81	
00000309	23.97145653	System	[LAMPYRIS] WaveFilterProp: set=0x8C134960 id=14 verb=0x2 -> 0x0	
00000310	23.97213554	System	[LAMPYRIS] PDF1 SET GUID-only: Pin=1 ValSize=64 FmtSize=64 Flags=0x0 Major=0x73647561 Sub=0x00000001 Spec=0x05589F81	
00000311	23.97213745	System	[LAMPYRIS] WaveFilterProp: set=0x8C134960 id=14 verb=0x2 -> 0x0	
00000312	23.97445297	System	[LAMPYRIS] PDF1 SET: Pin=1 ValSize=104 tag=0xFFFE ch=2 rate=48000 bits=16 cb=22	
00000313	23.97445679	System	[LAMPYRIS] IsFormatSupported: Pin=1 req 2ch/48000Hz/16bit/blk4 -> 0x0	
00000314	23.97445679	System	[LAMPYRIS] WaveFilterProp: set=0x8C134960 id=14 verb=0x2 -> 0x0	
00000315	23.97450638	System	[LAMPYRIS] PDF1 SET GUID-only: Pin=1 ValSize=64 FmtSize=64 Flags=0x28 Major=0x73647561 Sub=0x00000001 Spec=0x05589F81	
00000316	23.97451210	System	[LAMPYRIS] WaveFilterProp: set=0x8C134960 id=14 verb=0x2 -> 0x0	
00000317	23.97454643	System	[LAMPYRIS] PDF2 ENTER: Pin=1 Verb=0x200 InstSize=8 ValSize=4	
00000318	23.97454643	System	[LAMPYRIS] WaveFilterProp: set=0x8C134960 id=15 verb=0x200 -> 0x0	
00000319	23.97455025	System	[LAMPYRIS] PDF2 ENTER: Pin=1 Verb=0x1 InstSize=56 ValSize=0	
00000320	23.97455025	System	[LAMPYRIS] WaveFilterProp: set=0x8C134960 id=15 verb=0x1 -> 0x80000005	
00000321	23.97455406	System	[LAMPYRIS] PDF2 ENTER: Pin=1 Verb=0x1 InstSize=56 ValSize=152	
00000322	23.97455597	System	[LAMPYRIS] PDF2 EXIT: mode=0x9E90EA20 -> 0x0 (returned default fmt)	
00000323	23.97455597	System	[LAMPYRIS] WaveFilterProp: set=0x8C134960 id=15 verb=0x1 -> 0x0	
00000324	23.97458458	System	[LAMPYRIS] PDF1 SET: Pin=1 ValSize=104 tag=0xFFFE ch=2 rate=48000 bits=16 cb=22	
00000325	23.97458649	System	[LAMPYRIS] IsFormatSupported: Pin=1 req 2ch/48000Hz/16bit/blk4 -> 0x0	
00000326	23.97458649	System	[LAMPYRIS] WaveFilterProp: set=0x8C134960 id=14 verb=0x2 -> 0x0	
00000327	23.97499466	System	[LAMPYRIS] PDF2 ENTER: Pin=1 Verb=0x200 InstSize=8 ValSize=4	
00000328	23.97499657	System	[LAMPYRIS] WaveFilterProp: set=0x8C134960 id=15 verb=0x200 -> 0x0	
00000329	23.97500229	System	[LAMPYRIS] PDF2 ENTER: Pin=1 Verb=0x1 InstSize=56 ValSize=0	
00000330	23.97500229	System	[LAMPYRIS] WaveFilterProp: set=0x8C134960 id=15 verb=0x1 -> 0x80000005	
00000331	23.97500610	System	[LAMPYRIS] PDF2 ENTER: Pin=1 Verb=0x1 InstSize=56 ValSize=152	
00000332	23.97500610	System	[LAMPYRIS] PDF2 EXIT: mode=0xC18E2F7E -> 0x0 (returned default fmt)	
00000333	23.97500801	System	[LAMPYRIS] WaveFilterProp: set=0x8C134960 id=15 verb=0x1 -> 0x0	
00000334	23.97504425	System	[LAMPYRIS] PDF1 SET: Pin=1 ValSize=104 tag=0xFFFE ch=2 rate=48000 bits=16 cb=22	
00000335	23.97504616	System	[LAMPYRIS] IsFormatSupported: Pin=1 req 2ch/48000Hz/16bit/blk4 -> 0x0	
00000336	23.97504807	System	[LAMPYRIS] WaveFilterProp: set=0x8C134960 id=14 verb=0x2 -> 0x0	
00000337	23.97549438	System	[LAMPYRIS] PDF2 ENTER: Pin=1 Verb=0x200 InstSize=8 ValSize=4	
00000338	23.97549629	System	[LAMPYRIS] WaveFilterProp: set=0x8C134960 id=15 verb=0x200 -> 0x0	
00000339	23.97550011	System	[LAMPYRIS] PDF2 ENTER: Pin=1 Verb=0x1 InstSize=56 ValSize=0	
00000340	23.97550201	System	[LAMPYRIS] WaveFilterProp: set=0x8C134960 id=15 verb=0x1 -> 0x80000005	
00000341	23.97550583	System	[LAMPYRIS] PDF2 ENTER: Pin=1 Verb=0x1 InstSize=56 ValSize=152	
00000342	23.97550774	System	[LAMPYRIS] PDF2 EXIT: mode=0x98951333 -> 0x0 (returned default fmt)	
00000343	23.97550964	System	[LAMPYRIS] WaveFilterProp: set=0x8C134960 id=15 verb=0x1 -> 0x0	
00000344	23.97554398	System	[LAMPYRIS] PDF1 SET: Pin=1 ValSize=104 tag=0xFFFE ch=2 rate=48000 bits=16 cb=22	
00000345	23.97554588	System	[LAMPYRIS] IsFormatSupported: Pin=1 req 2ch/48000Hz/16bit/blk4 -> 0x0	
00000346	23.97554588	System	[LAMPYRIS] WaveFilterProp: set=0x8C134960 id=14 verb=0x2 -> 0x0	
00000347	23.97575760	System	[LAMPYRIS] PDF2 ENTER: Pin=1 Verb=0x200 InstSize=8 ValSize=4	
00000348	23.97575951	System	[LAMPYRIS] WaveFilterProp: set=0x8C134960 id=15 verb=0x200 -> 0x0	
00000349	23.97576332	System	[LAMPYRIS] PDF2 ENTER: Pin=1 Verb=0x1 InstSize=56 ValSize=0	
00000350	23.97576523	System	[LAMPYRIS] WaveFilterProp: set=0x8C134960 id=15 verb=0x1 -> 0x80000005	
00000351	23.97576714	System	[LAMPYRIS] PDF2 ENTER: Pin=1 Verb=0x1 InstSize=56 ValSize=152	
00000352	23.97576904	System	[LAMPYRIS] PDF2 EXIT: mode=0x28941CBA -> 0x0 (returned default fmt)	
00000353	23.97577095	System	[LAMPYRIS] WaveFilterProp: set=0x8C134960 id=15 verb=0x1 -> 0x0	
00000354	23.97580719	System	[LAMPYRIS] PDF1 SET: Pin=1 ValSize=104 tag=0xFFFE ch=2 rate=48000 bits=16 cb=22	
00000355	23.97580719	System	[LAMPYRIS] IsFormatSupported: Pin=1 req 2ch/48000Hz/16bit/blk4 -> 0x0	
00000356	23.97580719	System	[LAMPYRIS] WaveFilterProp: set=0x8C134960 id=14 verb=0x2 -> 0x0	
00000357	23.97716522	System	[LAMPYRIS] PDF1 SET GUID-only: Pin=1 ValSize=64 FmtSize=64 Flags=0x0 Major=0x73647561 Sub=0x00000001 Spec=0x05589F81	
00000358	23.97716713	System	[LAMPYRIS] WaveFilterProp: set=0x8C134960 id=14 verb=0x2 -> 0x0	
00000359	23.97776794	System	[LAMPYRIS] PDF1 SET GUID-only: Pin=1 ValSize=64 FmtSize=64 Flags=0x0 Major=0x73647561 Sub=0x00000001 Spec=0x05589F81	
00000360	23.97776985	System	[LAMPYRIS] WaveFilterProp: set=0x8C134960 id=14 verb=0x2 -> 0x0	
00000361	23.98019028	System	[LAMPYRIS] PDF1 SET: Pin=1 ValSize=104 tag=0xFFFE ch=2 rate=48000 bits=16 cb=22	
00000362	23.98019218	System	[LAMPYRIS] IsFormatSupported: Pin=1 req 2ch/48000Hz/16bit/blk4 -> 0x0	
00000363	23.98019409	System	[LAMPYRIS] WaveFilterProp: set=0x8C134960 id=14 verb=0x2 -> 0x0	
00000364	23.98023605	System	[LAMPYRIS] PDF1 SET GUID-only: Pin=1 ValSize=64 FmtSize=64 Flags=0x28 Major=0x73647561 Sub=0x00000001 Spec=0x05589F81	
00000365	23.98023605	System	[LAMPYRIS] WaveFilterProp: set=0x8C134960 id=14 verb=0x2 -> 0x0	
00000366	23.98027229	System	[LAMPYRIS] PDF2 ENTER: Pin=1 Verb=0x200 InstSize=8 ValSize=4	
00000367	23.98027420	System	[LAMPYRIS] WaveFilterProp: set=0x8C134960 id=15 verb=0x200 -> 0x0	
00000368	23.98027611	System	[LAMPYRIS] PDF2 ENTER: Pin=1 Verb=0x1 InstSize=56 ValSize=0	
00000369	23.98027802	System	[LAMPYRIS] WaveFilterProp: set=0x8C134960 id=15 verb=0x1 -> 0x80000005	
00000370	23.98028183	System	[LAMPYRIS] PDF2 ENTER: Pin=1 Verb=0x1 InstSize=56 ValSize=152	
00000371	23.98028183	System	[LAMPYRIS] PDF2 EXIT: mode=0x9E90EA20 -> 0x0 (returned default fmt)	
00000372	23.98028374	System	[LAMPYRIS] WaveFilterProp: set=0x8C134960 id=15 verb=0x1 -> 0x0	
00000373	23.98031425	System	[LAMPYRIS] PDF1 SET: Pin=1 ValSize=104 tag=0xFFFE ch=2 rate=48000 bits=16 cb=22	
00000374	23.98031616	System	[LAMPYRIS] IsFormatSupported: Pin=1 req 2ch/48000Hz/16bit/blk4 -> 0x0	
00000375	23.98031616	System	[LAMPYRIS] WaveFilterProp: set=0x8C134960 id=14 verb=0x2 -> 0x0	
00000376	23.98076248	System	[LAMPYRIS] PDF2 ENTER: Pin=1 Verb=0x200 InstSize=8 ValSize=4	
00000377	23.98076248	System	[LAMPYRIS] WaveFilterProp: set=0x8C134960 id=15 verb=0x200 -> 0x0	
00000378	23.98076820	System	[LAMPYRIS] PDF2 ENTER: Pin=1 Verb=0x1 InstSize=56 ValSize=0	
00000379	23.98076820	System	[LAMPYRIS] WaveFilterProp: set=0x8C134960 id=15 verb=0x1 -> 0x80000005	
00000380	23.98077202	System	[LAMPYRIS] PDF2 ENTER: Pin=1 Verb=0x1 InstSize=56 ValSize=152	
00000381	23.98077393	System	[LAMPYRIS] PDF2 EXIT: mode=0xC18E2F7E -> 0x0 (returned default fmt)	
00000382	23.98077393	System	[LAMPYRIS] WaveFilterProp: set=0x8C134960 id=15 verb=0x1 -> 0x0	
00000383	23.98081207	System	[LAMPYRIS] PDF1 SET: Pin=1 ValSize=104 tag=0xFFFE ch=2 rate=48000 bits=16 cb=22	
00000384	23.98081207	System	[LAMPYRIS] IsFormatSupported: Pin=1 req 2ch/48000Hz/16bit/blk4 -> 0x0	
00000385	23.98081398	System	[LAMPYRIS] WaveFilterProp: set=0x8C134960 id=14 verb=0x2 -> 0x0	
00000386	23.98125076	System	[LAMPYRIS] PDF2 ENTER: Pin=1 Verb=0x200 InstSize=8 ValSize=4	
00000387	23.98125267	System	[LAMPYRIS] WaveFilterProp: set=0x8C134960 id=15 verb=0x200 -> 0x0	
00000388	23.98125839	System	[LAMPYRIS] PDF2 ENTER: Pin=1 Verb=0x1 InstSize=56 ValSize=0	
00000389	23.98125839	System	[LAMPYRIS] WaveFilterProp: set=0x8C134960 id=15 verb=0x1 -> 0x80000005	
00000390	23.98126411	System	[LAMPYRIS] PDF2 ENTER: Pin=1 Verb=0x1 InstSize=56 ValSize=152	
00000391	23.98126602	System	[LAMPYRIS] PDF2 EXIT: mode=0x98951333 -> 0x0 (returned default fmt)	
00000392	23.98127174	System	[LAMPYRIS] WaveFilterProp: set=0x8C134960 id=15 verb=0x1 -> 0x0	
00000393	23.98130798	System	[LAMPYRIS] PDF1 SET: Pin=1 ValSize=104 tag=0xFFFE ch=2 rate=48000 bits=16 cb=22	
00000394	23.98130989	System	[LAMPYRIS] IsFormatSupported: Pin=1 req 2ch/48000Hz/16bit/blk4 -> 0x0	
00000395	23.98131180	System	[LAMPYRIS] WaveFilterProp: set=0x8C134960 id=14 verb=0x2 -> 0x0	
00000396	23.98154068	System	[LAMPYRIS] PDF2 ENTER: Pin=1 Verb=0x200 InstSize=8 ValSize=4	
00000397	23.98154449	System	[LAMPYRIS] WaveFilterProp: set=0x8C134960 id=15 verb=0x200 -> 0x0	
00000398	23.98154640	System	[LAMPYRIS] PDF2 ENTER: Pin=1 Verb=0x1 InstSize=56 ValSize=0	
00000399	23.98154831	System	[LAMPYRIS] WaveFilterProp: set=0x8C134960 id=15 verb=0x1 -> 0x80000005	
00000400	23.98155212	System	[LAMPYRIS] PDF2 ENTER: Pin=1 Verb=0x1 InstSize=56 ValSize=152	
00000401	23.98155403	System	[LAMPYRIS] PDF2 EXIT: mode=0x28941CBA -> 0x0 (returned default fmt)	
00000402	23.98155594	System	[LAMPYRIS] WaveFilterProp: set=0x8C134960 id=15 verb=0x1 -> 0x0	
00000403	23.98158455	System	[LAMPYRIS] PDF1 SET: Pin=1 ValSize=104 tag=0xFFFE ch=2 rate=48000 bits=16 cb=22	
00000404	23.98158646	System	[LAMPYRIS] IsFormatSupported: Pin=1 req 2ch/48000Hz/16bit/blk4 -> 0x0	
00000405	23.98158646	System	[LAMPYRIS] WaveFilterProp: set=0x8C134960 id=14 verb=0x2 -> 0x0	
00000406	23.98341370	System	[LAMPYRIS] PDF1 SET GUID-only: Pin=1 ValSize=64 FmtSize=64 Flags=0x0 Major=0x73647561 Sub=0x00000001 Spec=0x05589F81	
00000407	23.98341370	System	[LAMPYRIS] WaveFilterProp: set=0x8C134960 id=14 verb=0x2 -> 0x0	
00000408	23.98399162	System	[LAMPYRIS] PDF1 SET GUID-only: Pin=1 ValSize=64 FmtSize=64 Flags=0x0 Major=0x73647561 Sub=0x00000001 Spec=0x05589F81	
00000409	23.98399353	System	[LAMPYRIS] WaveFilterProp: set=0x8C134960 id=14 verb=0x2 -> 0x0	
