00000079	14.78024197	System	[LAMPYRIS] PDF1 SET: Pin=1 ValSize=82 tag=0x1 ch=1 rate=8000 bits=16 cb=0	
00000080	14.78024673	System	[LAMPYRIS] IsFormatSupported: Pin=1 req 1ch/8000Hz/16bit/blk2 -> 0x0	
00000081	14.78024769	System	[LAMPYRIS] WaveFilterProp: set=0x8C134960 id=14 verb=0x2 -> 0x0	
00000082	14.78032207	System	[LAMPYRIS] PDF1 SET GUID-only: Pin=1 ValSize=64 FmtSize=64 Flags=0x56 Major=0x73647561 Sub=0x00000001 Spec=0x05589F81	
00000083	14.78032303	System	[LAMPYRIS] WaveFilterProp: set=0x8C134960 id=14 verb=0x2 -> 0x0	
00000084	14.78037167	System	[LAMPYRIS] PDF2 ENTER: Pin=1 Verb=0x200 InstSize=8 ValSize=4	
00000085	14.78037262	System	[LAMPYRIS] WaveFilterProp: set=0x8C134960 id=15 verb=0x200 -> 0x0	
00000086	14.78037643	System	[LAMPYRIS] PDF2 ENTER: Pin=1 Verb=0x1 InstSize=56 ValSize=0	
00000087	14.78037739	System	[LAMPYRIS] WaveFilterProp: set=0x8C134960 id=15 verb=0x1 -> 0x80000005	
00000088	14.78038120	System	[LAMPYRIS] PDF2 ENTER: Pin=1 Verb=0x1 InstSize=56 ValSize=152	
00000089	14.78038120	System	[LAMPYRIS] PDF2 EXIT: mode=0x9E90EA20 -> 0x0 (returned default fmt)	
00000090	14.78038216	System	[LAMPYRIS] WaveFilterProp: set=0x8C134960 id=15 verb=0x1 -> 0x0	
00000091	14.78041553	System	[LAMPYRIS] PDF1 SET: Pin=1 ValSize=104 tag=0xFFFE ch=2 rate=48000 bits=32 cb=22	
00000092	14.78041744	System	[LAMPYRIS] IsFormatSupported: Pin=1 req 2ch/48000Hz/32bit/blk8 -> 0x0	
00000093	14.78041935	System	[LAMPYRIS] WaveFilterProp: set=0x8C134960 id=14 verb=0x2 -> 0x0	
00000094	14.78097916	System	[LAMPYRIS] PDF2 ENTER: Pin=1 Verb=0x200 InstSize=8 ValSize=4	
00000095	14.78098106	System	[LAMPYRIS] WaveFilterProp: set=0x8C134960 id=15 verb=0x200 -> 0x0	
00000096	14.78098392	System	[LAMPYRIS] PDF2 ENTER: Pin=1 Verb=0x1 InstSize=56 ValSize=0	
00000097	14.78098583	System	[LAMPYRIS] WaveFilterProp: set=0x8C134960 id=15 verb=0x1 -> 0x80000005	
00000098	14.78098869	System	[LAMPYRIS] PDF2 ENTER: Pin=1 Verb=0x1 InstSize=56 ValSize=152	
00000099	14.78099060	System	[LAMPYRIS] PDF2 EXIT: mode=0xC18E2F7E -> 0x0 (returned default fmt)	
00000100	14.78099155	System	[LAMPYRIS] WaveFilterProp: set=0x8C134960 id=15 verb=0x1 -> 0x0	
00000101	14.78103161	System	[LAMPYRIS] PDF1 SET: Pin=1 ValSize=104 tag=0xFFFE ch=1 rate=48000 bits=16 cb=22	
00000102	14.78103161	System	[LAMPYRIS] IsFormatSupported: Pin=1 req 1ch/48000Hz/16bit/blk2 -> 0x0	
00000103	14.78103352	System	[LAMPYRIS] WaveFilterProp: set=0x8C134960 id=14 verb=0x2 -> 0x0	
00000104	14.78163528	System	[LAMPYRIS] PDF2 ENTER: Pin=1 Verb=0x200 InstSize=8 ValSize=4	
00000105	14.78163719	System	[LAMPYRIS] WaveFilterProp: set=0x8C134960 id=15 verb=0x200 -> 0x0	
00000106	14.78164196	System	[LAMPYRIS] PDF2 ENTER: Pin=1 Verb=0x1 InstSize=56 ValSize=0	
00000107	14.78164291	System	[LAMPYRIS] WaveFilterProp: set=0x8C134960 id=15 verb=0x1 -> 0x80000005	
00000108	14.78164673	System	[LAMPYRIS] PDF2 ENTER: Pin=1 Verb=0x1 InstSize=56 ValSize=152	
00000109	14.78164768	System	[LAMPYRIS] PDF2 EXIT: mode=0x98951333 -> 0x0 (returned default fmt)	
00000110	14.78164768	System	[LAMPYRIS] WaveFilterProp: set=0x8C134960 id=15 verb=0x1 -> 0x0	
00000111	14.78168488	System	[LAMPYRIS] PDF1 SET: Pin=1 ValSize=104 tag=0xFFFE ch=1 rate=24000 bits=16 cb=22	
00000112	14.78168678	System	[LAMPYRIS] IsFormatSupported: Pin=1 req 1ch/24000Hz/16bit/blk2 -> 0x0	
00000113	14.78168678	System	[LAMPYRIS] WaveFilterProp: set=0x8C134960 id=14 verb=0x2 -> 0x0	
00000114	14.78307533	System	[LAMPYRIS] MJ_CREATE FILTER nameLen=36 -> 0x0	
00000115	14.78308296	System	[LAMPYRIS] MJ_CREATE FILTER nameLen=36 -> 0x0	
00000116	14.78340626	System	[LAMPYRIS] MJ_CREATE FILTER nameLen=28 -> 0x0	
00000117	14.78341770	System	[LAMPYRIS] MJ_CREATE FILTER nameLen=28 -> 0x0	
00000118	14.78367805	System	[LAMPYRIS] PDF1 SET: Pin=1 ValSize=82 tag=0x1 ch=1 rate=8000 bits=16 cb=0	
00000119	14.78367996	System	[LAMPYRIS] IsFormatSupported: Pin=1 req 1ch/8000Hz/16bit/blk2 -> 0x0	
00000120	14.78368187	System	[LAMPYRIS] WaveFilterProp: set=0x8C134960 id=14 verb=0x2 -> 0x0	
00000121	14.78541279	System	[LAMPYRIS] PDF1 SET GUID-only: Pin=1 ValSize=64 FmtSize=64 Flags=0x0 Major=0x73647561 Sub=0x00000001 Spec=0x05589F81	
00000122	14.78541565	System	[LAMPYRIS] WaveFilterProp: set=0x8C134960 id=14 verb=0x2 -> 0x0	
00000123	14.78577900	System	[LAMPYRIS] MJ_CREATE FILTER nameLen=28 -> 0x0	
00000124	14.78714275	System	[LAMPYRIS] PDF1 SET: Pin=1 ValSize=82 tag=0x1 ch=1 rate=8000 bits=16 cb=0	
00000125	14.78714848	System	[LAMPYRIS] IsFormatSupported: Pin=1 req 1ch/8000Hz/16bit/blk2 -> 0x0	
00000126	14.78715038	System	[LAMPYRIS] WaveFilterProp: set=0x8C134960 id=14 verb=0x2 -> 0x0	
00000127	14.78749752	System	[LAMPYRIS] MJ_CREATE FILTER nameLen=28 -> 0x0	
00000128	14.78867245	System	[LAMPYRIS] PDF1 SET: Pin=1 ValSize=82 tag=0x1 ch=1 rate=8000 bits=16 cb=0	
00000129	14.78867531	System	[LAMPYRIS] IsFormatSupported: Pin=1 req 1ch/8000Hz/16bit/blk2 -> 0x0	
00000130	14.78867722	System	[LAMPYRIS] WaveFilterProp: set=0x8C134960 id=14 verb=0x2 -> 0x0	
00000131	14.78902721	System	[LAMPYRIS] MJ_CREATE FILTER nameLen=28 -> 0x0	
00000132	14.78976822	System	[LAMPYRIS] PDF2 ENTER: Pin=2 Verb=0x200 InstSize=8 ValSize=4	
00000133	14.78977108	System	[LAMPYRIS] WaveFilterProp: set=0x8C134960 id=15 verb=0x200 -> 0x0	
00000134	14.78977394	System	[LAMPYRIS] PDF2 ENTER: Pin=2 Verb=0x1 InstSize=56 ValSize=0	
00000135	14.78977585	System	[LAMPYRIS] PDF2 EXIT: mode=0x9E90EA20 found=0 -> NOT_SUPPORTED	
00000136	14.78977776	System	[LAMPYRIS] WaveFilterProp: set=0x8C134960 id=15 verb=0x1 -> 0xC00000BB	
00000137	14.79098606	System	[LAMPYRIS] PDF1 SET: Pin=2 ValSize=82 tag=0x1 ch=1 rate=16000 bits=16 cb=0	
00000138	14.79098701	System	[LAMPYRIS] IsFormatSupported: Pin=2 req 1ch/16000Hz/16bit/blk2 -> 0x0	
00000139	14.79098892	System	[LAMPYRIS] WaveFilterProp: set=0x8C134960 id=14 verb=0x2 -> 0x0	
00000140	14.79195499	System	[LAMPYRIS] PDF1 SET: Pin=1 ValSize=82 tag=0x1 ch=1 rate=8000 bits=16 cb=0	
00000141	14.79195690	System	[LAMPYRIS] IsFormatSupported: Pin=1 req 1ch/8000Hz/16bit/blk2 -> 0x0	
00000142	14.79195881	System	[LAMPYRIS] WaveFilterProp: set=0x8C134960 id=14 verb=0x2 -> 0x0	
00000143	14.79295063	System	[LAMPYRIS] PDF2 ENTER: Pin=1 Verb=0x200 InstSize=8 ValSize=4	
00000144	14.79295158	System	[LAMPYRIS] WaveFilterProp: set=0x8C134960 id=15 verb=0x200 -> 0x0	
00000145	14.79295635	System	[LAMPYRIS] PDF2 ENTER: Pin=1 Verb=0x1 InstSize=56 ValSize=0	
00000146	14.79295635	System	[LAMPYRIS] WaveFilterProp: set=0x8C134960 id=15 verb=0x1 -> 0x80000005	
00000147	14.79296207	System	[LAMPYRIS] PDF2 ENTER: Pin=1 Verb=0x1 InstSize=56 ValSize=152	
00000148	14.79296303	System	[LAMPYRIS] PDF2 EXIT: mode=0xC18E2F7E -> 0x0 (returned default fmt)	
00000149	14.79296303	System	[LAMPYRIS] WaveFilterProp: set=0x8C134960 id=15 verb=0x1 -> 0x0	
00000150	14.79431820	System	[LAMPYRIS] PDF2 ENTER: Pin=1 Verb=0x200 InstSize=8 ValSize=4	
00000151	14.79432011	System	[LAMPYRIS] WaveFilterProp: set=0x8C134960 id=15 verb=0x200 -> 0x0	
00000152	14.79432678	System	[LAMPYRIS] PDF2 ENTER: Pin=1 Verb=0x1 InstSize=56 ValSize=0	
00000153	14.79432774	System	[LAMPYRIS] WaveFilterProp: set=0x8C134960 id=15 verb=0x1 -> 0x80000005	
00000154	14.79433727	System	[LAMPYRIS] PDF2 ENTER: Pin=1 Verb=0x1 InstSize=56 ValSize=152	
00000155	14.79433918	System	[LAMPYRIS] PDF2 EXIT: mode=0x9E90EA20 -> 0x0 (returned default fmt)	
00000156	14.79434109	System	[LAMPYRIS] WaveFilterProp: set=0x8C134960 id=15 verb=0x1 -> 0x0	
00000157	14.79507065	System	[LAMPYRIS] PDF1 SET: Pin=1 ValSize=104 tag=0xFFFE ch=1 rate=48000 bits=16 cb=22	
00000158	14.79507351	System	[LAMPYRIS] IsFormatSupported: Pin=1 req 1ch/48000Hz/16bit/blk2 -> 0x0	
00000159	14.79507351	System	[LAMPYRIS] WaveFilterProp: set=0x8C134960 id=14 verb=0x2 -> 0x0	
00000160	14.79517937	System	[LAMPYRIS] MJ_CREATE FILTER nameLen=28 -> 0x0	
00000161	14.79521942	System	[LAMPYRIS] NewStream ENTER: Pin=1 Capture=1	
00000162	14.79522038	System	[LAMPYRIS] IsFormatSupported: Pin=1 req 1ch/48000Hz/16bit/blk2 -> 0x0	
00000163	14.79526043	System	[LAMPYRIS] NewStream EXIT: Pin=1 status=0x0	
00000164	14.79526520	System	[LAMPYRIS] MJ_CREATE PIN nameLen=302 -> 0x0	
00000165	14.79549122	System	[LAMPYRIS] SetState: Pin=1 0 -> 1 (0=STOP 1=ACQUIRE 2=PAUSE 3=RUN)	
00000166	14.79549599	System	[LAMPYRIS] SetState: Pin=1 1 -> 2 (0=STOP 1=ACQUIRE 2=PAUSE 3=RUN)	
00000167	14.79650116	System	[LAMPYRIS] SetState: Pin=1 2 -> 1 (0=STOP 1=ACQUIRE 2=PAUSE 3=RUN)	
00000168	14.79650688	System	[LAMPYRIS] SetState: Pin=1 1 -> 0 (0=STOP 1=ACQUIRE 2=PAUSE 3=RUN)	
00000169	14.79818249	System	[LAMPYRIS] PDF1 SET: Pin=1 ValSize=104 tag=0xFFFE ch=1 rate=48000 bits=16 cb=22	
00000170	14.79818535	System	[LAMPYRIS] IsFormatSupported: Pin=1 req 1ch/48000Hz/16bit/blk2 -> 0x0	
00000171	14.79818535	System	[LAMPYRIS] WaveFilterProp: set=0x8C134960 id=14 verb=0x2 -> 0x0	
00000172	14.79823875	System	[LAMPYRIS] PDF1 SET GUID-only: Pin=1 ValSize=64 FmtSize=64 Flags=0x56 Major=0x73647561 Sub=0x00000001 Spec=0x05589F81	
00000173	14.79823971	System	[LAMPYRIS] WaveFilterProp: set=0x8C134960 id=14 verb=0x2 -> 0x0	
00000174	14.79828167	System	[LAMPYRIS] PDF2 ENTER: Pin=1 Verb=0x200 InstSize=8 ValSize=4	
00000175	14.79828358	System	[LAMPYRIS] WaveFilterProp: set=0x8C134960 id=15 verb=0x200 -> 0x0	
00000176	14.79828644	System	[LAMPYRIS] PDF2 ENTER: Pin=1 Verb=0x1 InstSize=56 ValSize=0	
00000177	14.79828835	System	[LAMPYRIS] WaveFilterProp: set=0x8C134960 id=15 verb=0x1 -> 0x80000005	
00000178	14.79829121	System	[LAMPYRIS] PDF2 ENTER: Pin=1 Verb=0x1 InstSize=56 ValSize=152	
00000179	14.79829311	System	[LAMPYRIS] PDF2 EXIT: mode=0x9E90EA20 -> 0x0 (returned default fmt)	
00000180	14.79829311	System	[LAMPYRIS] WaveFilterProp: set=0x8C134960 id=15 verb=0x1 -> 0x0	
00000181	14.79831982	System	[LAMPYRIS] PDF1 SET: Pin=1 ValSize=104 tag=0xFFFE ch=1 rate=48000 bits=16 cb=22	
00000182	14.79831982	System	[LAMPYRIS] IsFormatSupported: Pin=1 req 1ch/48000Hz/16bit/blk2 -> 0x0	
00000183	14.79832172	System	[LAMPYRIS] WaveFilterProp: set=0x8C134960 id=14 verb=0x2 -> 0x0	
00000184	14.79877758	System	[LAMPYRIS] PDF2 ENTER: Pin=1 Verb=0x200 InstSize=8 ValSize=4	
00000185	14.79877949	System	[LAMPYRIS] WaveFilterProp: set=0x8C134960 id=15 verb=0x200 -> 0x0	
00000186	14.79878426	System	[LAMPYRIS] PDF2 ENTER: Pin=1 Verb=0x1 InstSize=56 ValSize=0	
00000187	14.79878426	System	[LAMPYRIS] WaveFilterProp: set=0x8C134960 id=15 verb=0x1 -> 0x80000005	
00000188	14.79878712	System	[LAMPYRIS] PDF2 ENTER: Pin=1 Verb=0x1 InstSize=56 ValSize=152	
00000189	14.79878902	System	[LAMPYRIS] PDF2 EXIT: mode=0xC18E2F7E -> 0x0 (returned default fmt)	
00000190	14.79878998	System	[LAMPYRIS] WaveFilterProp: set=0x8C134960 id=15 verb=0x1 -> 0x0	
00000191	14.79882717	System	[LAMPYRIS] PDF1 SET: Pin=1 ValSize=104 tag=0xFFFE ch=1 rate=48000 bits=16 cb=22	
00000192	14.79882908	System	[LAMPYRIS] IsFormatSupported: Pin=1 req 1ch/48000Hz/16bit/blk2 -> 0x0	
00000193	14.79883003	System	[LAMPYRIS] WaveFilterProp: set=0x8C134960 id=14 verb=0x2 -> 0x0	
00000194	14.79923725	System	[LAMPYRIS] PDF2 ENTER: Pin=1 Verb=0x200 InstSize=8 ValSize=4	
00000195	14.79924011	System	[LAMPYRIS] WaveFilterProp: set=0x8C134960 id=15 verb=0x200 -> 0x0	
00000196	14.79924297	System	[LAMPYRIS] PDF2 ENTER: Pin=1 Verb=0x1 InstSize=56 ValSize=0	
00000197	14.79924488	System	[LAMPYRIS] WaveFilterProp: set=0x8C134960 id=15 verb=0x1 -> 0x80000005	
00000198	14.79924774	System	[LAMPYRIS] PDF2 ENTER: Pin=1 Verb=0x1 InstSize=56 ValSize=152	
00000199	14.79924965	System	[LAMPYRIS] PDF2 EXIT: mode=0x98951333 -> 0x0 (returned default fmt)	
00000200	14.79925156	System	[LAMPYRIS] WaveFilterProp: set=0x8C134960 id=15 verb=0x1 -> 0x0	
00000201	14.79928684	System	[LAMPYRIS] PDF1 SET: Pin=1 ValSize=104 tag=0xFFFE ch=1 rate=48000 bits=16 cb=22	
00000202	14.79928780	System	[LAMPYRIS] IsFormatSupported: Pin=1 req 1ch/48000Hz/16bit/blk2 -> 0x0	
00000203	14.79928970	System	[LAMPYRIS] WaveFilterProp: set=0x8C134960 id=14 verb=0x2 -> 0x0	
00000204	14.79954052	System	[LAMPYRIS] PDF2 ENTER: Pin=1 Verb=0x200 InstSize=8 ValSize=4	
00000205	14.79954243	System	[LAMPYRIS] WaveFilterProp: set=0x8C134960 id=15 verb=0x200 -> 0x0	
00000206	14.79954720	System	[LAMPYRIS] PDF2 ENTER: Pin=1 Verb=0x1 InstSize=56 ValSize=0	
00000207	14.79954910	System	[LAMPYRIS] WaveFilterProp: set=0x8C134960 id=15 verb=0x1 -> 0x80000005	
00000208	14.79955196	System	[LAMPYRIS] PDF2 ENTER: Pin=1 Verb=0x1 InstSize=56 ValSize=152	
00000209	14.79955387	System	[LAMPYRIS] PDF2 EXIT: mode=0x28941CBA -> 0x0 (returned default fmt)	
00000210	14.79955387	System	[LAMPYRIS] WaveFilterProp: set=0x8C134960 id=15 verb=0x1 -> 0x0	
00000211	14.79959202	System	[LAMPYRIS] PDF1 SET: Pin=1 ValSize=104 tag=0xFFFE ch=1 rate=48000 bits=16 cb=22	
00000212	14.79959393	System	[LAMPYRIS] IsFormatSupported: Pin=1 req 1ch/48000Hz/16bit/blk2 -> 0x0	
00000213	14.79959393	System	[LAMPYRIS] WaveFilterProp: set=0x8C134960 id=14 verb=0x2 -> 0x0	
00000214	14.80103970	System	[LAMPYRIS] PDF1 SET GUID-only: Pin=1 ValSize=64 FmtSize=64 Flags=0x0 Major=0x73647561 Sub=0x00000001 Spec=0x05589F81	
00000215	14.80104160	System	[LAMPYRIS] WaveFilterProp: set=0x8C134960 id=14 verb=0x2 -> 0x0	
00000216	14.80163383	System	[LAMPYRIS] PDF1 SET GUID-only: Pin=1 ValSize=64 FmtSize=64 Flags=0x0 Major=0x73647561 Sub=0x00000001 Spec=0x05589F81	
00000217	14.80163479	System	[LAMPYRIS] WaveFilterProp: set=0x8C134960 id=14 verb=0x2 -> 0x0	
00000218	14.80284786	System	[LAMPYRIS] PDF1 SET: Pin=1 ValSize=104 tag=0xFFFE ch=2 rate=48000 bits=16 cb=22	
00000219	14.80285072	System	[LAMPYRIS] IsFormatSupported: Pin=1 req 2ch/48000Hz/16bit/blk4 -> 0xC0000272	
00000220	14.80285263	System	[LAMPYRIS] WaveFilterProp: set=0x8C134960 id=14 verb=0x2 -> 0xC0000272	
00000221	14.80379677	System	[LAMPYRIS] PDF2 ENTER: Pin=1 Verb=0x200 InstSize=8 ValSize=4	
00000222	14.80379963	System	[LAMPYRIS] WaveFilterProp: set=0x8C134960 id=15 verb=0x200 -> 0x0	
00000223	14.80380440	System	[LAMPYRIS] PDF2 ENTER: Pin=1 Verb=0x1 InstSize=56 ValSize=0	
00000224	14.80380630	System	[LAMPYRIS] WaveFilterProp: set=0x8C134960 id=15 verb=0x1 -> 0x80000005	
00000225	14.80380917	System	[LAMPYRIS] PDF2 ENTER: Pin=1 Verb=0x1 InstSize=56 ValSize=152	
00000226	14.80381107	System	[LAMPYRIS] PDF2 EXIT: mode=0xC18E2F7E -> 0x0 (returned default fmt)	
00000227	14.80381107	System	[LAMPYRIS] WaveFilterProp: set=0x8C134960 id=15 verb=0x1 -> 0x0	
00000228	14.80577087	System	[LAMPYRIS] PDF2 ENTER: Pin=1 Verb=0x200 InstSize=8 ValSize=4	
00000229	14.80577278	System	[LAMPYRIS] WaveFilterProp: set=0x8C134960 id=15 verb=0x200 -> 0x0	
00000230	14.80577755	System	[LAMPYRIS] PDF2 ENTER: Pin=1 Verb=0x1 InstSize=56 ValSize=0	
00000231	14.80577946	System	[LAMPYRIS] WaveFilterProp: set=0x8C134960 id=15 verb=0x1 -> 0x80000005	
00000232	14.80578232	System	[LAMPYRIS] PDF2 ENTER: Pin=1 Verb=0x1 InstSize=56 ValSize=152	
00000233	14.80578423	System	[LAMPYRIS] PDF2 EXIT: mode=0xC18E2F7E -> 0x0 (returned default fmt)	
00000234	14.80578518	System	[LAMPYRIS] WaveFilterProp: set=0x8C134960 id=15 verb=0x1 -> 0x0	
00000235	14.80813408	System	[LAMPYRIS] PDF2 ENTER: Pin=1 Verb=0x200 InstSize=8 ValSize=4	
00000236	14.80813599	System	[LAMPYRIS] WaveFilterProp: set=0x8C134960 id=15 verb=0x200 -> 0x0	
00000237	14.80814075	System	[LAMPYRIS] PDF2 ENTER: Pin=1 Verb=0x1 InstSize=56 ValSize=0	
00000238	14.80814075	System	[LAMPYRIS] WaveFilterProp: set=0x8C134960 id=15 verb=0x1 -> 0x80000005	
00000239	14.80814552	System	[LAMPYRIS] PDF2 ENTER: Pin=1 Verb=0x1 InstSize=56 ValSize=152	
00000240	14.80814743	System	[LAMPYRIS] PDF2 EXIT: mode=0x9E90EA20 -> 0x0 (returned default fmt)	
00000241	14.80814743	System	[LAMPYRIS] WaveFilterProp: set=0x8C134960 id=15 verb=0x1 -> 0x0	
00000242	14.80918407	System	[LAMPYRIS] PDF1 SET: Pin=1 ValSize=104 tag=0xFFFE ch=2 rate=48000 bits=16 cb=22	
00000243	14.80918694	System	[LAMPYRIS] IsFormatSupported: Pin=1 req 2ch/48000Hz/16bit/blk4 -> 0xC0000272	
00000244	14.80918884	System	[LAMPYRIS] WaveFilterProp: set=0x8C134960 id=14 verb=0x2 -> 0xC0000272	
00000245	14.80920124	System	[LAMPYRIS] PDF1 SET: Pin=1 ValSize=104 tag=0xFFFE ch=2 rate=48000 bits=16 cb=22	
00000246	14.80920315	System	[LAMPYRIS] IsFormatSupported: Pin=1 req 2ch/48000Hz/16bit/blk4 -> 0xC0000272	
00000247	14.80920315	System	[LAMPYRIS] WaveFilterProp: set=0x8C134960 id=14 verb=0x2 -> 0xC0000272	
