00000037	12.13312340	System	[LAMPYRIS] StartDevice: AdapterCommon->Init -> 0x0	
00000038	12.13312435	System	[LAMPYRIS] StartDevice: PcRegisterAdapterPowerManagement -> 0x0	
00000039	12.13312626	System	[LAMPYRIS] StartDevice: InstallAllRenderFilters -> 0x0	
00000040	12.13315487	System	[LAMPYRIS] InstallSubdevice TopologyMicIn: CreateAudioInterface -> 0x0	
00000041	12.13315678	System	[LAMPYRIS] InstallSubdevice TopologyMicIn: PcNewPort -> 0x0	
00000042	12.13315868	System	[LAMPYRIS] InstallSubdevice TopologyMicIn: MiniportCreate -> 0x0	
00000043	12.13316917	System	[LAMPYRIS] InstallSubdevice TopologyMicIn: port->Init -> 0x0	
00000044	12.13320732	System	[LAMPYRIS] InstallSubdevice TopologyMicIn: PcRegisterSubdevice -> 0x0	
00000045	12.13334084	System	[LAMPYRIS] InstallSubdevice WaveMicIn: CreateAudioInterface -> 0x0	
00000046	12.13334465	System	[LAMPYRIS] InstallSubdevice WaveMicIn: PcNewPort -> 0x0	
00000047	12.13334942	System	[LAMPYRIS] InstallSubdevice WaveMicIn: MiniportCreate -> 0x0	
00000048	12.13336277	System	[LAMPYRIS] InstallSubdevice WaveMicIn: port->Init -> 0x0	
00000049	12.13351727	System	[LAMPYRIS] InstallSubdevice WaveMicIn: PcRegisterSubdevice -> 0x0	
00000050	12.13352108	System	[LAMPYRIS] InstallEndpointFilters: ConnectTopologies -> 0x0	
00000051	12.13352203	System	[LAMPYRIS] StartDevice: InstallAllCaptureFilters -> 0x0	
00000052	12.13445473	System	[LAMPYRIS] MJ_CREATE FILTER nameLen=28 -> 0x0	
00000053	12.13453197	System	[LAMPYRIS] MJ_CREATE FILTER nameLen=28 -> 0x0	
00000054	12.13453960	System	[LAMPYRIS] MJ_CREATE FILTER nameLen=28 -> 0x0	
00000055	12.13575649	System	[LAMPYRIS] MJ_CREATE FILTER nameLen=20 -> 0x0	
00000056	12.13602066	System	[LAMPYRIS] MJ_CREATE FILTER nameLen=28 -> 0x0	
00000057	12.13639164	System	[LAMPYRIS] MJ_CREATE FILTER nameLen=28 -> 0x0	
00000058	12.13667965	System	[LAMPYRIS] MJ_CREATE FILTER nameLen=28 -> 0x0	
00000059	12.13711643	System	[LAMPYRIS] MJ_CREATE FILTER nameLen=20 -> 0x0	
00000060	12.13729763	System	[LAMPYRIS] MJ_CREATE FILTER nameLen=28 -> 0x0	
00000061	12.14803886	System	[LAMPYRIS] MJ_CREATE FILTER nameLen=28 -> 0x0	
00000062	12.14812279	System	[LAMPYRIS] MJ_CREATE FILTER nameLen=28 -> 0x0	
00000063	12.14824009	System	[LAMPYRIS] MJ_CREATE FILTER nameLen=28 -> 0x0	
00000064	12.14923382	System	[LAMPYRIS] MJ_CREATE FILTER nameLen=28 -> 0x0	
00000065	12.14954853	System	[LAMPYRIS] MJ_CREATE FILTER nameLen=20 -> 0x0	
00000066	12.14955616	System	[LAMPYRIS] MJ_CREATE FILTER nameLen=20 -> 0x0	
00000067	12.14985466	System	[LAMPYRIS] PDF1 SET GUID-only: Pin=1 ValSize=64 FmtSize=64 Flags=0x0 Major=0x73647561 Sub=0x00000001 Spec=0x05589F81	
00000068	12.14985657	System	[LAMPYRIS] WaveFilterProp: set=0x8C134960 id=14 verb=0x2 -> 0x0	
00000069	12.15000439	System	[LAMPYRIS] PDF1 SET GUID-only: Pin=1 ValSize=64 FmtSize=64 Flags=0x0 Major=0x73647561 Sub=0x00000092 Spec=0x05589F81	
00000070	12.15000534	System	[LAMPYRIS] WaveFilterProp: set=0x8C134960 id=14 verb=0x2 -> 0xC0000272	
00000071	12.15003586	System	[LAMPYRIS] PDF1 SET GUID-only: Pin=1 ValSize=64 FmtSize=64 Flags=0x0 Major=0x73647561 Sub=0x00000164 Spec=0x05589F81	
00000072	12.15003681	System	[LAMPYRIS] WaveFilterProp: set=0x8C134960 id=14 verb=0x2 -> 0xC0000272	
00000073	12.16208553	System	[LAMPYRIS] MJ_CREATE FILTER nameLen=20 -> 0x0	
00000074	12.16208935	System	[LAMPYRIS] MJ_CREATE FILTER nameLen=28 -> 0x0	
00000075	12.16248035	System	[LAMPYRIS] MJ_CREATE FILTER nameLen=20 -> 0x0	
00000076	12.16445160	System	[LAMPYRIS] MJ_CREATE FILTER nameLen=28 -> 0x0	
00000077	12.16530514	System	[LAMPYRIS] MJ_CREATE FILTER nameLen=20 -> 0x0	
00000078	12.16587067	System	[LAMPYRIS] PDF1 SET GUID-only: Pin=1 ValSize=64 FmtSize=64 Flags=0x30002e Major=0x73647561 Sub=0x00000001 Spec=0x05589F81	
00000079	12.16587257	System	[LAMPYRIS] WaveFilterProp: set=0x8C134960 id=14 verb=0x2 -> 0x0	
00000080	12.16603851	System	[LAMPYRIS] PDF1 SET GUID-only: Pin=2 ValSize=64 FmtSize=64 Flags=0x400 Major=0x73647561 Sub=0x00000001 Spec=0x05589F81	
00000081	12.16604042	System	[LAMPYRIS] WaveFilterProp: set=0x8C134960 id=14 verb=0x2 -> 0x0	
00000082	12.16617203	System	[LAMPYRIS] DRI: Pin=2 MyCh=1 ClientCh=1 -> PASS	
00000083	12.16713715	System	[LAMPYRIS] MJ_CREATE FILTER nameLen=20 -> 0x0	
00000084	12.16719723	System	[LAMPYRIS] NewStream ENTER: Pin=2 Capture=1	
00000085	12.16719913	System	[LAMPYRIS] IsFormatSupported: Pin=2 req 1ch/16000Hz/16bit/blk2 -> 0x0	
00000086	12.16722393	System	[LAMPYRIS] NewStream EXIT: Pin=2 status=0x0	
00000087	12.16723156	System	[LAMPYRIS] MJ_CREATE PIN nameLen=286 -> 0x0	
00000088	12.16739178	System	[LAMPYRIS] SetState: Pin=2 0 -> 1 (0=STOP 1=ACQUIRE 2=PAUSE 3=RUN)	
00000089	12.16739750	System	[LAMPYRIS] SetState: Pin=2 1 -> 2 (0=STOP 1=ACQUIRE 2=PAUSE 3=RUN)	
00000090	12.16740417	System	[LAMPYRIS] SetState: Pin=2 2 -> 1 (0=STOP 1=ACQUIRE 2=PAUSE 3=RUN)	
00000091	12.16741276	System	[LAMPYRIS] SetState: Pin=2 1 -> 0 (0=STOP 1=ACQUIRE 2=PAUSE 3=RUN)	
00000092	12.16754723	System	[LAMPYRIS] DRI: Pin=2 MyCh=1 ClientCh=1 -> PASS	
00000093	12.16776371	System	[LAMPYRIS] PDF2 ENTER: Pin=2 Verb=0x200 InstSize=8 ValSize=4	
00000094	12.16776562	System	[LAMPYRIS] WaveFilterProp: set=0x8C134960 id=15 verb=0x200 -> 0x0	
00000095	12.16776943	System	[LAMPYRIS] PDF2 ENTER: Pin=2 Verb=0x1 InstSize=56 ValSize=0	
00000096	12.16777134	System	[LAMPYRIS] WaveFilterProp: set=0x8C134960 id=15 verb=0x1 -> 0x80000005	
00000097	12.16777992	System	[LAMPYRIS] PDF2 ENTER: Pin=2 Verb=0x1 InstSize=56 ValSize=152	
00000098	12.16778183	System	[LAMPYRIS] PDF2 EXIT: mode=0xFC1CFC9B -> 0x0 (returned default fmt)	
00000099	12.16778278	System	[LAMPYRIS] WaveFilterProp: set=0x8C134960 id=15 verb=0x1 -> 0x0	
00000100	12.16807365	System	[LAMPYRIS] DRI: Pin=1 MyCh=1 ClientCh=1 -> PASS	
00000101	12.16822433	System	[LAMPYRIS] PDF1 SET: Pin=1 ValSize=82 tag=0x1 ch=1 rate=8000 bits=16 cb=0	
00000102	12.16822624	System	[LAMPYRIS] IsFormatSupported: Pin=1 req 1ch/8000Hz/16bit/blk2 -> 0x0	
00000103	12.16823196	System	[LAMPYRIS] WaveFilterProp: set=0x8C134960 id=14 verb=0x2 -> 0x0	
00000104	12.16832447	System	[LAMPYRIS] MJ_CREATE FILTER nameLen=20 -> 0x0	
00000105	12.16836548	System	[LAMPYRIS] NewStream ENTER: Pin=1 Capture=1	
00000106	12.16836834	System	[LAMPYRIS] IsFormatSupported: Pin=1 req 1ch/8000Hz/16bit/blk2 -> 0x0	
00000107	12.16838837	System	[LAMPYRIS] NewStream EXIT: Pin=1 status=0x0	
00000108	12.16839314	System	[LAMPYRIS] MJ_CREATE PIN nameLen=286 -> 0x0	
00000109	12.16855049	System	[LAMPYRIS] SetState: Pin=1 0 -> 1 (0=STOP 1=ACQUIRE 2=PAUSE 3=RUN)	
00000110	12.16855621	System	[LAMPYRIS] SetState: Pin=1 1 -> 2 (0=STOP 1=ACQUIRE 2=PAUSE 3=RUN)	
00000111	12.16856098	System	[LAMPYRIS] SetState: Pin=1 2 -> 1 (0=STOP 1=ACQUIRE 2=PAUSE 3=RUN)	
00000112	12.16856384	System	[LAMPYRIS] SetState: Pin=1 1 -> 0 (0=STOP 1=ACQUIRE 2=PAUSE 3=RUN)	
00000113	12.16870022	System	[LAMPYRIS] DRI: Pin=1 MyCh=1 ClientCh=1 -> PASS	
00000114	12.16890907	System	[LAMPYRIS] PDF1 SET GUID-only: Pin=1 ValSize=64 FmtSize=64 Flags=0x0 Major=0x73647561 Sub=0x00000001 Spec=0x05589F81	
00000115	12.16891003	System	[LAMPYRIS] WaveFilterProp: set=0x8C134960 id=14 verb=0x2 -> 0x0	
00000116	12.16895485	System	[LAMPYRIS] PDF2 ENTER: Pin=1 Verb=0x200 InstSize=8 ValSize=4	
00000117	12.16895580	System	[LAMPYRIS] WaveFilterProp: set=0x8C134960 id=15 verb=0x200 -> 0x0	
00000118	12.16895962	System	[LAMPYRIS] PDF2 ENTER: Pin=1 Verb=0x1 InstSize=56 ValSize=0	
00000119	12.16896057	System	[LAMPYRIS] WaveFilterProp: set=0x8C134960 id=15 verb=0x1 -> 0x80000005	
00000120	12.16896439	System	[LAMPYRIS] PDF2 ENTER: Pin=1 Verb=0x1 InstSize=56 ValSize=152	
00000121	12.16896534	System	[LAMPYRIS] PDF2 EXIT: mode=0x9E90EA20 -> 0x0 (returned default fmt)	
00000122	12.16896629	System	[LAMPYRIS] WaveFilterProp: set=0x8C134960 id=15 verb=0x1 -> 0x0	
00000123	12.16911697	System	[LAMPYRIS] PDF1 SET: Pin=1 ValSize=104 tag=0xFFFE ch=1 rate=48000 bits=16 cb=22	
00000124	12.16911793	System	[LAMPYRIS] IsFormatSupported: Pin=1 req 1ch/48000Hz/16bit/blk2 -> 0x0	
00000125	12.16911983	System	[LAMPYRIS] WaveFilterProp: set=0x8C134960 id=14 verb=0x2 -> 0x0	
00000126	12.16921329	System	[LAMPYRIS] MJ_CREATE FILTER nameLen=20 -> 0x0	
00000127	12.16925144	System	[LAMPYRIS] NewStream ENTER: Pin=1 Capture=1	
00000128	12.16925240	System	[LAMPYRIS] IsFormatSupported: Pin=1 req 1ch/48000Hz/16bit/blk2 -> 0x0	
00000129	12.16927338	System	[LAMPYRIS] NewStream EXIT: Pin=1 status=0x0	
00000130	12.16927624	System	[LAMPYRIS] MJ_CREATE PIN nameLen=302 -> 0x0	
00000131	12.16942787	System	[LAMPYRIS] SetState: Pin=1 0 -> 1 (0=STOP 1=ACQUIRE 2=PAUSE 3=RUN)	
00000132	12.16943169	System	[LAMPYRIS] SetState: Pin=1 1 -> 2 (0=STOP 1=ACQUIRE 2=PAUSE 3=RUN)	
00000133	12.16943645	System	[LAMPYRIS] SetState: Pin=1 2 -> 1 (0=STOP 1=ACQUIRE 2=PAUSE 3=RUN)	
00000134	12.16943932	System	[LAMPYRIS] SetState: Pin=1 1 -> 0 (0=STOP 1=ACQUIRE 2=PAUSE 3=RUN)	
00000135	12.16965294	System	[LAMPYRIS] PDF1 SET: Pin=1 ValSize=104 tag=0xFFFE ch=1 rate=11025 bits=16 cb=22	
00000136	12.16965485	System	[LAMPYRIS] IsFormatSupported: Pin=1 req 1ch/11025Hz/16bit/blk2 -> 0x0	
00000137	12.16965580	System	[LAMPYRIS] WaveFilterProp: set=0x8C134960 id=14 verb=0x2 -> 0x0	
00000138	12.16974068	System	[LAMPYRIS] MJ_CREATE FILTER nameLen=20 -> 0x0	
00000139	12.16977787	System	[LAMPYRIS] NewStream ENTER: Pin=1 Capture=1	
00000140	12.16977882	System	[LAMPYRIS] IsFormatSupported: Pin=1 req 1ch/11025Hz/16bit/blk2 -> 0x0	
00000141	12.16979885	System	[LAMPYRIS] NewStream EXIT: Pin=1 status=0x0	
00000142	12.16980076	System	[LAMPYRIS] MJ_CREATE PIN nameLen=302 -> 0x0	
00000143	12.16998386	System	[LAMPYRIS] SetState: Pin=1 0 -> 1 (0=STOP 1=ACQUIRE 2=PAUSE 3=RUN)	
00000144	12.16999054	System	[LAMPYRIS] SetState: Pin=1 1 -> 2 (0=STOP 1=ACQUIRE 2=PAUSE 3=RUN)	
00000145	12.16999531	System	[LAMPYRIS] SetState: Pin=1 2 -> 1 (0=STOP 1=ACQUIRE 2=PAUSE 3=RUN)	
00000146	12.16999912	System	[LAMPYRIS] SetState: Pin=1 1 -> 0 (0=STOP 1=ACQUIRE 2=PAUSE 3=RUN)	
00000147	12.17026806	System	[LAMPYRIS] PDF1 SET: Pin=1 ValSize=104 tag=0xFFFE ch=1 rate=16000 bits=16 cb=22	
00000148	12.17026997	System	[LAMPYRIS] IsFormatSupported: Pin=1 req 1ch/16000Hz/16bit/blk2 -> 0x0	
00000149	12.17027092	System	[LAMPYRIS] WaveFilterProp: set=0x8C134960 id=14 verb=0x2 -> 0x0	
00000150	12.17036819	System	[LAMPYRIS] MJ_CREATE FILTER nameLen=20 -> 0x0	
00000151	12.17039967	System	[LAMPYRIS] NewStream ENTER: Pin=1 Capture=1	
00000152	12.17040157	System	[LAMPYRIS] IsFormatSupported: Pin=1 req 1ch/16000Hz/16bit/blk2 -> 0x0	
00000153	12.17042065	System	[LAMPYRIS] NewStream EXIT: Pin=1 status=0x0	
00000154	12.17042351	System	[LAMPYRIS] MJ_CREATE PIN nameLen=302 -> 0x0	
00000155	12.17059231	System	[LAMPYRIS] SetState: Pin=1 0 -> 1 (0=STOP 1=ACQUIRE 2=PAUSE 3=RUN)	
00000156	12.17059612	System	[LAMPYRIS] SetState: Pin=1 1 -> 2 (0=STOP 1=ACQUIRE 2=PAUSE 3=RUN)	
00000157	12.17059994	System	[LAMPYRIS] SetState: Pin=1 2 -> 1 (0=STOP 1=ACQUIRE 2=PAUSE 3=RUN)	
00000158	12.17060375	System	[LAMPYRIS] SetState: Pin=1 1 -> 0 (0=STOP 1=ACQUIRE 2=PAUSE 3=RUN)	
00000159	12.17084408	System	[LAMPYRIS] PDF1 SET: Pin=1 ValSize=104 tag=0xFFFE ch=1 rate=22050 bits=16 cb=22	
00000160	12.17084599	System	[LAMPYRIS] IsFormatSupported: Pin=1 req 1ch/22050Hz/16bit/blk2 -> 0x0	
00000161	12.17084694	System	[LAMPYRIS] WaveFilterProp: set=0x8C134960 id=14 verb=0x2 -> 0x0	
00000162	12.17093658	System	[LAMPYRIS] MJ_CREATE FILTER nameLen=20 -> 0x0	
00000163	12.17096710	System	[LAMPYRIS] NewStream ENTER: Pin=1 Capture=1	
00000164	12.17096996	System	[LAMPYRIS] IsFormatSupported: Pin=1 req 1ch/22050Hz/16bit/blk2 -> 0x0	
00000165	12.17100239	System	[LAMPYRIS] NewStream EXIT: Pin=1 status=0x0	
00000166	12.17100525	System	[LAMPYRIS] MJ_CREATE PIN nameLen=302 -> 0x0	
00000167	12.17114449	System	[LAMPYRIS] SetState: Pin=1 0 -> 1 (0=STOP 1=ACQUIRE 2=PAUSE 3=RUN)	
00000168	12.17114830	System	[LAMPYRIS] SetState: Pin=1 1 -> 2 (0=STOP 1=ACQUIRE 2=PAUSE 3=RUN)	
00000169	12.17115211	System	[LAMPYRIS] SetState: Pin=1 2 -> 1 (0=STOP 1=ACQUIRE 2=PAUSE 3=RUN)	
00000170	12.17115498	System	[LAMPYRIS] SetState: Pin=1 1 -> 0 (0=STOP 1=ACQUIRE 2=PAUSE 3=RUN)	
00000171	12.17137432	System	[LAMPYRIS] PDF1 SET: Pin=1 ValSize=104 tag=0xFFFE ch=1 rate=24000 bits=16 cb=22	
00000172	12.17137718	System	[LAMPYRIS] IsFormatSupported: Pin=1 req 1ch/24000Hz/16bit/blk2 -> 0x0	
00000173	12.17137718	System	[LAMPYRIS] WaveFilterProp: set=0x8C134960 id=14 verb=0x2 -> 0x0	
00000174	12.17146683	System	[LAMPYRIS] MJ_CREATE FILTER nameLen=20 -> 0x0	
00000175	12.17149830	System	[LAMPYRIS] NewStream ENTER: Pin=1 Capture=1	
00000176	12.17150021	System	[LAMPYRIS] IsFormatSupported: Pin=1 req 1ch/24000Hz/16bit/blk2 -> 0x0	
00000177	12.17151928	System	[LAMPYRIS] NewStream EXIT: Pin=1 status=0x0	
00000178	12.17152119	System	[LAMPYRIS] MJ_CREATE PIN nameLen=302 -> 0x0	
00000179	12.17168522	System	[LAMPYRIS] SetState: Pin=1 0 -> 1 (0=STOP 1=ACQUIRE 2=PAUSE 3=RUN)	
00000180	12.17168903	System	[LAMPYRIS] SetState: Pin=1 1 -> 2 (0=STOP 1=ACQUIRE 2=PAUSE 3=RUN)	
00000181	12.17169285	System	[LAMPYRIS] SetState: Pin=1 2 -> 1 (0=STOP 1=ACQUIRE 2=PAUSE 3=RUN)	
00000182	12.17169571	System	[LAMPYRIS] SetState: Pin=1 1 -> 0 (0=STOP 1=ACQUIRE 2=PAUSE 3=RUN)	
00000183	12.17190838	System	[LAMPYRIS] PDF1 SET: Pin=1 ValSize=104 tag=0xFFFE ch=1 rate=32000 bits=16 cb=22	
00000184	12.17191124	System	[LAMPYRIS] IsFormatSupported: Pin=1 req 1ch/32000Hz/16bit/blk2 -> 0x0	
00000185	12.17191219	System	[LAMPYRIS] WaveFilterProp: set=0x8C134960 id=14 verb=0x2 -> 0x0	
00000186	12.17200756	System	[LAMPYRIS] MJ_CREATE FILTER nameLen=20 -> 0x0	
00000187	12.17204189	System	[LAMPYRIS] NewStream ENTER: Pin=1 Capture=1	
00000188	12.17204285	System	[LAMPYRIS] IsFormatSupported: Pin=1 req 1ch/32000Hz/16bit/blk2 -> 0x0	
00000189	12.17206192	System	[LAMPYRIS] NewStream EXIT: Pin=1 status=0x0	
00000190	12.17206287	System	[LAMPYRIS] MJ_CREATE PIN nameLen=302 -> 0x0	
00000191	12.17220974	System	[LAMPYRIS] SetState: Pin=1 0 -> 1 (0=STOP 1=ACQUIRE 2=PAUSE 3=RUN)	
00000192	12.17221260	System	[LAMPYRIS] SetState: Pin=1 1 -> 2 (0=STOP 1=ACQUIRE 2=PAUSE 3=RUN)	
00000193	12.17222118	System	[LAMPYRIS] SetState: Pin=1 2 -> 1 (0=STOP 1=ACQUIRE 2=PAUSE 3=RUN)	
00000194	12.17222500	System	[LAMPYRIS] SetState: Pin=1 1 -> 0 (0=STOP 1=ACQUIRE 2=PAUSE 3=RUN)	
00000195	12.17242527	System	[LAMPYRIS] PDF1 SET: Pin=1 ValSize=104 tag=0xFFFE ch=1 rate=44100 bits=16 cb=22	
00000196	12.17242622	System	[LAMPYRIS] IsFormatSupported: Pin=1 req 1ch/44100Hz/16bit/blk2 -> 0x0	
00000197	12.17242813	System	[LAMPYRIS] WaveFilterProp: set=0x8C134960 id=14 verb=0x2 -> 0x0	
00000198	12.17251492	System	[LAMPYRIS] MJ_CREATE FILTER nameLen=20 -> 0x0	
00000199	12.17254734	System	[LAMPYRIS] NewStream ENTER: Pin=1 Capture=1	
00000200	12.17254829	System	[LAMPYRIS] IsFormatSupported: Pin=1 req 1ch/44100Hz/16bit/blk2 -> 0x0	
00000201	12.17257309	System	[LAMPYRIS] NewStream EXIT: Pin=1 status=0x0	
00000202	12.17257404	System	[LAMPYRIS] MJ_CREATE PIN nameLen=302 -> 0x0	
00000203	12.17271519	System	[LAMPYRIS] SetState: Pin=1 0 -> 1 (0=STOP 1=ACQUIRE 2=PAUSE 3=RUN)	
00000204	12.17271996	System	[LAMPYRIS] SetState: Pin=1 1 -> 2 (0=STOP 1=ACQUIRE 2=PAUSE 3=RUN)	
00000205	12.17272377	System	[LAMPYRIS] SetState: Pin=1 2 -> 1 (0=STOP 1=ACQUIRE 2=PAUSE 3=RUN)	
00000206	12.17272758	System	[LAMPYRIS] SetState: Pin=1 1 -> 0 (0=STOP 1=ACQUIRE 2=PAUSE 3=RUN)	
00000207	12.17293930	System	[LAMPYRIS] PDF1 SET: Pin=1 ValSize=104 tag=0xFFFE ch=1 rate=48000 bits=32 cb=22	
00000208	12.17294121	System	[LAMPYRIS] IsFormatSupported: Pin=1 req 1ch/48000Hz/32bit/blk4 -> 0xC0000272	
00000209	12.17294216	System	[LAMPYRIS] WaveFilterProp: set=0x8C134960 id=14 verb=0x2 -> 0xC0000272	
00000210	12.17295551	System	[LAMPYRIS] PDF1 SET: Pin=1 ValSize=104 tag=0xFFFE ch=1 rate=48000 bits=32 cb=22	
00000211	12.17295647	System	[LAMPYRIS] IsFormatSupported: Pin=1 req 1ch/48000Hz/32bit/blk4 -> 0xC0000272	
00000212	12.17295837	System	[LAMPYRIS] WaveFilterProp: set=0x8C134960 id=14 verb=0x2 -> 0xC0000272	
00000213	12.17312050	System	[LAMPYRIS] PDF1 SET: Pin=1 ValSize=104 tag=0xFFFE ch=2 rate=48000 bits=32 cb=22	
00000214	12.17312241	System	[LAMPYRIS] IsFormatSupported: Pin=1 req 2ch/48000Hz/32bit/blk8 -> 0xC0000272	
00000215	12.17312431	System	[LAMPYRIS] WaveFilterProp: set=0x8C134960 id=14 verb=0x2 -> 0xC0000272	
00000216	12.17313480	System	[LAMPYRIS] PDF1 SET: Pin=1 ValSize=104 tag=0xFFFE ch=2 rate=48000 bits=32 cb=22	
00000217	12.17313671	System	[LAMPYRIS] IsFormatSupported: Pin=1 req 2ch/48000Hz/32bit/blk8 -> 0xC0000272	
00000218	12.17313862	System	[LAMPYRIS] WaveFilterProp: set=0x8C134960 id=14 verb=0x2 -> 0xC0000272	
00000219	12.17325401	System	[LAMPYRIS] DRI: Pin=1 MyCh=1 ClientCh=1 -> PASS	
00000220	12.17339802	System	[LAMPYRIS] PDF1 SET: Pin=1 ValSize=82 tag=0x1 ch=1 rate=8000 bits=16 cb=0	
00000221	12.17340088	System	[LAMPYRIS] IsFormatSupported: Pin=1 req 1ch/8000Hz/16bit/blk2 -> 0x0	
00000222	12.17340183	System	[LAMPYRIS] WaveFilterProp: set=0x8C134960 id=14 verb=0x2 -> 0x0	
00000223	12.17348766	System	[LAMPYRIS] MJ_CREATE FILTER nameLen=20 -> 0x0	
00000224	12.17352009	System	[LAMPYRIS] NewStream ENTER: Pin=1 Capture=1	
00000225	12.17352200	System	[LAMPYRIS] IsFormatSupported: Pin=1 req 1ch/8000Hz/16bit/blk2 -> 0x0	
00000226	12.17354679	System	[LAMPYRIS] NewStream EXIT: Pin=1 status=0x0	
00000227	12.17354965	System	[LAMPYRIS] MJ_CREATE PIN nameLen=286 -> 0x0	
00000228	12.17370033	System	[LAMPYRIS] SetState: Pin=1 0 -> 1 (0=STOP 1=ACQUIRE 2=PAUSE 3=RUN)	
00000229	12.17370510	System	[LAMPYRIS] SetState: Pin=1 1 -> 2 (0=STOP 1=ACQUIRE 2=PAUSE 3=RUN)	
00000230	12.17370892	System	[LAMPYRIS] SetState: Pin=1 2 -> 1 (0=STOP 1=ACQUIRE 2=PAUSE 3=RUN)	
00000231	12.17371178	System	[LAMPYRIS] SetState: Pin=1 1 -> 0 (0=STOP 1=ACQUIRE 2=PAUSE 3=RUN)	
00000232	12.17384624	System	[LAMPYRIS] PDF2 ENTER: Pin=1 Verb=0x200 InstSize=8 ValSize=4	
00000233	12.17384911	System	[LAMPYRIS] WaveFilterProp: set=0x8C134960 id=15 verb=0x200 -> 0x0	
00000234	12.17385769	System	[LAMPYRIS] PDF2 ENTER: Pin=1 Verb=0x1 InstSize=56 ValSize=0	
00000235	12.17385960	System	[LAMPYRIS] WaveFilterProp: set=0x8C134960 id=15 verb=0x1 -> 0x80000005	
00000236	12.17386341	System	[LAMPYRIS] PDF2 ENTER: Pin=1 Verb=0x1 InstSize=56 ValSize=152	
00000237	12.17386436	System	[LAMPYRIS] PDF2 EXIT: mode=0xC18E2F7E -> 0x0 (returned default fmt)	
00000238	12.17386627	System	[LAMPYRIS] WaveFilterProp: set=0x8C134960 id=15 verb=0x1 -> 0x0	
00000239	12.17405796	System	[LAMPYRIS] PDF1 SET: Pin=1 ValSize=104 tag=0xFFFE ch=1 rate=48000 bits=16 cb=22	
00000240	12.17405987	System	[LAMPYRIS] IsFormatSupported: Pin=1 req 1ch/48000Hz/16bit/blk2 -> 0x0	
00000241	12.17406178	System	[LAMPYRIS] WaveFilterProp: set=0x8C134960 id=14 verb=0x2 -> 0x0	
00000242	12.17417717	System	[LAMPYRIS] MJ_CREATE FILTER nameLen=20 -> 0x0	
00000243	12.17421150	System	[LAMPYRIS] NewStream ENTER: Pin=1 Capture=1	
00000244	12.17421246	System	[LAMPYRIS] IsFormatSupported: Pin=1 req 1ch/48000Hz/16bit/blk2 -> 0x0	
00000245	12.17423725	System	[LAMPYRIS] NewStream EXIT: Pin=1 status=0x0	
00000246	12.17424011	System	[LAMPYRIS] MJ_CREATE PIN nameLen=302 -> 0x0	
00000247	12.17437744	System	[LAMPYRIS] SetState: Pin=1 0 -> 1 (0=STOP 1=ACQUIRE 2=PAUSE 3=RUN)	
00000248	12.17438126	System	[LAMPYRIS] SetState: Pin=1 1 -> 2 (0=STOP 1=ACQUIRE 2=PAUSE 3=RUN)	
00000249	12.17438507	System	[LAMPYRIS] SetState: Pin=1 2 -> 1 (0=STOP 1=ACQUIRE 2=PAUSE 3=RUN)	
00000250	12.17438793	System	[LAMPYRIS] SetState: Pin=1 1 -> 0 (0=STOP 1=ACQUIRE 2=PAUSE 3=RUN)	
00000251	12.17459488	System	[LAMPYRIS] PDF1 SET: Pin=1 ValSize=104 tag=0xFFFE ch=1 rate=11025 bits=16 cb=22	
00000252	12.17459679	System	[LAMPYRIS] IsFormatSupported: Pin=1 req 1ch/11025Hz/16bit/blk2 -> 0x0	
00000253	12.17459869	System	[LAMPYRIS] WaveFilterProp: set=0x8C134960 id=14 verb=0x2 -> 0x0	
00000254	12.17468071	System	[LAMPYRIS] MJ_CREATE FILTER nameLen=20 -> 0x0	
00000255	12.17472172	System	[LAMPYRIS] NewStream ENTER: Pin=1 Capture=1	
00000256	12.17472363	System	[LAMPYRIS] IsFormatSupported: Pin=1 req 1ch/11025Hz/16bit/blk2 -> 0x0	
00000257	12.17474174	System	[LAMPYRIS] NewStream EXIT: Pin=1 status=0x0	
00000258	12.17474365	System	[LAMPYRIS] MJ_CREATE PIN nameLen=302 -> 0x0	
00000259	12.17492867	System	[LAMPYRIS] SetState: Pin=1 0 -> 1 (0=STOP 1=ACQUIRE 2=PAUSE 3=RUN)	
00000260	12.17493248	System	[LAMPYRIS] SetState: Pin=1 1 -> 2 (0=STOP 1=ACQUIRE 2=PAUSE 3=RUN)	
00000261	12.17493725	System	[LAMPYRIS] SetState: Pin=1 2 -> 1 (0=STOP 1=ACQUIRE 2=PAUSE 3=RUN)	
00000262	12.17494011	System	[LAMPYRIS] SetState: Pin=1 1 -> 0 (0=STOP 1=ACQUIRE 2=PAUSE 3=RUN)	
00000263	12.17516613	System	[LAMPYRIS] PDF1 SET: Pin=1 ValSize=104 tag=0xFFFE ch=1 rate=16000 bits=16 cb=22	
00000264	12.17516804	System	[LAMPYRIS] IsFormatSupported: Pin=1 req 1ch/16000Hz/16bit/blk2 -> 0x0	
00000265	12.17516994	System	[LAMPYRIS] WaveFilterProp: set=0x8C134960 id=14 verb=0x2 -> 0x0	
00000266	12.17525101	System	[LAMPYRIS] MJ_CREATE FILTER nameLen=20 -> 0x0	
00000267	12.17529202	System	[LAMPYRIS] NewStream ENTER: Pin=1 Capture=1	
00000268	12.17529392	System	[LAMPYRIS] IsFormatSupported: Pin=1 req 1ch/16000Hz/16bit/blk2 -> 0x0	
00000269	12.17531109	System	[LAMPYRIS] NewStream EXIT: Pin=1 status=0x0	
00000270	12.17531395	System	[LAMPYRIS] MJ_CREATE PIN nameLen=302 -> 0x0	
00000271	12.17547226	System	[LAMPYRIS] SetState: Pin=1 0 -> 1 (0=STOP 1=ACQUIRE 2=PAUSE 3=RUN)	
00000272	12.17547512	System	[LAMPYRIS] SetState: Pin=1 1 -> 2 (0=STOP 1=ACQUIRE 2=PAUSE 3=RUN)	
00000273	12.17547989	System	[LAMPYRIS] SetState: Pin=1 2 -> 1 (0=STOP 1=ACQUIRE 2=PAUSE 3=RUN)	
00000274	12.17548275	System	[LAMPYRIS] SetState: Pin=1 1 -> 0 (0=STOP 1=ACQUIRE 2=PAUSE 3=RUN)	
00000275	12.17567730	System	[LAMPYRIS] PDF1 SET: Pin=1 ValSize=104 tag=0xFFFE ch=1 rate=22050 bits=16 cb=22	
00000276	12.17567921	System	[LAMPYRIS] IsFormatSupported: Pin=1 req 1ch/22050Hz/16bit/blk2 -> 0x0	
00000277	12.17568016	System	[LAMPYRIS] WaveFilterProp: set=0x8C134960 id=14 verb=0x2 -> 0x0	
00000278	12.17578793	System	[LAMPYRIS] MJ_CREATE FILTER nameLen=20 -> 0x0	
00000279	12.17582893	System	[LAMPYRIS] NewStream ENTER: Pin=1 Capture=1	
00000280	12.17583084	System	[LAMPYRIS] IsFormatSupported: Pin=1 req 1ch/22050Hz/16bit/blk2 -> 0x0	
00000281	12.17585564	System	[LAMPYRIS] NewStream EXIT: Pin=1 status=0x0	
00000282	12.17585850	System	[LAMPYRIS] MJ_CREATE PIN nameLen=302 -> 0x0	
00000283	12.17599678	System	[LAMPYRIS] SetState: Pin=1 0 -> 1 (0=STOP 1=ACQUIRE 2=PAUSE 3=RUN)	
00000284	12.17600536	System	[LAMPYRIS] SetState: Pin=1 1 -> 2 (0=STOP 1=ACQUIRE 2=PAUSE 3=RUN)	
00000285	12.17600918	System	[LAMPYRIS] SetState: Pin=1 2 -> 1 (0=STOP 1=ACQUIRE 2=PAUSE 3=RUN)	
00000286	12.17601395	System	[LAMPYRIS] SetState: Pin=1 1 -> 0 (0=STOP 1=ACQUIRE 2=PAUSE 3=RUN)	
00000287	12.17624283	System	[LAMPYRIS] PDF1 SET: Pin=1 ValSize=104 tag=0xFFFE ch=1 rate=24000 bits=16 cb=22	
00000288	12.17624378	System	[LAMPYRIS] IsFormatSupported: Pin=1 req 1ch/24000Hz/16bit/blk2 -> 0x0	
00000289	12.17624569	System	[LAMPYRIS] WaveFilterProp: set=0x8C134960 id=14 verb=0x2 -> 0x0	
00000290	12.17632675	System	[LAMPYRIS] MJ_CREATE FILTER nameLen=20 -> 0x0	
00000291	12.17636013	System	[LAMPYRIS] NewStream ENTER: Pin=1 Capture=1	
00000292	12.17636204	System	[LAMPYRIS] IsFormatSupported: Pin=1 req 1ch/24000Hz/16bit/blk2 -> 0x0	
00000293	12.17638016	System	[LAMPYRIS] NewStream EXIT: Pin=1 status=0x0	
00000294	12.17638206	System	[LAMPYRIS] MJ_CREATE PIN nameLen=302 -> 0x0	
00000295	12.17652798	System	[LAMPYRIS] SetState: Pin=1 0 -> 1 (0=STOP 1=ACQUIRE 2=PAUSE 3=RUN)	
00000296	12.17653084	System	[LAMPYRIS] SetState: Pin=1 1 -> 2 (0=STOP 1=ACQUIRE 2=PAUSE 3=RUN)	
00000297	12.17653561	System	[LAMPYRIS] SetState: Pin=1 2 -> 1 (0=STOP 1=ACQUIRE 2=PAUSE 3=RUN)	
00000298	12.17653847	System	[LAMPYRIS] SetState: Pin=1 1 -> 0 (0=STOP 1=ACQUIRE 2=PAUSE 3=RUN)	
00000299	12.17676353	System	[LAMPYRIS] PDF1 SET: Pin=1 ValSize=104 tag=0xFFFE ch=1 rate=32000 bits=16 cb=22	
00000300	12.17676544	System	[LAMPYRIS] IsFormatSupported: Pin=1 req 1ch/32000Hz/16bit/blk2 -> 0x0	
00000301	12.17676735	System	[LAMPYRIS] WaveFilterProp: set=0x8C134960 id=14 verb=0x2 -> 0x0	
00000302	12.17685795	System	[LAMPYRIS] MJ_CREATE FILTER nameLen=20 -> 0x0	
00000303	12.17688942	System	[LAMPYRIS] NewStream ENTER: Pin=1 Capture=1	
00000304	12.17689133	System	[LAMPYRIS] IsFormatSupported: Pin=1 req 1ch/32000Hz/16bit/blk2 -> 0x0	
00000305	12.17691326	System	[LAMPYRIS] NewStream EXIT: Pin=1 status=0x0	
00000306	12.17691708	System	[LAMPYRIS] MJ_CREATE PIN nameLen=302 -> 0x0	
00000307	12.17705727	System	[LAMPYRIS] SetState: Pin=1 0 -> 1 (0=STOP 1=ACQUIRE 2=PAUSE 3=RUN)	
00000308	12.17706203	System	[LAMPYRIS] SetState: Pin=1 1 -> 2 (0=STOP 1=ACQUIRE 2=PAUSE 3=RUN)	
00000309	12.17706585	System	[LAMPYRIS] SetState: Pin=1 2 -> 1 (0=STOP 1=ACQUIRE 2=PAUSE 3=RUN)	
00000310	12.17706871	System	[LAMPYRIS] SetState: Pin=1 1 -> 0 (0=STOP 1=ACQUIRE 2=PAUSE 3=RUN)	
00000311	12.17725563	System	[LAMPYRIS] PDF1 SET: Pin=1 ValSize=104 tag=0xFFFE ch=1 rate=44100 bits=16 cb=22	
00000312	12.17725849	System	[LAMPYRIS] IsFormatSupported: Pin=1 req 1ch/44100Hz/16bit/blk2 -> 0x0	
00000313	12.17725945	System	[LAMPYRIS] WaveFilterProp: set=0x8C134960 id=14 verb=0x2 -> 0x0	
00000314	12.17734241	System	[LAMPYRIS] MJ_CREATE FILTER nameLen=20 -> 0x0	
00000315	12.17737198	System	[LAMPYRIS] NewStream ENTER: Pin=1 Capture=1	
00000316	12.17737484	System	[LAMPYRIS] IsFormatSupported: Pin=1 req 1ch/44100Hz/16bit/blk2 -> 0x0	
00000317	12.17739677	System	[LAMPYRIS] NewStream EXIT: Pin=1 status=0x0	
00000318	12.17739868	System	[LAMPYRIS] MJ_CREATE PIN nameLen=302 -> 0x0	
00000319	12.17754555	System	[LAMPYRIS] SetState: Pin=1 0 -> 1 (0=STOP 1=ACQUIRE 2=PAUSE 3=RUN)	
00000320	12.17754841	System	[LAMPYRIS] SetState: Pin=1 1 -> 2 (0=STOP 1=ACQUIRE 2=PAUSE 3=RUN)	
00000321	12.17755318	System	[LAMPYRIS] SetState: Pin=1 2 -> 1 (0=STOP 1=ACQUIRE 2=PAUSE 3=RUN)	
00000322	12.17755604	System	[LAMPYRIS] SetState: Pin=1 1 -> 0 (0=STOP 1=ACQUIRE 2=PAUSE 3=RUN)	
00000323	12.17774200	System	[LAMPYRIS] PDF1 SET: Pin=1 ValSize=104 tag=0xFFFE ch=1 rate=48000 bits=32 cb=22	
00000324	12.17774487	System	[LAMPYRIS] IsFormatSupported: Pin=1 req 1ch/48000Hz/32bit/blk4 -> 0xC0000272	
00000325	12.17774582	System	[LAMPYRIS] WaveFilterProp: set=0x8C134960 id=14 verb=0x2 -> 0xC0000272	
00000326	12.17776203	System	[LAMPYRIS] PDF1 SET: Pin=1 ValSize=104 tag=0xFFFE ch=1 rate=48000 bits=32 cb=22	
00000327	12.17776394	System	[LAMPYRIS] IsFormatSupported: Pin=1 req 1ch/48000Hz/32bit/blk4 -> 0xC0000272	
00000328	12.17776489	System	[LAMPYRIS] WaveFilterProp: set=0x8C134960 id=14 verb=0x2 -> 0xC0000272	
00000329	12.17791080	System	[LAMPYRIS] PDF1 SET: Pin=1 ValSize=104 tag=0xFFFE ch=2 rate=48000 bits=32 cb=22	
00000330	12.17791176	System	[LAMPYRIS] IsFormatSupported: Pin=1 req 2ch/48000Hz/32bit/blk8 -> 0xC0000272	
00000331	12.17791367	System	[LAMPYRIS] WaveFilterProp: set=0x8C134960 id=14 verb=0x2 -> 0xC0000272	
00000332	12.17792416	System	[LAMPYRIS] PDF1 SET: Pin=1 ValSize=104 tag=0xFFFE ch=2 rate=48000 bits=32 cb=22	
00000333	12.17792511	System	[LAMPYRIS] IsFormatSupported: Pin=1 req 2ch/48000Hz/32bit/blk8 -> 0xC0000272	
00000334	12.17792606	System	[LAMPYRIS] WaveFilterProp: set=0x8C134960 id=14 verb=0x2 -> 0xC0000272	
00000335	12.17803669	System	[LAMPYRIS] DRI: Pin=1 MyCh=1 ClientCh=1 -> PASS	
00000336	12.17817402	System	[LAMPYRIS] PDF1 SET: Pin=1 ValSize=82 tag=0x1 ch=1 rate=8000 bits=16 cb=0	
00000337	12.17817497	System	[LAMPYRIS] IsFormatSupported: Pin=1 req 1ch/8000Hz/16bit/blk2 -> 0x0	
00000338	12.17817593	System	[LAMPYRIS] WaveFilterProp: set=0x8C134960 id=14 verb=0x2 -> 0x0	
00000339	12.17825985	System	[LAMPYRIS] MJ_CREATE FILTER nameLen=20 -> 0x0	
00000340	12.17828846	System	[LAMPYRIS] NewStream ENTER: Pin=1 Capture=1	
00000341	12.17829037	System	[LAMPYRIS] IsFormatSupported: Pin=1 req 1ch/8000Hz/16bit/blk2 -> 0x0	
00000342	12.17831326	System	[LAMPYRIS] NewStream EXIT: Pin=1 status=0x0	
00000343	12.17831516	System	[LAMPYRIS] MJ_CREATE PIN nameLen=286 -> 0x0	
00000344	12.17846107	System	[LAMPYRIS] SetState: Pin=1 0 -> 1 (0=STOP 1=ACQUIRE 2=PAUSE 3=RUN)	
00000345	12.17846489	System	[LAMPYRIS] SetState: Pin=1 1 -> 2 (0=STOP 1=ACQUIRE 2=PAUSE 3=RUN)	
00000346	12.17846870	System	[LAMPYRIS] SetState: Pin=1 2 -> 1 (0=STOP 1=ACQUIRE 2=PAUSE 3=RUN)	
00000347	12.17847157	System	[LAMPYRIS] SetState: Pin=1 1 -> 0 (0=STOP 1=ACQUIRE 2=PAUSE 3=RUN)	
00000348	12.17856121	System	[LAMPYRIS] PDF2 ENTER: Pin=1 Verb=0x200 InstSize=8 ValSize=4	
00000349	12.17856216	System	[LAMPYRIS] WaveFilterProp: set=0x8C134960 id=15 verb=0x200 -> 0x0	
00000350	12.17856598	System	[LAMPYRIS] PDF2 ENTER: Pin=1 Verb=0x1 InstSize=56 ValSize=0	
00000351	12.17856693	System	[LAMPYRIS] WaveFilterProp: set=0x8C134960 id=15 verb=0x1 -> 0x80000005	
00000352	12.17857075	System	[LAMPYRIS] PDF2 ENTER: Pin=1 Verb=0x1 InstSize=56 ValSize=152	
00000353	12.17857170	System	[LAMPYRIS] PDF2 EXIT: mode=0x98951333 -> 0x0 (returned default fmt)	
00000354	12.17857265	System	[LAMPYRIS] WaveFilterProp: set=0x8C134960 id=15 verb=0x1 -> 0x0	
00000355	12.17871666	System	[LAMPYRIS] PDF1 SET: Pin=1 ValSize=104 tag=0xFFFE ch=1 rate=48000 bits=16 cb=22	
00000356	12.17871857	System	[LAMPYRIS] IsFormatSupported: Pin=1 req 1ch/48000Hz/16bit/blk2 -> 0x0	
00000357	12.17872047	System	[LAMPYRIS] WaveFilterProp: set=0x8C134960 id=14 verb=0x2 -> 0x0	
00000358	12.17880440	System	[LAMPYRIS] MJ_CREATE FILTER nameLen=20 -> 0x0	
00000359	12.17884159	System	[LAMPYRIS] NewStream ENTER: Pin=1 Capture=1	
00000360	12.17884350	System	[LAMPYRIS] IsFormatSupported: Pin=1 req 1ch/48000Hz/16bit/blk2 -> 0x0	
00000361	12.17886639	System	[LAMPYRIS] NewStream EXIT: Pin=1 status=0x0	
00000362	12.17886925	System	[LAMPYRIS] MJ_CREATE PIN nameLen=302 -> 0x0	
00000363	12.17901325	System	[LAMPYRIS] SetState: Pin=1 0 -> 1 (0=STOP 1=ACQUIRE 2=PAUSE 3=RUN)	
00000364	12.17901802	System	[LAMPYRIS] SetState: Pin=1 1 -> 2 (0=STOP 1=ACQUIRE 2=PAUSE 3=RUN)	
00000365	12.17902088	System	[LAMPYRIS] SetState: Pin=1 2 -> 1 (0=STOP 1=ACQUIRE 2=PAUSE 3=RUN)	
00000366	12.17902374	System	[LAMPYRIS] SetState: Pin=1 1 -> 0 (0=STOP 1=ACQUIRE 2=PAUSE 3=RUN)	
00000367	12.17922115	System	[LAMPYRIS] PDF1 SET: Pin=1 ValSize=104 tag=0xFFFE ch=1 rate=11025 bits=16 cb=22	
00000368	12.17922878	System	[LAMPYRIS] IsFormatSupported: Pin=1 req 1ch/11025Hz/16bit/blk2 -> 0x0	
00000369	12.17922974	System	[LAMPYRIS] WaveFilterProp: set=0x8C134960 id=14 verb=0x2 -> 0x0	
00000370	12.17931175	System	[LAMPYRIS] MJ_CREATE FILTER nameLen=20 -> 0x0	
00000371	12.17934036	System	[LAMPYRIS] NewStream ENTER: Pin=1 Capture=1	
00000372	12.17934227	System	[LAMPYRIS] IsFormatSupported: Pin=1 req 1ch/11025Hz/16bit/blk2 -> 0x0	
00000373	12.17936420	System	[LAMPYRIS] NewStream EXIT: Pin=1 status=0x0	
00000374	12.17936611	System	[LAMPYRIS] MJ_CREATE PIN nameLen=302 -> 0x0	
00000375	12.17951870	System	[LAMPYRIS] SetState: Pin=1 0 -> 1 (0=STOP 1=ACQUIRE 2=PAUSE 3=RUN)	
00000376	12.17952251	System	[LAMPYRIS] SetState: Pin=1 1 -> 2 (0=STOP 1=ACQUIRE 2=PAUSE 3=RUN)	
00000377	12.17952633	System	[LAMPYRIS] SetState: Pin=1 2 -> 1 (0=STOP 1=ACQUIRE 2=PAUSE 3=RUN)	
00000378	12.17952919	System	[LAMPYRIS] SetState: Pin=1 1 -> 0 (0=STOP 1=ACQUIRE 2=PAUSE 3=RUN)	
00000379	12.17973900	System	[LAMPYRIS] PDF1 SET: Pin=1 ValSize=104 tag=0xFFFE ch=1 rate=16000 bits=16 cb=22	
00000380	12.17974186	System	[LAMPYRIS] IsFormatSupported: Pin=1 req 1ch/16000Hz/16bit/blk2 -> 0x0	
00000381	12.17974281	System	[LAMPYRIS] WaveFilterProp: set=0x8C134960 id=14 verb=0x2 -> 0x0	
00000382	12.17985535	System	[LAMPYRIS] MJ_CREATE FILTER nameLen=20 -> 0x0	
00000383	12.17988491	System	[LAMPYRIS] NewStream ENTER: Pin=1 Capture=1	
00000384	12.17988682	System	[LAMPYRIS] IsFormatSupported: Pin=1 req 1ch/16000Hz/16bit/blk2 -> 0x0	
00000385	12.17990971	System	[LAMPYRIS] NewStream EXIT: Pin=1 status=0x0	
00000386	12.17991161	System	[LAMPYRIS] MJ_CREATE PIN nameLen=302 -> 0x0	
00000387	12.18005562	System	[LAMPYRIS] SetState: Pin=1 0 -> 1 (0=STOP 1=ACQUIRE 2=PAUSE 3=RUN)	
00000388	12.18005943	System	[LAMPYRIS] SetState: Pin=1 1 -> 2 (0=STOP 1=ACQUIRE 2=PAUSE 3=RUN)	
00000389	12.18006229	System	[LAMPYRIS] SetState: Pin=1 2 -> 1 (0=STOP 1=ACQUIRE 2=PAUSE 3=RUN)	
00000390	12.18006516	System	[LAMPYRIS] SetState: Pin=1 1 -> 0 (0=STOP 1=ACQUIRE 2=PAUSE 3=RUN)	
00000391	12.18028450	System	[LAMPYRIS] PDF1 SET: Pin=1 ValSize=104 tag=0xFFFE ch=1 rate=22050 bits=16 cb=22	
00000392	12.18028736	System	[LAMPYRIS] IsFormatSupported: Pin=1 req 1ch/22050Hz/16bit/blk2 -> 0x0	
00000393	12.18028831	System	[LAMPYRIS] WaveFilterProp: set=0x8C134960 id=14 verb=0x2 -> 0x0	
00000394	12.18036842	System	[LAMPYRIS] MJ_CREATE FILTER nameLen=20 -> 0x0	
00000395	12.18042755	System	[LAMPYRIS] NewStream ENTER: Pin=1 Capture=1	
00000396	12.18042946	System	[LAMPYRIS] IsFormatSupported: Pin=1 req 1ch/22050Hz/16bit/blk2 -> 0x0	
00000397	12.18045235	System	[LAMPYRIS] NewStream EXIT: Pin=1 status=0x0	
00000398	12.18045521	System	[LAMPYRIS] MJ_CREATE PIN nameLen=302 -> 0x0	
00000399	12.18059635	System	[LAMPYRIS] SetState: Pin=1 0 -> 1 (0=STOP 1=ACQUIRE 2=PAUSE 3=RUN)	
00000400	12.18060017	System	[LAMPYRIS] SetState: Pin=1 1 -> 2 (0=STOP 1=ACQUIRE 2=PAUSE 3=RUN)	
00000401	12.18060398	System	[LAMPYRIS] SetState: Pin=1 2 -> 1 (0=STOP 1=ACQUIRE 2=PAUSE 3=RUN)	
00000402	12.18060684	System	[LAMPYRIS] SetState: Pin=1 1 -> 0 (0=STOP 1=ACQUIRE 2=PAUSE 3=RUN)	
00000403	12.18083000	System	[LAMPYRIS] PDF1 SET: Pin=1 ValSize=104 tag=0xFFFE ch=1 rate=24000 bits=16 cb=22	
00000404	12.18083191	System	[LAMPYRIS] IsFormatSupported: Pin=1 req 1ch/24000Hz/16bit/blk2 -> 0x0	
00000405	12.18083954	System	[LAMPYRIS] WaveFilterProp: set=0x8C134960 id=14 verb=0x2 -> 0x0	
00000406	12.18092060	System	[LAMPYRIS] MJ_CREATE FILTER nameLen=20 -> 0x0	
00000407	12.18095493	System	[LAMPYRIS] NewStream ENTER: Pin=1 Capture=1	
00000408	12.18095684	System	[LAMPYRIS] IsFormatSupported: Pin=1 req 1ch/24000Hz/16bit/blk2 -> 0x0	
00000409	12.18097496	System	[LAMPYRIS] NewStream EXIT: Pin=1 status=0x0	
00000410	12.18097782	System	[LAMPYRIS] MJ_CREATE PIN nameLen=302 -> 0x0	
00000411	12.18111515	System	[LAMPYRIS] SetState: Pin=1 0 -> 1 (0=STOP 1=ACQUIRE 2=PAUSE 3=RUN)	
00000412	12.18111897	System	[LAMPYRIS] SetState: Pin=1 1 -> 2 (0=STOP 1=ACQUIRE 2=PAUSE 3=RUN)	
00000413	12.18112278	System	[LAMPYRIS] SetState: Pin=1 2 -> 1 (0=STOP 1=ACQUIRE 2=PAUSE 3=RUN)	
00000414	12.18112946	System	[LAMPYRIS] SetState: Pin=1 1 -> 0 (0=STOP 1=ACQUIRE 2=PAUSE 3=RUN)	
00000415	12.18132401	System	[LAMPYRIS] PDF1 SET: Pin=1 ValSize=104 tag=0xFFFE ch=1 rate=32000 bits=16 cb=22	
00000416	12.18132591	System	[LAMPYRIS] IsFormatSupported: Pin=1 req 1ch/32000Hz/16bit/blk2 -> 0x0	
00000417	12.18132687	System	[LAMPYRIS] WaveFilterProp: set=0x8C134960 id=14 verb=0x2 -> 0x0	
00000418	12.18140697	System	[LAMPYRIS] MJ_CREATE FILTER nameLen=20 -> 0x0	
00000419	12.18144035	System	[LAMPYRIS] NewStream ENTER: Pin=1 Capture=1	
00000420	12.18144226	System	[LAMPYRIS] IsFormatSupported: Pin=1 req 1ch/32000Hz/16bit/blk2 -> 0x0	
00000421	12.18146038	System	[LAMPYRIS] NewStream EXIT: Pin=1 status=0x0	
00000422	12.18146229	System	[LAMPYRIS] MJ_CREATE PIN nameLen=302 -> 0x0	
00000423	12.18160915	System	[LAMPYRIS] SetState: Pin=1 0 -> 1 (0=STOP 1=ACQUIRE 2=PAUSE 3=RUN)	
00000424	12.18161201	System	[LAMPYRIS] SetState: Pin=1 1 -> 2 (0=STOP 1=ACQUIRE 2=PAUSE 3=RUN)	
00000425	12.18161964	System	[LAMPYRIS] SetState: Pin=1 2 -> 1 (0=STOP 1=ACQUIRE 2=PAUSE 3=RUN)	
00000426	12.18162441	System	[LAMPYRIS] SetState: Pin=1 1 -> 0 (0=STOP 1=ACQUIRE 2=PAUSE 3=RUN)	
00000427	12.18181419	System	[LAMPYRIS] PDF1 SET: Pin=1 ValSize=104 tag=0xFFFE ch=1 rate=44100 bits=16 cb=22	
00000428	12.18181705	System	[LAMPYRIS] IsFormatSupported: Pin=1 req 1ch/44100Hz/16bit/blk2 -> 0x0	
00000429	12.18181801	System	[LAMPYRIS] WaveFilterProp: set=0x8C134960 id=14 verb=0x2 -> 0x0	
00000430	12.18190384	System	[LAMPYRIS] MJ_CREATE FILTER nameLen=20 -> 0x0	
00000431	12.18193722	System	[LAMPYRIS] NewStream ENTER: Pin=1 Capture=1	
00000432	12.18193913	System	[LAMPYRIS] IsFormatSupported: Pin=1 req 1ch/44100Hz/16bit/blk2 -> 0x0	
00000433	12.18195724	System	[LAMPYRIS] NewStream EXIT: Pin=1 status=0x0	
00000434	12.18195915	System	[LAMPYRIS] MJ_CREATE PIN nameLen=302 -> 0x0	
00000435	12.18210793	System	[LAMPYRIS] SetState: Pin=1 0 -> 1 (0=STOP 1=ACQUIRE 2=PAUSE 3=RUN)	
00000436	12.18211174	System	[LAMPYRIS] SetState: Pin=1 1 -> 2 (0=STOP 1=ACQUIRE 2=PAUSE 3=RUN)	
00000437	12.18211651	System	[LAMPYRIS] SetState: Pin=1 2 -> 1 (0=STOP 1=ACQUIRE 2=PAUSE 3=RUN)	
00000438	12.18212032	System	[LAMPYRIS] SetState: Pin=1 1 -> 0 (0=STOP 1=ACQUIRE 2=PAUSE 3=RUN)	
00000439	12.18232346	System	[LAMPYRIS] PDF1 SET: Pin=1 ValSize=104 tag=0xFFFE ch=1 rate=48000 bits=32 cb=22	
00000440	12.18232441	System	[LAMPYRIS] IsFormatSupported: Pin=1 req 1ch/48000Hz/32bit/blk4 -> 0xC0000272	
00000441	12.18232632	System	[LAMPYRIS] WaveFilterProp: set=0x8C134960 id=14 verb=0x2 -> 0xC0000272	
00000442	12.18234253	System	[LAMPYRIS] PDF1 SET: Pin=1 ValSize=104 tag=0xFFFE ch=1 rate=48000 bits=32 cb=22	
00000443	12.18234444	System	[LAMPYRIS] IsFormatSupported: Pin=1 req 1ch/48000Hz/32bit/blk4 -> 0xC0000272	
00000444	12.18234444	System	[LAMPYRIS] WaveFilterProp: set=0x8C134960 id=14 verb=0x2 -> 0xC0000272	
00000445	12.18248367	System	[LAMPYRIS] PDF1 SET: Pin=1 ValSize=104 tag=0xFFFE ch=2 rate=48000 bits=32 cb=22	
00000446	12.18248463	System	[LAMPYRIS] IsFormatSupported: Pin=1 req 2ch/48000Hz/32bit/blk8 -> 0xC0000272	
00000447	12.18248558	System	[LAMPYRIS] WaveFilterProp: set=0x8C134960 id=14 verb=0x2 -> 0xC0000272	
00000448	12.18249607	System	[LAMPYRIS] PDF1 SET: Pin=1 ValSize=104 tag=0xFFFE ch=2 rate=48000 bits=32 cb=22	
00000449	12.18249798	System	[LAMPYRIS] IsFormatSupported: Pin=1 req 2ch/48000Hz/32bit/blk8 -> 0xC0000272	
00000450	12.18249798	System	[LAMPYRIS] WaveFilterProp: set=0x8C134960 id=14 verb=0x2 -> 0xC0000272	
00000451	12.18265057	System	[LAMPYRIS] DRI: Pin=1 MyCh=1 ClientCh=1 -> PASS	
00000452	12.18278790	System	[LAMPYRIS] PDF1 SET: Pin=1 ValSize=82 tag=0x1 ch=1 rate=8000 bits=16 cb=0	
00000453	12.18278980	System	[LAMPYRIS] IsFormatSupported: Pin=1 req 1ch/8000Hz/16bit/blk2 -> 0x0	
00000454	12.18279076	System	[LAMPYRIS] WaveFilterProp: set=0x8C134960 id=14 verb=0x2 -> 0x0	
00000455	12.18290520	System	[LAMPYRIS] MJ_CREATE FILTER nameLen=20 -> 0x0	
00000456	12.18293476	System	[LAMPYRIS] NewStream ENTER: Pin=1 Capture=1	
00000457	12.18293571	System	[LAMPYRIS] IsFormatSupported: Pin=1 req 1ch/8000Hz/16bit/blk2 -> 0x0	
00000458	12.18295860	System	[LAMPYRIS] NewStream EXIT: Pin=1 status=0x0	
00000459	12.18296051	System	[LAMPYRIS] MJ_CREATE PIN nameLen=286 -> 0x0	
00000460	12.18310452	System	[LAMPYRIS] SetState: Pin=1 0 -> 1 (0=STOP 1=ACQUIRE 2=PAUSE 3=RUN)	
00000461	12.18310833	System	[LAMPYRIS] SetState: Pin=1 1 -> 2 (0=STOP 1=ACQUIRE 2=PAUSE 3=RUN)	
00000462	12.18311214	System	[LAMPYRIS] SetState: Pin=1 2 -> 1 (0=STOP 1=ACQUIRE 2=PAUSE 3=RUN)	
00000463	12.18311501	System	[LAMPYRIS] SetState: Pin=1 1 -> 0 (0=STOP 1=ACQUIRE 2=PAUSE 3=RUN)	
00000464	12.18319988	System	[LAMPYRIS] PDF2 ENTER: Pin=1 Verb=0x200 InstSize=8 ValSize=4	
00000465	12.18320179	System	[LAMPYRIS] WaveFilterProp: set=0x8C134960 id=15 verb=0x200 -> 0x0	
00000466	12.18320465	System	[LAMPYRIS] PDF2 ENTER: Pin=1 Verb=0x1 InstSize=56 ValSize=0	
00000467	12.18320656	System	[LAMPYRIS] WaveFilterProp: set=0x8C134960 id=15 verb=0x1 -> 0x80000005	
00000468	12.18320942	System	[LAMPYRIS] PDF2 ENTER: Pin=1 Verb=0x1 InstSize=56 ValSize=152	
00000469	12.18321037	System	[LAMPYRIS] PDF2 EXIT: mode=0xFC1CFC9B -> 0x0 (returned default fmt)	
00000470	12.18321133	System	[LAMPYRIS] WaveFilterProp: set=0x8C134960 id=15 verb=0x1 -> 0x0	
00000471	12.18335533	System	[LAMPYRIS] PDF1 SET: Pin=1 ValSize=104 tag=0xFFFE ch=1 rate=48000 bits=16 cb=22	
00000472	12.18335724	System	[LAMPYRIS] IsFormatSupported: Pin=1 req 1ch/48000Hz/16bit/blk2 -> 0x0	
00000473	12.18335724	System	[LAMPYRIS] WaveFilterProp: set=0x8C134960 id=14 verb=0x2 -> 0x0	
00000474	12.18344116	System	[LAMPYRIS] MJ_CREATE FILTER nameLen=20 -> 0x0	
00000475	12.18347073	System	[LAMPYRIS] NewStream ENTER: Pin=1 Capture=1	
00000476	12.18347168	System	[LAMPYRIS] IsFormatSupported: Pin=1 req 1ch/48000Hz/16bit/blk2 -> 0x0	
00000477	12.18348980	System	[LAMPYRIS] NewStream EXIT: Pin=1 status=0x0	
00000478	12.18349171	System	[LAMPYRIS] MJ_CREATE PIN nameLen=302 -> 0x0	
00000479	12.18363476	System	[LAMPYRIS] SetState: Pin=1 0 -> 1 (0=STOP 1=ACQUIRE 2=PAUSE 3=RUN)	
00000480	12.18363953	System	[LAMPYRIS] SetState: Pin=1 1 -> 2 (0=STOP 1=ACQUIRE 2=PAUSE 3=RUN)	
00000481	12.18364429	System	[LAMPYRIS] SetState: Pin=1 2 -> 1 (0=STOP 1=ACQUIRE 2=PAUSE 3=RUN)	
00000482	12.18364716	System	[LAMPYRIS] SetState: Pin=1 1 -> 0 (0=STOP 1=ACQUIRE 2=PAUSE 3=RUN)	
00000483	12.18385124	System	[LAMPYRIS] PDF1 SET: Pin=1 ValSize=104 tag=0xFFFE ch=1 rate=11025 bits=16 cb=22	
00000484	12.18385315	System	[LAMPYRIS] IsFormatSupported: Pin=1 req 1ch/11025Hz/16bit/blk2 -> 0x0	
00000485	12.18385410	System	[LAMPYRIS] WaveFilterProp: set=0x8C134960 id=14 verb=0x2 -> 0x0	
00000486	12.18393612	System	[LAMPYRIS] MJ_CREATE FILTER nameLen=20 -> 0x0	
00000487	12.18396568	System	[LAMPYRIS] NewStream ENTER: Pin=1 Capture=1	
00000488	12.18396759	System	[LAMPYRIS] IsFormatSupported: Pin=1 req 1ch/11025Hz/16bit/blk2 -> 0x0	
00000489	12.18398857	System	[LAMPYRIS] NewStream EXIT: Pin=1 status=0x0	
00000490	12.18399143	System	[LAMPYRIS] MJ_CREATE PIN nameLen=302 -> 0x0	
00000491	12.18414307	System	[LAMPYRIS] SetState: Pin=1 0 -> 1 (0=STOP 1=ACQUIRE 2=PAUSE 3=RUN)	
00000492	12.18414688	System	[LAMPYRIS] SetState: Pin=1 1 -> 2 (0=STOP 1=ACQUIRE 2=PAUSE 3=RUN)	
00000493	12.18415070	System	[LAMPYRIS] SetState: Pin=1 2 -> 1 (0=STOP 1=ACQUIRE 2=PAUSE 3=RUN)	
00000494	12.18415356	System	[LAMPYRIS] SetState: Pin=1 1 -> 0 (0=STOP 1=ACQUIRE 2=PAUSE 3=RUN)	
00000495	12.18434143	System	[LAMPYRIS] PDF1 SET: Pin=1 ValSize=104 tag=0xFFFE ch=1 rate=16000 bits=16 cb=22	
00000496	12.18434429	System	[LAMPYRIS] IsFormatSupported: Pin=1 req 1ch/16000Hz/16bit/blk2 -> 0x0	
00000497	12.18434525	System	[LAMPYRIS] WaveFilterProp: set=0x8C134960 id=14 verb=0x2 -> 0x0	
00000498	12.18444824	System	[LAMPYRIS] MJ_CREATE FILTER nameLen=20 -> 0x0	
00000499	12.18448257	System	[LAMPYRIS] NewStream ENTER: Pin=1 Capture=1	
00000500	12.18448353	System	[LAMPYRIS] IsFormatSupported: Pin=1 req 1ch/16000Hz/16bit/blk2 -> 0x0	
00000501	12.18450165	System	[LAMPYRIS] NewStream EXIT: Pin=1 status=0x0	
00000502	12.18450356	System	[LAMPYRIS] MJ_CREATE PIN nameLen=302 -> 0x0	
00000503	12.18465233	System	[LAMPYRIS] SetState: Pin=1 0 -> 1 (0=STOP 1=ACQUIRE 2=PAUSE 3=RUN)	
00000504	12.18465614	System	[LAMPYRIS] SetState: Pin=1 1 -> 2 (0=STOP 1=ACQUIRE 2=PAUSE 3=RUN)	
00000505	12.18466091	System	[LAMPYRIS] SetState: Pin=1 2 -> 1 (0=STOP 1=ACQUIRE 2=PAUSE 3=RUN)	
00000506	12.18466377	System	[LAMPYRIS] SetState: Pin=1 1 -> 0 (0=STOP 1=ACQUIRE 2=PAUSE 3=RUN)	
00000507	12.18486595	System	[LAMPYRIS] PDF1 SET: Pin=1 ValSize=104 tag=0xFFFE ch=1 rate=22050 bits=16 cb=22	
00000508	12.18486691	System	[LAMPYRIS] IsFormatSupported: Pin=1 req 1ch/22050Hz/16bit/blk2 -> 0x0	
00000509	12.18486881	System	[LAMPYRIS] WaveFilterProp: set=0x8C134960 id=14 verb=0x2 -> 0x0	
00000510	12.18494892	System	[LAMPYRIS] MJ_CREATE FILTER nameLen=20 -> 0x0	
00000511	12.18498230	System	[LAMPYRIS] NewStream ENTER: Pin=1 Capture=1	
00000512	12.18498421	System	[LAMPYRIS] IsFormatSupported: Pin=1 req 1ch/22050Hz/16bit/blk2 -> 0x0	
00000513	12.18500042	System	[LAMPYRIS] NewStream EXIT: Pin=1 status=0x0	
00000514	12.18500328	System	[LAMPYRIS] MJ_CREATE PIN nameLen=302 -> 0x0	
00000515	12.18515110	System	[LAMPYRIS] SetState: Pin=1 0 -> 1 (0=STOP 1=ACQUIRE 2=PAUSE 3=RUN)	
00000516	12.18515873	System	[LAMPYRIS] SetState: Pin=1 1 -> 2 (0=STOP 1=ACQUIRE 2=PAUSE 3=RUN)	
00000517	12.18516350	System	[LAMPYRIS] SetState: Pin=1 2 -> 1 (0=STOP 1=ACQUIRE 2=PAUSE 3=RUN)	
00000518	12.18516636	System	[LAMPYRIS] SetState: Pin=1 1 -> 0 (0=STOP 1=ACQUIRE 2=PAUSE 3=RUN)	
00000519	12.18535805	System	[LAMPYRIS] PDF1 SET: Pin=1 ValSize=104 tag=0xFFFE ch=1 rate=24000 bits=16 cb=22	
00000520	12.18535995	System	[LAMPYRIS] IsFormatSupported: Pin=1 req 1ch/24000Hz/16bit/blk2 -> 0x0	
00000521	12.18536186	System	[LAMPYRIS] WaveFilterProp: set=0x8C134960 id=14 verb=0x2 -> 0x0	
00000522	12.18543911	System	[LAMPYRIS] MJ_CREATE FILTER nameLen=20 -> 0x0	
00000523	12.18547249	System	[LAMPYRIS] NewStream ENTER: Pin=1 Capture=1	
00000524	12.18547440	System	[LAMPYRIS] IsFormatSupported: Pin=1 req 1ch/24000Hz/16bit/blk2 -> 0x0	
00000525	12.18549156	System	[LAMPYRIS] NewStream EXIT: Pin=1 status=0x0	
00000526	12.18549347	System	[LAMPYRIS] MJ_CREATE PIN nameLen=302 -> 0x0	
00000527	12.18563843	System	[LAMPYRIS] SetState: Pin=1 0 -> 1 (0=STOP 1=ACQUIRE 2=PAUSE 3=RUN)	
00000528	12.18564224	System	[LAMPYRIS] SetState: Pin=1 1 -> 2 (0=STOP 1=ACQUIRE 2=PAUSE 3=RUN)	
00000529	12.18565083	System	[LAMPYRIS] SetState: Pin=1 2 -> 1 (0=STOP 1=ACQUIRE 2=PAUSE 3=RUN)	
00000530	12.18565369	System	[LAMPYRIS] SetState: Pin=1 1 -> 0 (0=STOP 1=ACQUIRE 2=PAUSE 3=RUN)	
00000531	12.18584824	System	[LAMPYRIS] PDF1 SET: Pin=1 ValSize=104 tag=0xFFFE ch=1 rate=32000 bits=16 cb=22	
00000532	12.18585014	System	[LAMPYRIS] IsFormatSupported: Pin=1 req 1ch/32000Hz/16bit/blk2 -> 0x0	
00000533	12.18585110	System	[LAMPYRIS] WaveFilterProp: set=0x8C134960 id=14 verb=0x2 -> 0x0	
00000534	12.18593025	System	[LAMPYRIS] MJ_CREATE FILTER nameLen=20 -> 0x0	
00000535	12.18596363	System	[LAMPYRIS] NewStream ENTER: Pin=1 Capture=1	
00000536	12.18596458	System	[LAMPYRIS] IsFormatSupported: Pin=1 req 1ch/32000Hz/16bit/blk2 -> 0x0	
00000537	12.18598270	System	[LAMPYRIS] NewStream EXIT: Pin=1 status=0x0	
00000538	12.18598366	System	[LAMPYRIS] MJ_CREATE PIN nameLen=302 -> 0x0	
00000539	12.18612766	System	[LAMPYRIS] SetState: Pin=1 0 -> 1 (0=STOP 1=ACQUIRE 2=PAUSE 3=RUN)	
00000540	12.18613529	System	[LAMPYRIS] SetState: Pin=1 1 -> 2 (0=STOP 1=ACQUIRE 2=PAUSE 3=RUN)	
00000541	12.18613911	System	[LAMPYRIS] SetState: Pin=1 2 -> 1 (0=STOP 1=ACQUIRE 2=PAUSE 3=RUN)	
00000542	12.18614197	System	[LAMPYRIS] SetState: Pin=1 1 -> 0 (0=STOP 1=ACQUIRE 2=PAUSE 3=RUN)	
00000543	12.18633175	System	[LAMPYRIS] PDF1 SET: Pin=1 ValSize=104 tag=0xFFFE ch=1 rate=44100 bits=16 cb=22	
00000544	12.18633461	System	[LAMPYRIS] IsFormatSupported: Pin=1 req 1ch/44100Hz/16bit/blk2 -> 0x0	
00000545	12.18633556	System	[LAMPYRIS] WaveFilterProp: set=0x8C134960 id=14 verb=0x2 -> 0x0	
00000546	12.18641281	System	[LAMPYRIS] MJ_CREATE FILTER nameLen=20 -> 0x0	
00000547	12.18644619	System	[LAMPYRIS] NewStream ENTER: Pin=1 Capture=1	
00000548	12.18644810	System	[LAMPYRIS] IsFormatSupported: Pin=1 req 1ch/44100Hz/16bit/blk2 -> 0x0	
00000549	12.18646526	System	[LAMPYRIS] NewStream EXIT: Pin=1 status=0x0	
00000550	12.18646717	System	[LAMPYRIS] MJ_CREATE PIN nameLen=302 -> 0x0	
00000551	12.18661022	System	[LAMPYRIS] SetState: Pin=1 0 -> 1 (0=STOP 1=ACQUIRE 2=PAUSE 3=RUN)	
00000552	12.18661404	System	[LAMPYRIS] SetState: Pin=1 1 -> 2 (0=STOP 1=ACQUIRE 2=PAUSE 3=RUN)	
00000553	12.18661785	System	[LAMPYRIS] SetState: Pin=1 2 -> 1 (0=STOP 1=ACQUIRE 2=PAUSE 3=RUN)	
00000554	12.18662453	System	[LAMPYRIS] SetState: Pin=1 1 -> 0 (0=STOP 1=ACQUIRE 2=PAUSE 3=RUN)	
00000555	12.18681431	System	[LAMPYRIS] PDF1 SET: Pin=1 ValSize=104 tag=0xFFFE ch=1 rate=48000 bits=32 cb=22	
00000556	12.18681622	System	[LAMPYRIS] IsFormatSupported: Pin=1 req 1ch/48000Hz/32bit/blk4 -> 0xC0000272	
00000557	12.18681717	System	[LAMPYRIS] WaveFilterProp: set=0x8C134960 id=14 verb=0x2 -> 0xC0000272	
00000558	12.18682957	System	[LAMPYRIS] PDF1 SET: Pin=1 ValSize=104 tag=0xFFFE ch=1 rate=48000 bits=32 cb=22	
00000559	12.18683147	System	[LAMPYRIS] IsFormatSupported: Pin=1 req 1ch/48000Hz/32bit/blk4 -> 0xC0000272	
00000560	12.18683243	System	[LAMPYRIS] WaveFilterProp: set=0x8C134960 id=14 verb=0x2 -> 0xC0000272	
00000561	12.18698120	System	[LAMPYRIS] PDF1 SET: Pin=1 ValSize=104 tag=0xFFFE ch=2 rate=48000 bits=32 cb=22	
00000562	12.18698215	System	[LAMPYRIS] IsFormatSupported: Pin=1 req 2ch/48000Hz/32bit/blk8 -> 0xC0000272	
00000563	12.18698406	System	[LAMPYRIS] WaveFilterProp: set=0x8C134960 id=14 verb=0x2 -> 0xC0000272	
00000564	12.18699455	System	[LAMPYRIS] PDF1 SET: Pin=1 ValSize=104 tag=0xFFFE ch=2 rate=48000 bits=32 cb=22	
00000565	12.18699551	System	[LAMPYRIS] IsFormatSupported: Pin=1 req 2ch/48000Hz/32bit/blk8 -> 0xC0000272	
00000566	12.18699646	System	[LAMPYRIS] WaveFilterProp: set=0x8C134960 id=14 verb=0x2 -> 0xC0000272	
00000567	12.19595146	System	[LAMPYRIS] MJ_CREATE FILTER nameLen=28 -> 0x0	
00000568	12.20520306	System	[LAMPYRIS] MJ_CREATE FILTER nameLen=28 -> 0x0	
00000569	12.20529079	System	[LAMPYRIS] MJ_CREATE FILTER nameLen=28 -> 0x0	
00000570	12.20539951	System	[LAMPYRIS] MJ_CREATE FILTER nameLen=28 -> 0x0	
00000571	12.30902290	System	[LAMPYRIS] MJ_CREATE FILTER nameLen=28 -> 0x0	
00000572	12.30942059	System	[LAMPYRIS] MJ_CREATE FILTER nameLen=20 -> 0x0	
00000573	12.30968380	System	[LAMPYRIS] PDF1 SET GUID-only: Pin=1 ValSize=64 FmtSize=64 Flags=0x0 Major=0x73647561 Sub=0x00000001 Spec=0x05589F81	
00000574	12.30969143	System	[LAMPYRIS] WaveFilterProp: set=0x8C134960 id=14 verb=0x2 -> 0x0	
00000575	12.30982780	System	[LAMPYRIS] PDF1 SET GUID-only: Pin=1 ValSize=64 FmtSize=64 Flags=0x0 Major=0x73647561 Sub=0x00000092 Spec=0x05589F81	
00000576	12.30982971	System	[LAMPYRIS] WaveFilterProp: set=0x8C134960 id=14 verb=0x2 -> 0xC0000272	
00000577	12.30990887	System	[LAMPYRIS] PDF1 SET GUID-only: Pin=1 ValSize=64 FmtSize=64 Flags=0x0 Major=0x73647561 Sub=0x00000164 Spec=0x05589F81	
00000578	12.30991077	System	[LAMPYRIS] WaveFilterProp: set=0x8C134960 id=14 verb=0x2 -> 0xC0000272	
00000579	12.32132435	System	[LAMPYRIS] MJ_CREATE FILTER nameLen=20 -> 0x0	
00000580	12.32203865	System	[LAMPYRIS] PDF1 SET GUID-only: Pin=1 ValSize=64 FmtSize=64 Flags=0x30002e Major=0x73647561 Sub=0x00000001 Spec=0x05589F81	
00000581	12.32203960	System	[LAMPYRIS] WaveFilterProp: set=0x8C134960 id=14 verb=0x2 -> 0x0	
00000582	12.32231236	System	[LAMPYRIS] PDF1 SET GUID-only: Pin=2 ValSize=64 FmtSize=64 Flags=0x30002e Major=0x73647561 Sub=0x00000001 Spec=0x05589F81	
00000583	12.32231426	System	[LAMPYRIS] WaveFilterProp: set=0x8C134960 id=14 verb=0x2 -> 0x0	
00000584	12.32267475	System	[LAMPYRIS] MJ_CREATE FILTER nameLen=20 -> 0x0	
00000585	12.32271767	System	[LAMPYRIS] NewStream ENTER: Pin=2 Capture=1	
00000586	12.32271957	System	[LAMPYRIS] IsFormatSupported: Pin=2 req 1ch/8000Hz/16bit/blk2 -> 0xC0000272	
00000587	12.32272053	System	[LAMPYRIS] NewStream EXIT: Pin=2 status=0xC0000272	
00000588	12.32272339	System	[LAMPYRIS] MJ_CREATE PIN nameLen=286 -> 0xC0000272	
00000589	12.32326126	System	[LAMPYRIS] DRI: Pin=2 MyCh=1 ClientCh=1 -> PASS	
00000590	12.32348824	System	[LAMPYRIS] MJ_CREATE FILTER nameLen=20 -> 0x0	
00000591	12.32352066	System	[LAMPYRIS] NewStream ENTER: Pin=2 Capture=1	
00000592	12.32352734	System	[LAMPYRIS] IsFormatSupported: Pin=2 req 1ch/16000Hz/16bit/blk2 -> 0x0	
00000593	12.32355499	System	[LAMPYRIS] NewStream EXIT: Pin=2 status=0x0	
00000594	12.32355881	System	[LAMPYRIS] MJ_CREATE PIN nameLen=286 -> 0x0	
00000595	12.32396030	System	[LAMPYRIS] SetState: Pin=2 0 -> 1 (0=STOP 1=ACQUIRE 2=PAUSE 3=RUN)	
00000596	12.32396603	System	[LAMPYRIS] SetState: Pin=2 1 -> 2 (0=STOP 1=ACQUIRE 2=PAUSE 3=RUN)	
00000597	12.32397079	System	[LAMPYRIS] SetState: Pin=2 2 -> 1 (0=STOP 1=ACQUIRE 2=PAUSE 3=RUN)	
00000598	12.32397556	System	[LAMPYRIS] SetState: Pin=2 1 -> 0 (0=STOP 1=ACQUIRE 2=PAUSE 3=RUN)	
00000599	12.32414627	System	[LAMPYRIS] DRI: Pin=2 MyCh=1 ClientCh=1 -> PASS	
00000600	12.32457924	System	[LAMPYRIS] PDF2 ENTER: Pin=2 Verb=0x200 InstSize=8 ValSize=4	
00000601	12.32458115	System	[LAMPYRIS] WaveFilterProp: set=0x8C134960 id=15 verb=0x200 -> 0x0	
00000602	12.32458591	System	[LAMPYRIS] PDF2 ENTER: Pin=2 Verb=0x1 InstSize=56 ValSize=0	
00000603	12.32458687	System	[LAMPYRIS] WaveFilterProp: set=0x8C134960 id=15 verb=0x1 -> 0x80000005	
00000604	12.32459068	System	[LAMPYRIS] PDF2 ENTER: Pin=2 Verb=0x1 InstSize=56 ValSize=152	
00000605	12.32459164	System	[LAMPYRIS] PDF2 EXIT: mode=0xFC1CFC9B -> 0x0 (returned default fmt)	
00000606	12.32459354	System	[LAMPYRIS] WaveFilterProp: set=0x8C134960 id=15 verb=0x1 -> 0x0	
00000607	12.32502556	System	[LAMPYRIS] DRI: Pin=1 MyCh=1 ClientCh=1 -> PASS	
00000608	12.32541561	System	[LAMPYRIS] PDF1 SET: Pin=1 ValSize=82 tag=0x1 ch=1 rate=8000 bits=16 cb=0	
00000609	12.32541847	System	[LAMPYRIS] IsFormatSupported: Pin=1 req 1ch/8000Hz/16bit/blk2 -> 0x0	
00000610	12.32541943	System	[LAMPYRIS] WaveFilterProp: set=0x8C134960 id=14 verb=0x2 -> 0x0	
00000611	12.32551003	System	[LAMPYRIS] MJ_CREATE FILTER nameLen=20 -> 0x0	
00000612	12.32554913	System	[LAMPYRIS] NewStream ENTER: Pin=1 Capture=1	
00000613	12.32555008	System	[LAMPYRIS] IsFormatSupported: Pin=1 req 1ch/8000Hz/16bit/blk2 -> 0x0	
00000614	12.32557201	System	[LAMPYRIS] NewStream EXIT: Pin=1 status=0x0	
00000615	12.32557487	System	[LAMPYRIS] MJ_CREATE PIN nameLen=286 -> 0x0	
00000616	12.32573318	System	[LAMPYRIS] SetState: Pin=1 0 -> 1 (0=STOP 1=ACQUIRE 2=PAUSE 3=RUN)	
00000617	12.32573795	System	[LAMPYRIS] SetState: Pin=1 1 -> 2 (0=STOP 1=ACQUIRE 2=PAUSE 3=RUN)	
00000618	12.32574272	System	[LAMPYRIS] SetState: Pin=1 2 -> 1 (0=STOP 1=ACQUIRE 2=PAUSE 3=RUN)	
00000619	12.32574558	System	[LAMPYRIS] SetState: Pin=1 1 -> 0 (0=STOP 1=ACQUIRE 2=PAUSE 3=RUN)	
00000620	12.32592678	System	[LAMPYRIS] DRI: Pin=1 MyCh=1 ClientCh=1 -> PASS	
00000621	12.32615089	System	[LAMPYRIS] PDF1 SET GUID-only: Pin=1 ValSize=64 FmtSize=64 Flags=0x0 Major=0x73647561 Sub=0x00000001 Spec=0x05589F81	
00000622	12.32615280	System	[LAMPYRIS] WaveFilterProp: set=0x8C134960 id=14 verb=0x2 -> 0x0	
00000623	12.32619476	System	[LAMPYRIS] PDF2 ENTER: Pin=1 Verb=0x200 InstSize=8 ValSize=4	
00000624	12.32619667	System	[LAMPYRIS] WaveFilterProp: set=0x8C134960 id=15 verb=0x200 -> 0x0	
00000625	12.32621098	System	[LAMPYRIS] PDF2 ENTER: Pin=1 Verb=0x1 InstSize=56 ValSize=0	
00000626	12.32621288	System	[LAMPYRIS] WaveFilterProp: set=0x8C134960 id=15 verb=0x1 -> 0x80000005	
00000627	12.32621765	System	[LAMPYRIS] PDF2 ENTER: Pin=1 Verb=0x1 InstSize=56 ValSize=152	
00000628	12.32621861	System	[LAMPYRIS] PDF2 EXIT: mode=0x9E90EA20 -> 0x0 (returned default fmt)	
00000629	12.32621956	System	[LAMPYRIS] WaveFilterProp: set=0x8C134960 id=15 verb=0x1 -> 0x0	
00000630	12.32641220	System	[LAMPYRIS] PDF1 SET: Pin=1 ValSize=104 tag=0xFFFE ch=1 rate=48000 bits=16 cb=22	
00000631	12.32641411	System	[LAMPYRIS] IsFormatSupported: Pin=1 req 1ch/48000Hz/16bit/blk2 -> 0x0	
00000632	12.32641506	System	[LAMPYRIS] WaveFilterProp: set=0x8C134960 id=14 verb=0x2 -> 0x0	
00000633	12.32651520	System	[LAMPYRIS] MJ_CREATE FILTER nameLen=20 -> 0x0	
00000634	12.32680035	System	[LAMPYRIS] NewStream ENTER: Pin=1 Capture=1	
00000635	12.32680225	System	[LAMPYRIS] IsFormatSupported: Pin=1 req 1ch/48000Hz/16bit/blk2 -> 0x0	
00000636	12.32682991	System	[LAMPYRIS] NewStream EXIT: Pin=1 status=0x0	
00000637	12.32683849	System	[LAMPYRIS] MJ_CREATE PIN nameLen=302 -> 0x0	
00000638	12.32699680	System	[LAMPYRIS] SetState: Pin=1 0 -> 1 (0=STOP 1=ACQUIRE 2=PAUSE 3=RUN)	
00000639	12.32700157	System	[LAMPYRIS] SetState: Pin=1 1 -> 2 (0=STOP 1=ACQUIRE 2=PAUSE 3=RUN)	
00000640	12.32700634	System	[LAMPYRIS] SetState: Pin=1 2 -> 1 (0=STOP 1=ACQUIRE 2=PAUSE 3=RUN)	
00000641	12.32700920	System	[LAMPYRIS] SetState: Pin=1 1 -> 0 (0=STOP 1=ACQUIRE 2=PAUSE 3=RUN)	
00000642	12.32723713	System	[LAMPYRIS] PDF1 SET: Pin=1 ValSize=104 tag=0xFFFE ch=1 rate=11025 bits=16 cb=22	
00000643	12.32723904	System	[LAMPYRIS] IsFormatSupported: Pin=1 req 1ch/11025Hz/16bit/blk2 -> 0x0	
00000644	12.32724094	System	[LAMPYRIS] WaveFilterProp: set=0x8C134960 id=14 verb=0x2 -> 0x0	
00000645	12.32733440	System	[LAMPYRIS] MJ_CREATE FILTER nameLen=20 -> 0x0	
00000646	12.32737160	System	[LAMPYRIS] NewStream ENTER: Pin=1 Capture=1	
00000647	12.32737255	System	[LAMPYRIS] IsFormatSupported: Pin=1 req 1ch/11025Hz/16bit/blk2 -> 0x0	
00000648	12.32739639	System	[LAMPYRIS] NewStream EXIT: Pin=1 status=0x0	
00000649	12.32739830	System	[LAMPYRIS] MJ_CREATE PIN nameLen=302 -> 0x0	
00000650	12.32766819	System	[LAMPYRIS] SetState: Pin=1 0 -> 1 (0=STOP 1=ACQUIRE 2=PAUSE 3=RUN)	
00000651	12.32767200	System	[LAMPYRIS] SetState: Pin=1 1 -> 2 (0=STOP 1=ACQUIRE 2=PAUSE 3=RUN)	
00000652	12.32767677	System	[LAMPYRIS] SetState: Pin=1 2 -> 1 (0=STOP 1=ACQUIRE 2=PAUSE 3=RUN)	
00000653	12.32767963	System	[LAMPYRIS] SetState: Pin=1 1 -> 0 (0=STOP 1=ACQUIRE 2=PAUSE 3=RUN)	
00000654	12.32794476	System	[LAMPYRIS] PDF1 SET: Pin=1 ValSize=104 tag=0xFFFE ch=1 rate=16000 bits=16 cb=22	
00000655	12.32794762	System	[LAMPYRIS] IsFormatSupported: Pin=1 req 1ch/16000Hz/16bit/blk2 -> 0x0	
00000656	12.32794762	System	[LAMPYRIS] WaveFilterProp: set=0x8C134960 id=14 verb=0x2 -> 0x0	
00000657	12.32803726	System	[LAMPYRIS] MJ_CREATE FILTER nameLen=20 -> 0x0	
00000658	12.32806683	System	[LAMPYRIS] NewStream ENTER: Pin=1 Capture=1	
00000659	12.32806873	System	[LAMPYRIS] IsFormatSupported: Pin=1 req 1ch/16000Hz/16bit/blk2 -> 0x0	
00000660	12.32822514	System	[LAMPYRIS] NewStream EXIT: Pin=1 status=0x0	
00000661	12.32828712	System	[LAMPYRIS] MJ_CREATE PIN nameLen=302 -> 0x0	
00000662	12.32876396	System	[LAMPYRIS] SetState: Pin=1 0 -> 1 (0=STOP 1=ACQUIRE 2=PAUSE 3=RUN)	
00000663	12.32876873	System	[LAMPYRIS] SetState: Pin=1 1 -> 2 (0=STOP 1=ACQUIRE 2=PAUSE 3=RUN)	
00000664	12.32877350	System	[LAMPYRIS] SetState: Pin=1 2 -> 1 (0=STOP 1=ACQUIRE 2=PAUSE 3=RUN)	
00000665	12.32877636	System	[LAMPYRIS] SetState: Pin=1 1 -> 0 (0=STOP 1=ACQUIRE 2=PAUSE 3=RUN)	
00000666	12.32940674	System	[LAMPYRIS] PDF1 SET: Pin=1 ValSize=104 tag=0xFFFE ch=1 rate=22050 bits=16 cb=22	
00000667	12.32940960	System	[LAMPYRIS] IsFormatSupported: Pin=1 req 1ch/22050Hz/16bit/blk2 -> 0x0	
00000668	12.32941151	System	[LAMPYRIS] WaveFilterProp: set=0x8C134960 id=14 verb=0x2 -> 0x0	
00000669	12.32950687	System	[LAMPYRIS] MJ_CREATE FILTER nameLen=20 -> 0x0	
00000670	12.32954597	System	[LAMPYRIS] NewStream ENTER: Pin=1 Capture=1	
00000671	12.32954693	System	[LAMPYRIS] IsFormatSupported: Pin=1 req 1ch/22050Hz/16bit/blk2 -> 0x0	
00000672	12.32957077	System	[LAMPYRIS] NewStream EXIT: Pin=1 status=0x0	
00000673	12.32957363	System	[LAMPYRIS] MJ_CREATE PIN nameLen=302 -> 0x0	
00000674	12.33002663	System	[LAMPYRIS] SetState: Pin=1 0 -> 1 (0=STOP 1=ACQUIRE 2=PAUSE 3=RUN)	
00000675	12.33003044	System	[LAMPYRIS] SetState: Pin=1 1 -> 2 (0=STOP 1=ACQUIRE 2=PAUSE 3=RUN)	
00000676	12.33003521	System	[LAMPYRIS] SetState: Pin=1 2 -> 1 (0=STOP 1=ACQUIRE 2=PAUSE 3=RUN)	
00000677	12.33003807	System	[LAMPYRIS] SetState: Pin=1 1 -> 0 (0=STOP 1=ACQUIRE 2=PAUSE 3=RUN)	
00000678	12.33027554	System	[LAMPYRIS] PDF1 SET: Pin=1 ValSize=104 tag=0xFFFE ch=1 rate=24000 bits=16 cb=22	
00000679	12.33027840	System	[LAMPYRIS] IsFormatSupported: Pin=1 req 1ch/24000Hz/16bit/blk2 -> 0x0	
00000680	12.33027935	System	[LAMPYRIS] WaveFilterProp: set=0x8C134960 id=14 verb=0x2 -> 0x0	
00000681	12.33063793	System	[LAMPYRIS] MJ_CREATE FILTER nameLen=20 -> 0x0	
00000682	12.33067608	System	[LAMPYRIS] NewStream ENTER: Pin=1 Capture=1	
00000683	12.33067799	System	[LAMPYRIS] IsFormatSupported: Pin=1 req 1ch/24000Hz/16bit/blk2 -> 0x0	
00000684	12.33070183	System	[LAMPYRIS] NewStream EXIT: Pin=1 status=0x0	
00000685	12.33070374	System	[LAMPYRIS] MJ_CREATE PIN nameLen=302 -> 0x0	
00000686	12.33086777	System	[LAMPYRIS] SetState: Pin=1 0 -> 1 (0=STOP 1=ACQUIRE 2=PAUSE 3=RUN)	
00000687	12.33087254	System	[LAMPYRIS] SetState: Pin=1 1 -> 2 (0=STOP 1=ACQUIRE 2=PAUSE 3=RUN)	
00000688	12.33087635	System	[LAMPYRIS] SetState: Pin=1 2 -> 1 (0=STOP 1=ACQUIRE 2=PAUSE 3=RUN)	
00000689	12.33088112	System	[LAMPYRIS] SetState: Pin=1 1 -> 0 (0=STOP 1=ACQUIRE 2=PAUSE 3=RUN)	
00000690	12.33112812	System	[LAMPYRIS] PDF1 SET: Pin=1 ValSize=104 tag=0xFFFE ch=1 rate=32000 bits=16 cb=22	
00000691	12.33113003	System	[LAMPYRIS] IsFormatSupported: Pin=1 req 1ch/32000Hz/16bit/blk2 -> 0x0	
00000692	12.33113098	System	[LAMPYRIS] WaveFilterProp: set=0x8C134960 id=14 verb=0x2 -> 0x0	
00000693	12.33122444	System	[LAMPYRIS] MJ_CREATE FILTER nameLen=20 -> 0x0	
00000694	12.33125591	System	[LAMPYRIS] NewStream ENTER: Pin=1 Capture=1	
00000695	12.33125782	System	[LAMPYRIS] IsFormatSupported: Pin=1 req 1ch/32000Hz/16bit/blk2 -> 0x0	
00000696	12.33128738	System	[LAMPYRIS] NewStream EXIT: Pin=1 status=0x0	
00000697	12.33128929	System	[LAMPYRIS] MJ_CREATE PIN nameLen=302 -> 0x0	
00000698	12.33147717	System	[LAMPYRIS] SetState: Pin=1 0 -> 1 (0=STOP 1=ACQUIRE 2=PAUSE 3=RUN)	
00000699	12.33148193	System	[LAMPYRIS] SetState: Pin=1 1 -> 2 (0=STOP 1=ACQUIRE 2=PAUSE 3=RUN)	
00000700	12.33148766	System	[LAMPYRIS] SetState: Pin=1 2 -> 1 (0=STOP 1=ACQUIRE 2=PAUSE 3=RUN)	
00000701	12.33149147	System	[LAMPYRIS] SetState: Pin=1 1 -> 0 (0=STOP 1=ACQUIRE 2=PAUSE 3=RUN)	
00000702	12.33185005	System	[LAMPYRIS] PDF1 SET: Pin=1 ValSize=104 tag=0xFFFE ch=1 rate=44100 bits=16 cb=22	
00000703	12.33185196	System	[LAMPYRIS] IsFormatSupported: Pin=1 req 1ch/44100Hz/16bit/blk2 -> 0x0	
00000704	12.33185291	System	[LAMPYRIS] WaveFilterProp: set=0x8C134960 id=14 verb=0x2 -> 0x0	
00000705	12.33195400	System	[LAMPYRIS] MJ_CREATE FILTER nameLen=20 -> 0x0	
00000706	12.33196354	System	[LAMPYRIS] PDF1 SET GUID-only: Pin=1 ValSize=64 FmtSize=64 Flags=0x0 Major=0x73647561 Sub=0x00000001 Spec=0x05589F81	
00000707	12.33196545	System	[LAMPYRIS] WaveFilterProp: set=0x8C134960 id=14 verb=0x2 -> 0x0	
00000708	12.33200073	System	[LAMPYRIS] NewStream ENTER: Pin=1 Capture=1	
00000709	12.33200264	System	[LAMPYRIS] IsFormatSupported: Pin=1 req 1ch/44100Hz/16bit/blk2 -> 0x0	
00000710	12.33202648	System	[LAMPYRIS] NewStream EXIT: Pin=1 status=0x0	
00000711	12.33203220	System	[LAMPYRIS] MJ_CREATE PIN nameLen=302 -> 0x0	
00000712	12.33204269	System	[LAMPYRIS] PDF1 SET GUID-only: Pin=1 ValSize=64 FmtSize=64 Flags=0x0 Major=0x73647561 Sub=0x00000092 Spec=0x05589F81	
00000713	12.33204460	System	[LAMPYRIS] WaveFilterProp: set=0x8C134960 id=14 verb=0x2 -> 0xC0000272	
00000714	12.33218765	System	[LAMPYRIS] PDF1 SET GUID-only: Pin=1 ValSize=64 FmtSize=64 Flags=0x0 Major=0x73647561 Sub=0x00000164 Spec=0x05589F81	
00000715	12.33218861	System	[LAMPYRIS] WaveFilterProp: set=0x8C134960 id=14 verb=0x2 -> 0xC0000272	
00000716	12.33220959	System	[LAMPYRIS] SetState: Pin=1 0 -> 1 (0=STOP 1=ACQUIRE 2=PAUSE 3=RUN)	
00000717	12.33221436	System	[LAMPYRIS] SetState: Pin=1 1 -> 2 (0=STOP 1=ACQUIRE 2=PAUSE 3=RUN)	
00000718	12.33221817	System	[LAMPYRIS] SetState: Pin=1 2 -> 1 (0=STOP 1=ACQUIRE 2=PAUSE 3=RUN)	
00000719	12.33222198	System	[LAMPYRIS] SetState: Pin=1 1 -> 0 (0=STOP 1=ACQUIRE 2=PAUSE 3=RUN)	
00000720	12.33258915	System	[LAMPYRIS] PDF1 SET: Pin=1 ValSize=104 tag=0xFFFE ch=1 rate=48000 bits=32 cb=22	
00000721	12.33259201	System	[LAMPYRIS] IsFormatSupported: Pin=1 req 1ch/48000Hz/32bit/blk4 -> 0xC0000272	
00000722	12.33259773	System	[LAMPYRIS] WaveFilterProp: set=0x8C134960 id=14 verb=0x2 -> 0xC0000272	
00000723	12.33261299	System	[LAMPYRIS] PDF1 SET: Pin=1 ValSize=104 tag=0xFFFE ch=1 rate=48000 bits=32 cb=22	
00000724	12.33261395	System	[LAMPYRIS] IsFormatSupported: Pin=1 req 1ch/48000Hz/32bit/blk4 -> 0xC0000272	
00000725	12.33261490	System	[LAMPYRIS] WaveFilterProp: set=0x8C134960 id=14 verb=0x2 -> 0xC0000272	
00000726	12.33303833	System	[LAMPYRIS] PDF1 SET: Pin=1 ValSize=104 tag=0xFFFE ch=2 rate=48000 bits=32 cb=22	
00000727	12.33304024	System	[LAMPYRIS] IsFormatSupported: Pin=1 req 2ch/48000Hz/32bit/blk8 -> 0xC0000272	
00000728	12.33304119	System	[LAMPYRIS] WaveFilterProp: set=0x8C134960 id=14 verb=0x2 -> 0xC0000272	
00000729	12.33305454	System	[LAMPYRIS] PDF1 SET: Pin=1 ValSize=104 tag=0xFFFE ch=2 rate=48000 bits=32 cb=22	
00000730	12.33305645	System	[LAMPYRIS] IsFormatSupported: Pin=1 req 2ch/48000Hz/32bit/blk8 -> 0xC0000272	
00000731	12.33305645	System	[LAMPYRIS] WaveFilterProp: set=0x8C134960 id=14 verb=0x2 -> 0xC0000272	
00000732	12.33328533	System	[LAMPYRIS] PDF1 SET GUID-only: Pin=1 ValSize=64 FmtSize=64 Flags=0x0 Major=0x73647561 Sub=0x00000001 Spec=0x05589F81	
00000733	12.33328724	System	[LAMPYRIS] WaveFilterProp: set=0x8C134960 id=14 verb=0x2 -> 0x0	
00000734	12.33333588	System	[LAMPYRIS] PDF1 SET GUID-only: Pin=1 ValSize=64 FmtSize=64 Flags=0x0 Major=0x73647561 Sub=0x00000092 Spec=0x05589F81	
00000735	12.33333778	System	[LAMPYRIS] WaveFilterProp: set=0x8C134960 id=14 verb=0x2 -> 0xC0000272	
00000736	12.33335876	System	[LAMPYRIS] PDF1 SET GUID-only: Pin=1 ValSize=64 FmtSize=64 Flags=0x0 Major=0x73647561 Sub=0x00000164 Spec=0x05589F81	
00000737	12.33335972	System	[LAMPYRIS] WaveFilterProp: set=0x8C134960 id=14 verb=0x2 -> 0xC0000272	
00000738	12.33363819	System	[LAMPYRIS] DRI: Pin=1 MyCh=1 ClientCh=1 -> PASS	
00000739	12.33388996	System	[LAMPYRIS] PDF1 SET: Pin=1 ValSize=82 tag=0x1 ch=1 rate=8000 bits=16 cb=0	
00000740	12.33389091	System	[LAMPYRIS] IsFormatSupported: Pin=1 req 1ch/8000Hz/16bit/blk2 -> 0x0	
00000741	12.33389282	System	[LAMPYRIS] WaveFilterProp: set=0x8C134960 id=14 verb=0x2 -> 0x0	
00000742	12.33398914	System	[LAMPYRIS] MJ_CREATE FILTER nameLen=20 -> 0x0	
00000743	12.33402824	System	[LAMPYRIS] NewStream ENTER: Pin=1 Capture=1	
00000744	12.33402920	System	[LAMPYRIS] IsFormatSupported: Pin=1 req 1ch/8000Hz/16bit/blk2 -> 0x0	
00000745	12.33405399	System	[LAMPYRIS] NewStream EXIT: Pin=1 status=0x0	
00000746	12.33405590	System	[LAMPYRIS] MJ_CREATE PIN nameLen=286 -> 0x0	
00000747	12.33426762	System	[LAMPYRIS] SetState: Pin=1 0 -> 1 (0=STOP 1=ACQUIRE 2=PAUSE 3=RUN)	
00000748	12.33427238	System	[LAMPYRIS] SetState: Pin=1 1 -> 2 (0=STOP 1=ACQUIRE 2=PAUSE 3=RUN)	
00000749	12.33427715	System	[LAMPYRIS] SetState: Pin=1 2 -> 1 (0=STOP 1=ACQUIRE 2=PAUSE 3=RUN)	
00000750	12.33428097	System	[LAMPYRIS] SetState: Pin=1 1 -> 0 (0=STOP 1=ACQUIRE 2=PAUSE 3=RUN)	
00000751	12.33441639	System	[LAMPYRIS] PDF2 ENTER: Pin=1 Verb=0x200 InstSize=8 ValSize=4	
00000752	12.33441830	System	[LAMPYRIS] WaveFilterProp: set=0x8C134960 id=15 verb=0x200 -> 0x0	
00000753	12.33442211	System	[LAMPYRIS] PDF2 ENTER: Pin=1 Verb=0x1 InstSize=56 ValSize=0	
00000754	12.33442307	System	[LAMPYRIS] WaveFilterProp: set=0x8C134960 id=15 verb=0x1 -> 0x80000005	
00000755	12.33442593	System	[LAMPYRIS] PDF2 ENTER: Pin=1 Verb=0x1 InstSize=56 ValSize=152	
00000756	12.33442783	System	[LAMPYRIS] PDF2 EXIT: mode=0xC18E2F7E -> 0x0 (returned default fmt)	
00000757	12.33442879	System	[LAMPYRIS] WaveFilterProp: set=0x8C134960 id=15 verb=0x1 -> 0x0	
00000758	12.33462811	System	[LAMPYRIS] PDF1 SET: Pin=1 ValSize=104 tag=0xFFFE ch=1 rate=48000 bits=16 cb=22	
00000759	12.33463001	System	[LAMPYRIS] IsFormatSupported: Pin=1 req 1ch/48000Hz/16bit/blk2 -> 0x0	
00000760	12.33463001	System	[LAMPYRIS] WaveFilterProp: set=0x8C134960 id=14 verb=0x2 -> 0x0	
00000761	12.33471966	System	[LAMPYRIS] MJ_CREATE FILTER nameLen=20 -> 0x0	
00000762	12.33475494	System	[LAMPYRIS] NewStream ENTER: Pin=1 Capture=1	
00000763	12.33475685	System	[LAMPYRIS] IsFormatSupported: Pin=1 req 1ch/48000Hz/16bit/blk2 -> 0x0	
00000764	12.33477879	System	[LAMPYRIS] NewStream EXIT: Pin=1 status=0x0	
00000765	12.33478069	System	[LAMPYRIS] MJ_CREATE PIN nameLen=302 -> 0x0	
00000766	12.33494377	System	[LAMPYRIS] MJ_CREATE FILTER nameLen=20 -> 0x0	
00000767	12.33495331	System	[LAMPYRIS] SetState: Pin=1 0 -> 1 (0=STOP 1=ACQUIRE 2=PAUSE 3=RUN)	
00000768	12.33497906	System	[LAMPYRIS] SetState: Pin=1 1 -> 2 (0=STOP 1=ACQUIRE 2=PAUSE 3=RUN)	
00000769	12.33505726	System	[LAMPYRIS] SetState: Pin=1 2 -> 1 (0=STOP 1=ACQUIRE 2=PAUSE 3=RUN)	
00000770	12.33507729	System	[LAMPYRIS] SetState: Pin=1 1 -> 0 (0=STOP 1=ACQUIRE 2=PAUSE 3=RUN)	
00000771	12.33534813	System	[LAMPYRIS] PDF1 SET: Pin=1 ValSize=104 tag=0xFFFE ch=1 rate=11025 bits=16 cb=22	
00000772	12.33535480	System	[LAMPYRIS] IsFormatSupported: Pin=1 req 1ch/11025Hz/16bit/blk2 -> 0x0	
00000773	12.33535480	System	[LAMPYRIS] WaveFilterProp: set=0x8C134960 id=14 verb=0x2 -> 0x0	
00000774	12.33536339	System	[LAMPYRIS] MJ_CREATE FILTER nameLen=28 -> 0x0	
00000775	12.33549023	System	[LAMPYRIS] MJ_CREATE FILTER nameLen=20 -> 0x0	
00000776	12.33558178	System	[LAMPYRIS] NewStream ENTER: Pin=1 Capture=1	
00000777	12.33558750	System	[LAMPYRIS] IsFormatSupported: Pin=1 req 1ch/11025Hz/16bit/blk2 -> 0x0	
00000778	12.33561039	System	[LAMPYRIS] NewStream EXIT: Pin=1 status=0x0	
00000779	12.33561516	System	[LAMPYRIS] MJ_CREATE PIN nameLen=302 -> 0x0	
00000780	12.33587646	System	[LAMPYRIS] SetState: Pin=1 0 -> 1 (0=STOP 1=ACQUIRE 2=PAUSE 3=RUN)	
00000781	12.33589458	System	[LAMPYRIS] SetState: Pin=1 1 -> 2 (0=STOP 1=ACQUIRE 2=PAUSE 3=RUN)	
00000782	12.33595848	System	[LAMPYRIS] SetState: Pin=1 2 -> 1 (0=STOP 1=ACQUIRE 2=PAUSE 3=RUN)	
00000783	12.33597755	System	[LAMPYRIS] SetState: Pin=1 1 -> 0 (0=STOP 1=ACQUIRE 2=PAUSE 3=RUN)	
00000784	12.33625698	System	[LAMPYRIS] PDF1 SET: Pin=1 ValSize=104 tag=0xFFFE ch=1 rate=16000 bits=16 cb=22	
00000785	12.33625793	System	[LAMPYRIS] IsFormatSupported: Pin=1 req 1ch/16000Hz/16bit/blk2 -> 0x0	
00000786	12.33625984	System	[LAMPYRIS] WaveFilterProp: set=0x8C134960 id=14 verb=0x2 -> 0x0	
00000787	12.33635139	System	[LAMPYRIS] MJ_CREATE FILTER nameLen=20 -> 0x0	
00000788	12.33638287	System	[LAMPYRIS] NewStream ENTER: Pin=1 Capture=1	
00000789	12.33638477	System	[LAMPYRIS] IsFormatSupported: Pin=1 req 1ch/16000Hz/16bit/blk2 -> 0x0	
00000790	12.33641338	System	[LAMPYRIS] NewStream EXIT: Pin=1 status=0x0	
00000791	12.33641624	System	[LAMPYRIS] MJ_CREATE PIN nameLen=302 -> 0x0	
00000792	12.33657169	System	[LAMPYRIS] SetState: Pin=1 0 -> 1 (0=STOP 1=ACQUIRE 2=PAUSE 3=RUN)	
00000793	12.33657646	System	[LAMPYRIS] SetState: Pin=1 1 -> 2 (0=STOP 1=ACQUIRE 2=PAUSE 3=RUN)	
00000794	12.33658123	System	[LAMPYRIS] SetState: Pin=1 2 -> 1 (0=STOP 1=ACQUIRE 2=PAUSE 3=RUN)	
00000795	12.33658409	System	[LAMPYRIS] SetState: Pin=1 1 -> 0 (0=STOP 1=ACQUIRE 2=PAUSE 3=RUN)	
00000796	12.33684063	System	[LAMPYRIS] PDF1 SET: Pin=1 ValSize=104 tag=0xFFFE ch=1 rate=22050 bits=16 cb=22	
00000797	12.33684254	System	[LAMPYRIS] IsFormatSupported: Pin=1 req 1ch/22050Hz/16bit/blk2 -> 0x0	
00000798	12.33684444	System	[LAMPYRIS] WaveFilterProp: set=0x8C134960 id=14 verb=0x2 -> 0x0	
00000799	12.33693504	System	[LAMPYRIS] MJ_CREATE FILTER nameLen=20 -> 0x0	
00000800	12.33696938	System	[LAMPYRIS] NewStream ENTER: Pin=1 Capture=1	
00000801	12.33697128	System	[LAMPYRIS] IsFormatSupported: Pin=1 req 1ch/22050Hz/16bit/blk2 -> 0x0	
00000802	12.33699512	System	[LAMPYRIS] NewStream EXIT: Pin=1 status=0x0	
00000803	12.33699799	System	[LAMPYRIS] MJ_CREATE PIN nameLen=302 -> 0x0	
00000804	12.33719635	System	[LAMPYRIS] SetState: Pin=1 0 -> 1 (0=STOP 1=ACQUIRE 2=PAUSE 3=RUN)	
00000805	12.33721924	System	[LAMPYRIS] SetState: Pin=1 1 -> 2 (0=STOP 1=ACQUIRE 2=PAUSE 3=RUN)	
00000806	12.33723068	System	[LAMPYRIS] SetState: Pin=1 2 -> 1 (0=STOP 1=ACQUIRE 2=PAUSE 3=RUN)	
00000807	12.33723354	System	[LAMPYRIS] SetState: Pin=1 1 -> 0 (0=STOP 1=ACQUIRE 2=PAUSE 3=RUN)	
00000808	12.33746719	System	[LAMPYRIS] PDF1 SET GUID-only: Pin=1 ValSize=64 FmtSize=64 Flags=0x0 Major=0x73647561 Sub=0x00000001 Spec=0x05589F81	
00000809	12.33746910	System	[LAMPYRIS] WaveFilterProp: set=0x8C134960 id=14 verb=0x2 -> 0x0	
00000810	12.33749485	System	[LAMPYRIS] PDF1 SET: Pin=1 ValSize=104 tag=0xFFFE ch=1 rate=24000 bits=16 cb=22	
00000811	12.33749771	System	[LAMPYRIS] IsFormatSupported: Pin=1 req 1ch/24000Hz/16bit/blk2 -> 0x0	
00000812	12.33749866	System	[LAMPYRIS] WaveFilterProp: set=0x8C134960 id=14 verb=0x2 -> 0x0	
00000813	12.33752728	System	[LAMPYRIS] PDF1 SET GUID-only: Pin=1 ValSize=64 FmtSize=64 Flags=0x0 Major=0x73647561 Sub=0x00000092 Spec=0x05589F81	
00000814	12.33752823	System	[LAMPYRIS] WaveFilterProp: set=0x8C134960 id=14 verb=0x2 -> 0xC0000272	
00000815	12.33755398	System	[LAMPYRIS] PDF1 SET GUID-only: Pin=1 ValSize=64 FmtSize=64 Flags=0x0 Major=0x73647561 Sub=0x00000164 Spec=0x05589F81	
00000816	12.33755398	System	[LAMPYRIS] WaveFilterProp: set=0x8C134960 id=14 verb=0x2 -> 0xC0000272	
00000817	12.33759594	System	[LAMPYRIS] MJ_CREATE FILTER nameLen=20 -> 0x0	
00000818	12.33762836	System	[LAMPYRIS] NewStream ENTER: Pin=1 Capture=1	
00000819	12.33762932	System	[LAMPYRIS] IsFormatSupported: Pin=1 req 1ch/24000Hz/16bit/blk2 -> 0x0	
00000820	12.33766365	System	[LAMPYRIS] NewStream EXIT: Pin=1 status=0x0	
00000821	12.33766747	System	[LAMPYRIS] MJ_CREATE PIN nameLen=302 -> 0x0	
00000822	12.33781910	System	[LAMPYRIS] SetState: Pin=1 0 -> 1 (0=STOP 1=ACQUIRE 2=PAUSE 3=RUN)	
00000823	12.33782387	System	[LAMPYRIS] SetState: Pin=1 1 -> 2 (0=STOP 1=ACQUIRE 2=PAUSE 3=RUN)	
00000824	12.33782864	System	[LAMPYRIS] SetState: Pin=1 2 -> 1 (0=STOP 1=ACQUIRE 2=PAUSE 3=RUN)	
00000825	12.33783245	System	[LAMPYRIS] SetState: Pin=1 1 -> 0 (0=STOP 1=ACQUIRE 2=PAUSE 3=RUN)	
00000826	12.33810711	System	[LAMPYRIS] PDF1 SET: Pin=1 ValSize=104 tag=0xFFFE ch=1 rate=32000 bits=16 cb=22	
00000827	12.33810997	System	[LAMPYRIS] IsFormatSupported: Pin=1 req 1ch/32000Hz/16bit/blk2 -> 0x0	
00000828	12.33810997	System	[LAMPYRIS] WaveFilterProp: set=0x8C134960 id=14 verb=0x2 -> 0x0	
00000829	12.33821583	System	[LAMPYRIS] MJ_CREATE FILTER nameLen=20 -> 0x0	
00000830	12.33825588	System	[LAMPYRIS] NewStream ENTER: Pin=1 Capture=1	
00000831	12.33825779	System	[LAMPYRIS] IsFormatSupported: Pin=1 req 1ch/32000Hz/16bit/blk2 -> 0x0	
00000832	12.33828926	System	[LAMPYRIS] NewStream EXIT: Pin=1 status=0x0	
00000833	12.33829117	System	[LAMPYRIS] MJ_CREATE PIN nameLen=302 -> 0x0	
00000834	12.33842659	System	[LAMPYRIS] SetState: Pin=1 0 -> 1 (0=STOP 1=ACQUIRE 2=PAUSE 3=RUN)	
00000835	12.33843040	System	[LAMPYRIS] SetState: Pin=1 1 -> 2 (0=STOP 1=ACQUIRE 2=PAUSE 3=RUN)	
00000836	12.33843422	System	[LAMPYRIS] SetState: Pin=1 2 -> 1 (0=STOP 1=ACQUIRE 2=PAUSE 3=RUN)	
00000837	12.33843803	System	[LAMPYRIS] SetState: Pin=1 1 -> 0 (0=STOP 1=ACQUIRE 2=PAUSE 3=RUN)	
00000838	12.33872700	System	[LAMPYRIS] PDF1 SET: Pin=1 ValSize=104 tag=0xFFFE ch=1 rate=44100 bits=16 cb=22	
00000839	12.33872986	System	[LAMPYRIS] IsFormatSupported: Pin=1 req 1ch/44100Hz/16bit/blk2 -> 0x0	
00000840	12.33873081	System	[LAMPYRIS] WaveFilterProp: set=0x8C134960 id=14 verb=0x2 -> 0x0	
00000841	12.33883858	System	[LAMPYRIS] MJ_CREATE FILTER nameLen=20 -> 0x0	
00000842	12.33891964	System	[LAMPYRIS] NewStream ENTER: Pin=1 Capture=1	
00000843	12.33892155	System	[LAMPYRIS] IsFormatSupported: Pin=1 req 1ch/44100Hz/16bit/blk2 -> 0x0	
00000844	12.33894730	System	[LAMPYRIS] NewStream EXIT: Pin=1 status=0x0	
00000845	12.33895302	System	[LAMPYRIS] MJ_CREATE PIN nameLen=302 -> 0x0	
00000846	12.33910751	System	[LAMPYRIS] SetState: Pin=1 0 -> 1 (0=STOP 1=ACQUIRE 2=PAUSE 3=RUN)	
00000847	12.33917427	System	[LAMPYRIS] SetState: Pin=1 1 -> 2 (0=STOP 1=ACQUIRE 2=PAUSE 3=RUN)	
00000848	12.33920383	System	[LAMPYRIS] SetState: Pin=1 2 -> 1 (0=STOP 1=ACQUIRE 2=PAUSE 3=RUN)	
00000849	12.33921242	System	[LAMPYRIS] SetState: Pin=1 1 -> 0 (0=STOP 1=ACQUIRE 2=PAUSE 3=RUN)	
00000850	12.33945465	System	[LAMPYRIS] PDF1 SET: Pin=1 ValSize=104 tag=0xFFFE ch=1 rate=48000 bits=32 cb=22	
00000851	12.33945656	System	[LAMPYRIS] IsFormatSupported: Pin=1 req 1ch/48000Hz/32bit/blk4 -> 0xC0000272	
00000852	12.33945751	System	[LAMPYRIS] WaveFilterProp: set=0x8C134960 id=14 verb=0x2 -> 0xC0000272	
00000853	12.33947086	System	[LAMPYRIS] PDF1 SET: Pin=1 ValSize=104 tag=0xFFFE ch=1 rate=48000 bits=32 cb=22	
00000854	12.33947182	System	[LAMPYRIS] IsFormatSupported: Pin=1 req 1ch/48000Hz/32bit/blk4 -> 0xC0000272	
00000855	12.33947277	System	[LAMPYRIS] WaveFilterProp: set=0x8C134960 id=14 verb=0x2 -> 0xC0000272	
00000856	12.33965397	System	[LAMPYRIS] PDF1 SET: Pin=1 ValSize=104 tag=0xFFFE ch=2 rate=48000 bits=32 cb=22	
00000857	12.33965492	System	[LAMPYRIS] IsFormatSupported: Pin=1 req 2ch/48000Hz/32bit/blk8 -> 0xC0000272	
00000858	12.33965588	System	[LAMPYRIS] WaveFilterProp: set=0x8C134960 id=14 verb=0x2 -> 0xC0000272	
00000859	12.33966732	System	[LAMPYRIS] PDF1 SET: Pin=1 ValSize=104 tag=0xFFFE ch=2 rate=48000 bits=32 cb=22	
00000860	12.33966923	System	[LAMPYRIS] IsFormatSupported: Pin=1 req 2ch/48000Hz/32bit/blk8 -> 0xC0000272	
00000861	12.33966923	System	[LAMPYRIS] WaveFilterProp: set=0x8C134960 id=14 verb=0x2 -> 0xC0000272	
00000862	12.33977890	System	[LAMPYRIS] DRI: Pin=1 MyCh=1 ClientCh=1 -> PASS	
00000863	12.33995724	System	[LAMPYRIS] PDF1 SET: Pin=1 ValSize=82 tag=0x1 ch=1 rate=8000 bits=16 cb=0	
00000864	12.33995819	System	[LAMPYRIS] IsFormatSupported: Pin=1 req 1ch/8000Hz/16bit/blk2 -> 0x0	
00000865	12.33996010	System	[LAMPYRIS] WaveFilterProp: set=0x8C134960 id=14 verb=0x2 -> 0x0	
00000866	12.34001541	System	[LAMPYRIS] PDF1 SET GUID-only: Pin=1 ValSize=64 FmtSize=64 Flags=0x0 Major=0x73647561 Sub=0x00000001 Spec=0x05589F81	
00000867	12.34001732	System	[LAMPYRIS] WaveFilterProp: set=0x8C134960 id=14 verb=0x2 -> 0x0	
00000868	12.34004784	System	[LAMPYRIS] MJ_CREATE FILTER nameLen=20 -> 0x0	
00000869	12.34009075	System	[LAMPYRIS] NewStream ENTER: Pin=1 Capture=1	
00000870	12.34009171	System	[LAMPYRIS] IsFormatSupported: Pin=1 req 1ch/8000Hz/16bit/blk2 -> 0x0	
00000871	12.34011555	System	[LAMPYRIS] NewStream EXIT: Pin=1 status=0x0	
00000872	12.34012127	System	[LAMPYRIS] MJ_CREATE PIN nameLen=286 -> 0x0	
00000873	12.34013271	System	[LAMPYRIS] PDF1 SET GUID-only: Pin=1 ValSize=64 FmtSize=64 Flags=0x0 Major=0x73647561 Sub=0x00000092 Spec=0x05589F81	
00000874	12.34013462	System	[LAMPYRIS] WaveFilterProp: set=0x8C134960 id=14 verb=0x2 -> 0xC0000272	
00000875	12.34026718	System	[LAMPYRIS] PDF1 SET GUID-only: Pin=1 ValSize=64 FmtSize=64 Flags=0x0 Major=0x73647561 Sub=0x00000164 Spec=0x05589F81	
00000876	12.34026814	System	[LAMPYRIS] WaveFilterProp: set=0x8C134960 id=14 verb=0x2 -> 0xC0000272	
00000877	12.34029293	System	[LAMPYRIS] SetState: Pin=1 0 -> 1 (0=STOP 1=ACQUIRE 2=PAUSE 3=RUN)	
00000878	12.34029770	System	[LAMPYRIS] SetState: Pin=1 1 -> 2 (0=STOP 1=ACQUIRE 2=PAUSE 3=RUN)	
00000879	12.34030247	System	[LAMPYRIS] SetState: Pin=1 2 -> 1 (0=STOP 1=ACQUIRE 2=PAUSE 3=RUN)	
00000880	12.34030533	System	[LAMPYRIS] SetState: Pin=1 1 -> 0 (0=STOP 1=ACQUIRE 2=PAUSE 3=RUN)	
00000881	12.34039783	System	[LAMPYRIS] PDF2 ENTER: Pin=1 Verb=0x200 InstSize=8 ValSize=4	
00000882	12.34039879	System	[LAMPYRIS] WaveFilterProp: set=0x8C134960 id=15 verb=0x200 -> 0x0	
00000883	12.34040260	System	[LAMPYRIS] PDF2 ENTER: Pin=1 Verb=0x1 InstSize=56 ValSize=0	
00000884	12.34040356	System	[LAMPYRIS] WaveFilterProp: set=0x8C134960 id=15 verb=0x1 -> 0x80000005	
00000885	12.34040737	System	[LAMPYRIS] PDF2 ENTER: Pin=1 Verb=0x1 InstSize=56 ValSize=152	
00000886	12.34040833	System	[LAMPYRIS] PDF2 EXIT: mode=0x98951333 -> 0x0 (returned default fmt)	
00000887	12.34040928	System	[LAMPYRIS] WaveFilterProp: set=0x8C134960 id=15 verb=0x1 -> 0x0	
00000888	12.34063244	System	[LAMPYRIS] PDF1 SET: Pin=1 ValSize=104 tag=0xFFFE ch=1 rate=48000 bits=16 cb=22	
00000889	12.34063339	System	[LAMPYRIS] IsFormatSupported: Pin=1 req 1ch/48000Hz/16bit/blk2 -> 0x0	
00000890	12.34063530	System	[LAMPYRIS] WaveFilterProp: set=0x8C134960 id=14 verb=0x2 -> 0x0	
00000891	12.34072971	System	[LAMPYRIS] MJ_CREATE FILTER nameLen=20 -> 0x0	
00000892	12.34076023	System	[LAMPYRIS] NewStream ENTER: Pin=1 Capture=1	
00000893	12.34076118	System	[LAMPYRIS] IsFormatSupported: Pin=1 req 1ch/48000Hz/16bit/blk2 -> 0x0	
00000894	12.34079170	System	[LAMPYRIS] NewStream EXIT: Pin=1 status=0x0	
00000895	12.34079456	System	[LAMPYRIS] MJ_CREATE PIN nameLen=302 -> 0x0	
00000896	12.34093761	System	[LAMPYRIS] SetState: Pin=1 0 -> 1 (0=STOP 1=ACQUIRE 2=PAUSE 3=RUN)	
00000897	12.34094238	System	[LAMPYRIS] SetState: Pin=1 1 -> 2 (0=STOP 1=ACQUIRE 2=PAUSE 3=RUN)	
00000898	12.34094620	System	[LAMPYRIS] SetState: Pin=1 2 -> 1 (0=STOP 1=ACQUIRE 2=PAUSE 3=RUN)	
00000899	12.34095001	System	[LAMPYRIS] SetState: Pin=1 1 -> 0 (0=STOP 1=ACQUIRE 2=PAUSE 3=RUN)	
00000900	12.34121895	System	[LAMPYRIS] PDF1 SET: Pin=1 ValSize=104 tag=0xFFFE ch=1 rate=11025 bits=16 cb=22	
00000901	12.34122086	System	[LAMPYRIS] IsFormatSupported: Pin=1 req 1ch/11025Hz/16bit/blk2 -> 0x0	
00000902	12.34122276	System	[LAMPYRIS] WaveFilterProp: set=0x8C134960 id=14 verb=0x2 -> 0x0	
00000903	12.34131050	System	[LAMPYRIS] MJ_CREATE FILTER nameLen=20 -> 0x0	
00000904	12.34132957	System	[LAMPYRIS] PDF1 SET GUID-only: Pin=1 ValSize=64 FmtSize=64 Flags=0x0 Major=0xE725D360 Sub=0x1D262760 Spec=0x0F6417D6	
00000905	12.34133148	System	[LAMPYRIS] WaveFilterProp: set=0x8C134960 id=14 verb=0x2 -> 0xC0000272	
00000906	12.34136581	System	[LAMPYRIS] PDF1 SET GUID-only: Pin=2 ValSize=64 FmtSize=64 Flags=0x0 Major=0xE725D360 Sub=0x1D262760 Spec=0x0F6417D6	
00000907	12.34136677	System	[LAMPYRIS] WaveFilterProp: set=0x8C134960 id=14 verb=0x2 -> 0xC0000272	
00000908	12.34137917	System	[LAMPYRIS] NewStream ENTER: Pin=1 Capture=1	
00000909	12.34138203	System	[LAMPYRIS] IsFormatSupported: Pin=1 req 1ch/11025Hz/16bit/blk2 -> 0x0	
00000910	12.34140968	System	[LAMPYRIS] NewStream EXIT: Pin=1 status=0x0	
00000911	12.34141254	System	[LAMPYRIS] MJ_CREATE PIN nameLen=302 -> 0x0	
00000912	12.34154797	System	[LAMPYRIS] SetState: Pin=1 0 -> 1 (0=STOP 1=ACQUIRE 2=PAUSE 3=RUN)	
00000913	12.34155178	System	[LAMPYRIS] SetState: Pin=1 1 -> 2 (0=STOP 1=ACQUIRE 2=PAUSE 3=RUN)	
00000914	12.34155655	System	[LAMPYRIS] SetState: Pin=1 2 -> 1 (0=STOP 1=ACQUIRE 2=PAUSE 3=RUN)	
00000915	12.34156036	System	[LAMPYRIS] SetState: Pin=1 1 -> 0 (0=STOP 1=ACQUIRE 2=PAUSE 3=RUN)	
00000916	12.34179688	System	[LAMPYRIS] PDF1 SET: Pin=1 ValSize=104 tag=0xFFFE ch=1 rate=16000 bits=16 cb=22	
00000917	12.34179878	System	[LAMPYRIS] IsFormatSupported: Pin=1 req 1ch/16000Hz/16bit/blk2 -> 0x0	
00000918	12.34179878	System	[LAMPYRIS] WaveFilterProp: set=0x8C134960 id=14 verb=0x2 -> 0x0	
00000919	12.34189320	System	[LAMPYRIS] MJ_CREATE FILTER nameLen=20 -> 0x0	
00000920	12.34192276	System	[LAMPYRIS] NewStream ENTER: Pin=1 Capture=1	
00000921	12.34192467	System	[LAMPYRIS] IsFormatSupported: Pin=1 req 1ch/16000Hz/16bit/blk2 -> 0x0	
00000922	12.34195232	System	[LAMPYRIS] NewStream EXIT: Pin=1 status=0x0	
00000923	12.34195518	System	[LAMPYRIS] MJ_CREATE PIN nameLen=302 -> 0x0	
00000924	12.34213829	System	[LAMPYRIS] SetState: Pin=1 0 -> 1 (0=STOP 1=ACQUIRE 2=PAUSE 3=RUN)	
00000925	12.34214211	System	[LAMPYRIS] SetState: Pin=1 1 -> 2 (0=STOP 1=ACQUIRE 2=PAUSE 3=RUN)	
00000926	12.34214687	System	[LAMPYRIS] SetState: Pin=1 2 -> 1 (0=STOP 1=ACQUIRE 2=PAUSE 3=RUN)	
00000927	12.34215164	System	[LAMPYRIS] SetState: Pin=1 1 -> 0 (0=STOP 1=ACQUIRE 2=PAUSE 3=RUN)	
00000928	12.34239864	System	[LAMPYRIS] PDF1 SET: Pin=1 ValSize=104 tag=0xFFFE ch=1 rate=22050 bits=16 cb=22	
00000929	12.34240055	System	[LAMPYRIS] IsFormatSupported: Pin=1 req 1ch/22050Hz/16bit/blk2 -> 0x0	
00000930	12.34240150	System	[LAMPYRIS] WaveFilterProp: set=0x8C134960 id=14 verb=0x2 -> 0x0	
00000931	12.34256268	System	[LAMPYRIS] MJ_CREATE FILTER nameLen=20 -> 0x0	
00000932	12.34261227	System	[LAMPYRIS] NewStream ENTER: Pin=1 Capture=1	
00000933	12.34261417	System	[LAMPYRIS] IsFormatSupported: Pin=1 req 1ch/22050Hz/16bit/blk2 -> 0x0	
00000934	12.34263897	System	[LAMPYRIS] NewStream EXIT: Pin=1 status=0x0	
00000935	12.34264278	System	[LAMPYRIS] MJ_CREATE PIN nameLen=302 -> 0x0	
00000936	12.34298038	System	[LAMPYRIS] SetState: Pin=1 0 -> 1 (0=STOP 1=ACQUIRE 2=PAUSE 3=RUN)	
00000937	12.34299088	System	[LAMPYRIS] SetState: Pin=1 1 -> 2 (0=STOP 1=ACQUIRE 2=PAUSE 3=RUN)	
00000938	12.34299564	System	[LAMPYRIS] SetState: Pin=1 2 -> 1 (0=STOP 1=ACQUIRE 2=PAUSE 3=RUN)	
00000939	12.34299946	System	[LAMPYRIS] SetState: Pin=1 1 -> 0 (0=STOP 1=ACQUIRE 2=PAUSE 3=RUN)	
00000940	12.34329319	System	[LAMPYRIS] PDF1 SET: Pin=1 ValSize=104 tag=0xFFFE ch=1 rate=24000 bits=16 cb=22	
00000941	12.34329605	System	[LAMPYRIS] IsFormatSupported: Pin=1 req 1ch/24000Hz/16bit/blk2 -> 0x0	
00000942	12.34329700	System	[LAMPYRIS] WaveFilterProp: set=0x8C134960 id=14 verb=0x2 -> 0x0	
00000943	12.34338856	System	[LAMPYRIS] MJ_CREATE FILTER nameLen=20 -> 0x0	
00000944	12.34342480	System	[LAMPYRIS] NewStream ENTER: Pin=1 Capture=1	
00000945	12.34342670	System	[LAMPYRIS] IsFormatSupported: Pin=1 req 1ch/24000Hz/16bit/blk2 -> 0x0	
00000946	12.34344959	System	[LAMPYRIS] NewStream EXIT: Pin=1 status=0x0	
00000947	12.34345245	System	[LAMPYRIS] MJ_CREATE PIN nameLen=302 -> 0x0	
00000948	12.34360504	System	[LAMPYRIS] SetState: Pin=1 0 -> 1 (0=STOP 1=ACQUIRE 2=PAUSE 3=RUN)	
00000949	12.34360981	System	[LAMPYRIS] SetState: Pin=1 1 -> 2 (0=STOP 1=ACQUIRE 2=PAUSE 3=RUN)	
00000950	12.34361458	System	[LAMPYRIS] SetState: Pin=1 2 -> 1 (0=STOP 1=ACQUIRE 2=PAUSE 3=RUN)	
00000951	12.34362602	System	[LAMPYRIS] SetState: Pin=1 1 -> 0 (0=STOP 1=ACQUIRE 2=PAUSE 3=RUN)	
00000952	12.34387493	System	[LAMPYRIS] PDF1 SET: Pin=1 ValSize=104 tag=0xFFFE ch=1 rate=32000 bits=16 cb=22	
00000953	12.34387684	System	[LAMPYRIS] IsFormatSupported: Pin=1 req 1ch/32000Hz/16bit/blk2 -> 0x0	
00000954	12.34387875	System	[LAMPYRIS] WaveFilterProp: set=0x8C134960 id=14 verb=0x2 -> 0x0	
00000955	12.34396839	System	[LAMPYRIS] MJ_CREATE FILTER nameLen=20 -> 0x0	
00000956	12.34399891	System	[LAMPYRIS] NewStream ENTER: Pin=1 Capture=1	
00000957	12.34400082	System	[LAMPYRIS] IsFormatSupported: Pin=1 req 1ch/32000Hz/16bit/blk2 -> 0x0	
00000958	12.34402847	System	[LAMPYRIS] NewStream EXIT: Pin=1 status=0x0	
00000959	12.34403038	System	[LAMPYRIS] MJ_CREATE PIN nameLen=302 -> 0x0	
00000960	12.34446907	System	[LAMPYRIS] SetState: Pin=1 0 -> 1 (0=STOP 1=ACQUIRE 2=PAUSE 3=RUN)	
00000961	12.34472275	System	[LAMPYRIS] SetState: Pin=1 1 -> 2 (0=STOP 1=ACQUIRE 2=PAUSE 3=RUN)	
00000962	12.34472847	System	[LAMPYRIS] SetState: Pin=1 2 -> 1 (0=STOP 1=ACQUIRE 2=PAUSE 3=RUN)	
00000963	12.34473133	System	[LAMPYRIS] SetState: Pin=1 1 -> 0 (0=STOP 1=ACQUIRE 2=PAUSE 3=RUN)	
00000964	12.34501076	System	[LAMPYRIS] PDF1 SET: Pin=1 ValSize=104 tag=0xFFFE ch=1 rate=44100 bits=16 cb=22	
00000965	12.34501266	System	[LAMPYRIS] IsFormatSupported: Pin=1 req 1ch/44100Hz/16bit/blk2 -> 0x0	
00000966	12.34501457	System	[LAMPYRIS] WaveFilterProp: set=0x8C134960 id=14 verb=0x2 -> 0x0	
00000967	12.34511280	System	[LAMPYRIS] MJ_CREATE FILTER nameLen=20 -> 0x0	
00000968	12.34514523	System	[LAMPYRIS] NewStream ENTER: Pin=1 Capture=1	
00000969	12.34515095	System	[LAMPYRIS] IsFormatSupported: Pin=1 req 1ch/44100Hz/16bit/blk2 -> 0x0	
00000970	12.34517384	System	[LAMPYRIS] NewStream EXIT: Pin=1 status=0x0	
00000971	12.34517574	System	[LAMPYRIS] MJ_CREATE PIN nameLen=302 -> 0x0	
00000972	12.34531975	System	[LAMPYRIS] SetState: Pin=1 0 -> 1 (0=STOP 1=ACQUIRE 2=PAUSE 3=RUN)	
00000973	12.34532356	System	[LAMPYRIS] SetState: Pin=1 1 -> 2 (0=STOP 1=ACQUIRE 2=PAUSE 3=RUN)	
00000974	12.34532833	System	[LAMPYRIS] SetState: Pin=1 2 -> 1 (0=STOP 1=ACQUIRE 2=PAUSE 3=RUN)	
00000975	12.34533215	System	[LAMPYRIS] SetState: Pin=1 1 -> 0 (0=STOP 1=ACQUIRE 2=PAUSE 3=RUN)	
00000976	12.34556961	System	[LAMPYRIS] PDF1 SET: Pin=1 ValSize=104 tag=0xFFFE ch=1 rate=48000 bits=32 cb=22	
00000977	12.34557152	System	[LAMPYRIS] IsFormatSupported: Pin=1 req 1ch/48000Hz/32bit/blk4 -> 0xC0000272	
00000978	12.34557247	System	[LAMPYRIS] WaveFilterProp: set=0x8C134960 id=14 verb=0x2 -> 0xC0000272	
00000979	12.34558487	System	[LAMPYRIS] PDF1 SET: Pin=1 ValSize=104 tag=0xFFFE ch=1 rate=48000 bits=32 cb=22	
00000980	12.34558678	System	[LAMPYRIS] IsFormatSupported: Pin=1 req 1ch/48000Hz/32bit/blk4 -> 0xC0000272	
00000981	12.34558678	System	[LAMPYRIS] WaveFilterProp: set=0x8C134960 id=14 verb=0x2 -> 0xC0000272	
00000982	12.34576702	System	[LAMPYRIS] PDF1 SET: Pin=1 ValSize=104 tag=0xFFFE ch=2 rate=48000 bits=32 cb=22	
00000983	12.34576988	System	[LAMPYRIS] IsFormatSupported: Pin=1 req 2ch/48000Hz/32bit/blk8 -> 0xC0000272	
00000984	12.34577084	System	[LAMPYRIS] WaveFilterProp: set=0x8C134960 id=14 verb=0x2 -> 0xC0000272	
00000985	12.34578037	System	[LAMPYRIS] PDF1 SET: Pin=1 ValSize=104 tag=0xFFFE ch=2 rate=48000 bits=32 cb=22	
00000986	12.34578228	System	[LAMPYRIS] IsFormatSupported: Pin=1 req 2ch/48000Hz/32bit/blk8 -> 0xC0000272	
00000987	12.34578323	System	[LAMPYRIS] WaveFilterProp: set=0x8C134960 id=14 verb=0x2 -> 0xC0000272	
00000988	12.34590530	System	[LAMPYRIS] DRI: Pin=1 MyCh=1 ClientCh=1 -> PASS	
00000989	12.34607887	System	[LAMPYRIS] PDF1 SET: Pin=1 ValSize=82 tag=0x1 ch=1 rate=8000 bits=16 cb=0	
00000990	12.34608078	System	[LAMPYRIS] IsFormatSupported: Pin=1 req 1ch/8000Hz/16bit/blk2 -> 0x0	
00000991	12.34608173	System	[LAMPYRIS] WaveFilterProp: set=0x8C134960 id=14 verb=0x2 -> 0x0	
00000992	12.34617519	System	[LAMPYRIS] MJ_CREATE FILTER nameLen=20 -> 0x0	
00000993	12.34620762	System	[LAMPYRIS] NewStream ENTER: Pin=1 Capture=1	
00000994	12.34620857	System	[LAMPYRIS] IsFormatSupported: Pin=1 req 1ch/8000Hz/16bit/blk2 -> 0x0	
00000995	12.34624100	System	[LAMPYRIS] NewStream EXIT: Pin=1 status=0x0	
00000996	12.34624290	System	[LAMPYRIS] MJ_CREATE PIN nameLen=286 -> 0x0	
00000997	12.34638405	System	[LAMPYRIS] SetState: Pin=1 0 -> 1 (0=STOP 1=ACQUIRE 2=PAUSE 3=RUN)	
00000998	12.34639072	System	[LAMPYRIS] SetState: Pin=1 1 -> 2 (0=STOP 1=ACQUIRE 2=PAUSE 3=RUN)	
00000999	12.34639645	System	[LAMPYRIS] SetState: Pin=1 2 -> 1 (0=STOP 1=ACQUIRE 2=PAUSE 3=RUN)	
00001000	12.34639931	System	[LAMPYRIS] SetState: Pin=1 1 -> 0 (0=STOP 1=ACQUIRE 2=PAUSE 3=RUN)	
00001001	12.34649181	System	[LAMPYRIS] PDF2 ENTER: Pin=1 Verb=0x200 InstSize=8 ValSize=4	
00001002	12.34649372	System	[LAMPYRIS] WaveFilterProp: set=0x8C134960 id=15 verb=0x200 -> 0x0	
00001003	12.34649754	System	[LAMPYRIS] PDF2 ENTER: Pin=1 Verb=0x1 InstSize=56 ValSize=0	
00001004	12.34649944	System	[LAMPYRIS] WaveFilterProp: set=0x8C134960 id=15 verb=0x1 -> 0x80000005	
00001005	12.34650230	System	[LAMPYRIS] PDF2 ENTER: Pin=1 Verb=0x1 InstSize=56 ValSize=152	
00001006	12.34650326	System	[LAMPYRIS] PDF2 EXIT: mode=0xFC1CFC9B -> 0x0 (returned default fmt)	
00001007	12.34650421	System	[LAMPYRIS] WaveFilterProp: set=0x8C134960 id=15 verb=0x1 -> 0x0	
00001008	12.34684467	System	[LAMPYRIS] PDF1 SET: Pin=1 ValSize=104 tag=0xFFFE ch=1 rate=48000 bits=16 cb=22	
00001009	12.34684753	System	[LAMPYRIS] IsFormatSupported: Pin=1 req 1ch/48000Hz/16bit/blk2 -> 0x0	
00001010	12.34684849	System	[LAMPYRIS] WaveFilterProp: set=0x8C134960 id=14 verb=0x2 -> 0x0	
00001011	12.34694767	System	[LAMPYRIS] MJ_CREATE FILTER nameLen=20 -> 0x0	
00001012	12.34698677	System	[LAMPYRIS] NewStream ENTER: Pin=1 Capture=1	
00001013	12.34698868	System	[LAMPYRIS] IsFormatSupported: Pin=1 req 1ch/48000Hz/16bit/blk2 -> 0x0	
00001014	12.34701824	System	[LAMPYRIS] NewStream EXIT: Pin=1 status=0x0	
00001015	12.34702587	System	[LAMPYRIS] MJ_CREATE PIN nameLen=302 -> 0x0	
00001016	12.34722042	System	[LAMPYRIS] SetState: Pin=1 0 -> 1 (0=STOP 1=ACQUIRE 2=PAUSE 3=RUN)	
00001017	12.34722519	System	[LAMPYRIS] SetState: Pin=1 1 -> 2 (0=STOP 1=ACQUIRE 2=PAUSE 3=RUN)	
00001018	12.34722996	System	[LAMPYRIS] SetState: Pin=1 2 -> 1 (0=STOP 1=ACQUIRE 2=PAUSE 3=RUN)	
00001019	12.34723282	System	[LAMPYRIS] SetState: Pin=1 1 -> 0 (0=STOP 1=ACQUIRE 2=PAUSE 3=RUN)	
00001020	12.34750366	System	[LAMPYRIS] PDF1 SET: Pin=1 ValSize=104 tag=0xFFFE ch=1 rate=11025 bits=16 cb=22	
00001021	12.34750557	System	[LAMPYRIS] IsFormatSupported: Pin=1 req 1ch/11025Hz/16bit/blk2 -> 0x0	
00001022	12.34750748	System	[LAMPYRIS] WaveFilterProp: set=0x8C134960 id=14 verb=0x2 -> 0x0	
00001023	12.34759712	System	[LAMPYRIS] MJ_CREATE FILTER nameLen=20 -> 0x0	
00001024	12.34763527	System	[LAMPYRIS] NewStream ENTER: Pin=1 Capture=1	
00001025	12.34763718	System	[LAMPYRIS] IsFormatSupported: Pin=1 req 1ch/11025Hz/16bit/blk2 -> 0x0	
00001026	12.34766006	System	[LAMPYRIS] NewStream EXIT: Pin=1 status=0x0	
00001027	12.34766197	System	[LAMPYRIS] MJ_CREATE PIN nameLen=302 -> 0x0	
00001028	12.34785080	System	[LAMPYRIS] SetState: Pin=1 0 -> 1 (0=STOP 1=ACQUIRE 2=PAUSE 3=RUN)	
00001029	12.34785461	System	[LAMPYRIS] SetState: Pin=1 1 -> 2 (0=STOP 1=ACQUIRE 2=PAUSE 3=RUN)	
00001030	12.34785938	System	[LAMPYRIS] SetState: Pin=1 2 -> 1 (0=STOP 1=ACQUIRE 2=PAUSE 3=RUN)	
00001031	12.34786606	System	[LAMPYRIS] SetState: Pin=1 1 -> 0 (0=STOP 1=ACQUIRE 2=PAUSE 3=RUN)	
00001032	12.34811497	System	[LAMPYRIS] PDF1 SET: Pin=1 ValSize=104 tag=0xFFFE ch=1 rate=16000 bits=16 cb=22	
00001033	12.34811687	System	[LAMPYRIS] IsFormatSupported: Pin=1 req 1ch/16000Hz/16bit/blk2 -> 0x0	
00001034	12.34811878	System	[LAMPYRIS] WaveFilterProp: set=0x8C134960 id=14 verb=0x2 -> 0x0	
00001035	12.34820366	System	[LAMPYRIS] MJ_CREATE FILTER nameLen=20 -> 0x0	
00001036	12.34823799	System	[LAMPYRIS] NewStream ENTER: Pin=1 Capture=1	
00001037	12.34824085	System	[LAMPYRIS] IsFormatSupported: Pin=1 req 1ch/16000Hz/16bit/blk2 -> 0x0	
00001038	12.34826183	System	[LAMPYRIS] NewStream EXIT: Pin=1 status=0x0	
00001039	12.34826374	System	[LAMPYRIS] MJ_CREATE PIN nameLen=302 -> 0x0	
00001040	12.34842396	System	[LAMPYRIS] SetState: Pin=1 0 -> 1 (0=STOP 1=ACQUIRE 2=PAUSE 3=RUN)	
00001041	12.34842777	System	[LAMPYRIS] SetState: Pin=1 1 -> 2 (0=STOP 1=ACQUIRE 2=PAUSE 3=RUN)	
00001042	12.34843159	System	[LAMPYRIS] SetState: Pin=1 2 -> 1 (0=STOP 1=ACQUIRE 2=PAUSE 3=RUN)	
00001043	12.34843540	System	[LAMPYRIS] SetState: Pin=1 1 -> 0 (0=STOP 1=ACQUIRE 2=PAUSE 3=RUN)	
00001044	12.34866905	System	[LAMPYRIS] PDF1 SET: Pin=1 ValSize=104 tag=0xFFFE ch=1 rate=22050 bits=16 cb=22	
00001045	12.34867001	System	[LAMPYRIS] IsFormatSupported: Pin=1 req 1ch/22050Hz/16bit/blk2 -> 0x0	
00001046	12.34867191	System	[LAMPYRIS] WaveFilterProp: set=0x8C134960 id=14 verb=0x2 -> 0x0	
00001047	12.34875679	System	[LAMPYRIS] MJ_CREATE FILTER nameLen=20 -> 0x0	
00001048	12.34879112	System	[LAMPYRIS] NewStream ENTER: Pin=1 Capture=1	
00001049	12.34879303	System	[LAMPYRIS] IsFormatSupported: Pin=1 req 1ch/22050Hz/16bit/blk2 -> 0x0	
00001050	12.34881401	System	[LAMPYRIS] NewStream EXIT: Pin=1 status=0x0	
00001051	12.34881687	System	[LAMPYRIS] MJ_CREATE PIN nameLen=302 -> 0x0	
00001052	12.34901619	System	[LAMPYRIS] SetState: Pin=1 0 -> 1 (0=STOP 1=ACQUIRE 2=PAUSE 3=RUN)	
00001053	12.34902000	System	[LAMPYRIS] SetState: Pin=1 1 -> 2 (0=STOP 1=ACQUIRE 2=PAUSE 3=RUN)	
00001054	12.34902859	System	[LAMPYRIS] SetState: Pin=1 2 -> 1 (0=STOP 1=ACQUIRE 2=PAUSE 3=RUN)	
00001055	12.34903240	System	[LAMPYRIS] SetState: Pin=1 1 -> 0 (0=STOP 1=ACQUIRE 2=PAUSE 3=RUN)	
00001056	12.34928513	System	[LAMPYRIS] PDF1 SET: Pin=1 ValSize=104 tag=0xFFFE ch=1 rate=24000 bits=16 cb=22	
00001057	12.34928799	System	[LAMPYRIS] IsFormatSupported: Pin=1 req 1ch/24000Hz/16bit/blk2 -> 0x0	
00001058	12.34928894	System	[LAMPYRIS] WaveFilterProp: set=0x8C134960 id=14 verb=0x2 -> 0x0	
00001059	12.34937572	System	[LAMPYRIS] MJ_CREATE FILTER nameLen=20 -> 0x0	
00001060	12.34941673	System	[LAMPYRIS] NewStream ENTER: Pin=1 Capture=1	
00001061	12.34941959	System	[LAMPYRIS] IsFormatSupported: Pin=1 req 1ch/24000Hz/16bit/blk2 -> 0x0	
00001062	12.34944344	System	[LAMPYRIS] NewStream EXIT: Pin=1 status=0x0	
00001063	12.34944534	System	[LAMPYRIS] MJ_CREATE PIN nameLen=302 -> 0x0	
00001064	12.34960842	System	[LAMPYRIS] SetState: Pin=1 0 -> 1 (0=STOP 1=ACQUIRE 2=PAUSE 3=RUN)	
00001065	12.34961224	System	[LAMPYRIS] SetState: Pin=1 1 -> 2 (0=STOP 1=ACQUIRE 2=PAUSE 3=RUN)	
00001066	12.34961605	System	[LAMPYRIS] SetState: Pin=1 2 -> 1 (0=STOP 1=ACQUIRE 2=PAUSE 3=RUN)	
00001067	12.34961987	System	[LAMPYRIS] SetState: Pin=1 1 -> 0 (0=STOP 1=ACQUIRE 2=PAUSE 3=RUN)	
00001068	12.35014343	System	[LAMPYRIS] PDF1 SET: Pin=1 ValSize=104 tag=0xFFFE ch=1 rate=32000 bits=16 cb=22	
00001069	12.35014534	System	[LAMPYRIS] IsFormatSupported: Pin=1 req 1ch/32000Hz/16bit/blk2 -> 0x0	
00001070	12.35016155	System	[LAMPYRIS] WaveFilterProp: set=0x8C134960 id=14 verb=0x2 -> 0x0	
00001071	12.35046673	System	[LAMPYRIS] MJ_CREATE FILTER nameLen=20 -> 0x0	
00001072	12.35051346	System	[LAMPYRIS] NewStream ENTER: Pin=1 Capture=1	
00001073	12.35051537	System	[LAMPYRIS] IsFormatSupported: Pin=1 req 1ch/32000Hz/16bit/blk2 -> 0x0	
00001074	12.35053635	System	[LAMPYRIS] NewStream EXIT: Pin=1 status=0x0	
00001075	12.35053921	System	[LAMPYRIS] MJ_CREATE PIN nameLen=302 -> 0x0	
00001076	12.35070229	System	[LAMPYRIS] SetState: Pin=1 0 -> 1 (0=STOP 1=ACQUIRE 2=PAUSE 3=RUN)	
00001077	12.35070705	System	[LAMPYRIS] SetState: Pin=1 1 -> 2 (0=STOP 1=ACQUIRE 2=PAUSE 3=RUN)	
00001078	12.35074043	System	[LAMPYRIS] SetState: Pin=1 2 -> 1 (0=STOP 1=ACQUIRE 2=PAUSE 3=RUN)	
00001079	12.35075188	System	[LAMPYRIS] SetState: Pin=1 1 -> 0 (0=STOP 1=ACQUIRE 2=PAUSE 3=RUN)	
00001080	12.35102940	System	[LAMPYRIS] PDF1 SET: Pin=1 ValSize=104 tag=0xFFFE ch=1 rate=44100 bits=16 cb=22	
00001081	12.35103130	System	[LAMPYRIS] IsFormatSupported: Pin=1 req 1ch/44100Hz/16bit/blk2 -> 0x0	
00001082	12.35103321	System	[LAMPYRIS] WaveFilterProp: set=0x8C134960 id=14 verb=0x2 -> 0x0	
00001083	12.35113239	System	[LAMPYRIS] MJ_CREATE FILTER nameLen=20 -> 0x0	
00001084	12.35119247	System	[LAMPYRIS] NewStream ENTER: Pin=1 Capture=1	
00001085	12.35119438	System	[LAMPYRIS] IsFormatSupported: Pin=1 req 1ch/44100Hz/16bit/blk2 -> 0x0	
00001086	12.35121536	System	[LAMPYRIS] NewStream EXIT: Pin=1 status=0x0	
00001087	12.35121822	System	[LAMPYRIS] MJ_CREATE PIN nameLen=302 -> 0x0	
00001088	12.35135555	System	[LAMPYRIS] SetState: Pin=1 0 -> 1 (0=STOP 1=ACQUIRE 2=PAUSE 3=RUN)	
00001089	12.35138321	System	[LAMPYRIS] SetState: Pin=1 1 -> 2 (0=STOP 1=ACQUIRE 2=PAUSE 3=RUN)	
00001090	12.35140038	System	[LAMPYRIS] SetState: Pin=1 2 -> 1 (0=STOP 1=ACQUIRE 2=PAUSE 3=RUN)	
00001091	12.35141182	System	[LAMPYRIS] SetState: Pin=1 1 -> 0 (0=STOP 1=ACQUIRE 2=PAUSE 3=RUN)	
00001092	12.35166550	System	[LAMPYRIS] PDF1 SET: Pin=1 ValSize=104 tag=0xFFFE ch=1 rate=48000 bits=32 cb=22	
00001093	12.35166740	System	[LAMPYRIS] IsFormatSupported: Pin=1 req 1ch/48000Hz/32bit/blk4 -> 0xC0000272	
00001094	12.35166836	System	[LAMPYRIS] WaveFilterProp: set=0x8C134960 id=14 verb=0x2 -> 0xC0000272	
00001095	12.35168076	System	[LAMPYRIS] PDF1 SET: Pin=1 ValSize=104 tag=0xFFFE ch=1 rate=48000 bits=32 cb=22	
00001096	12.35168266	System	[LAMPYRIS] IsFormatSupported: Pin=1 req 1ch/48000Hz/32bit/blk4 -> 0xC0000272	
00001097	12.35168362	System	[LAMPYRIS] WaveFilterProp: set=0x8C134960 id=14 verb=0x2 -> 0xC0000272	
00001098	12.35190201	System	[LAMPYRIS] PDF1 SET: Pin=1 ValSize=104 tag=0xFFFE ch=2 rate=48000 bits=32 cb=22	
00001099	12.35190487	System	[LAMPYRIS] IsFormatSupported: Pin=1 req 2ch/48000Hz/32bit/blk8 -> 0xC0000272	
00001100	12.35190582	System	[LAMPYRIS] WaveFilterProp: set=0x8C134960 id=14 verb=0x2 -> 0xC0000272	
00001101	12.35192394	System	[LAMPYRIS] PDF1 SET: Pin=1 ValSize=104 tag=0xFFFE ch=2 rate=48000 bits=32 cb=22	
00001102	12.35192490	System	[LAMPYRIS] IsFormatSupported: Pin=1 req 2ch/48000Hz/32bit/blk8 -> 0xC0000272	
00001103	12.35192680	System	[LAMPYRIS] WaveFilterProp: set=0x8C134960 id=14 verb=0x2 -> 0xC0000272	
