00000007	1.75563157	System	[LAMPYRIS] PDF1 SET: Pin=1 ValSize=104 tag=0xFFFE ch=1 rate=48000 bits=16 cb=22	
00000008	1.75563836	System	[LAMPYRIS] IsFormatSupported: Pin=1 req 1ch/48000Hz/16bit/blk2 -> 0x0	
00000009	1.75564003	System	[LAMPYRIS] WaveFilterProp: set=0x8C134960 id=14 verb=0x2 -> 0x0	
00000010	1.75570595	System	[LAMPYRIS] PDF1 SET GUID-only: Pin=1 ValSize=64 FmtSize=64 Flags=0x3a Major=0x73647561 Sub=0x00000001 Spec=0x05589F81	
00000011	1.75570738	System	[LAMPYRIS] WaveFilterProp: set=0x8C134960 id=14 verb=0x2 -> 0x0	
00000012	1.75574481	System	[LAMPYRIS] PDF2 ENTER: Pin=1 Verb=0x200 InstSize=8 ValSize=4	
00000013	1.75574601	System	[LAMPYRIS] WaveFilterProp: set=0x8C134960 id=15 verb=0x200 -> 0x0	
00000014	1.75575435	System	[LAMPYRIS] PDF2 ENTER: Pin=1 Verb=0x1 InstSize=56 ValSize=0	
00000015	1.75575554	System	[LAMPYRIS] WaveFilterProp: set=0x8C134960 id=15 verb=0x1 -> 0x80000005	
00000016	1.75575924	System	[LAMPYRIS] PDF2 ENTER: Pin=1 Verb=0x1 InstSize=56 ValSize=152	
00000017	1.75576043	System	[LAMPYRIS] PDF2 EXIT: mode=0x9E90EA20 -> 0x0 (returned default fmt)	
00000018	1.75576162	System	[LAMPYRIS] WaveFilterProp: set=0x8C134960 id=15 verb=0x1 -> 0x0	
00000019	1.75579119	System	[LAMPYRIS] PDF1 SET: Pin=1 ValSize=104 tag=0xFFFE ch=2 rate=48000 bits=32 cb=22	
00000020	1.75579262	System	[LAMPYRIS] IsFormatSupported: Pin=1 req 2ch/48000Hz/32bit/blk8 -> 0x0	
00000021	1.75579357	System	[LAMPYRIS] WaveFilterProp: set=0x8C134960 id=14 verb=0x2 -> 0x0	
00000022	1.75602281	System	[LAMPYRIS] PDF2 ENTER: Pin=1 Verb=0x200 InstSize=8 ValSize=4	
00000023	1.75602436	System	[LAMPYRIS] WaveFilterProp: set=0x8C134960 id=15 verb=0x200 -> 0x0	
00000024	1.75602841	System	[LAMPYRIS] PDF2 ENTER: Pin=1 Verb=0x1 InstSize=56 ValSize=0	
00000025	1.75602961	System	[LAMPYRIS] WaveFilterProp: set=0x8C134960 id=15 verb=0x1 -> 0x80000005	
00000026	1.75603294	System	[LAMPYRIS] PDF2 ENTER: Pin=1 Verb=0x1 InstSize=56 ValSize=152	
00000027	1.75603426	System	[LAMPYRIS] PDF2 EXIT: mode=0xC18E2F7E -> 0x0 (returned default fmt)	
00000028	1.75603521	System	[LAMPYRIS] WaveFilterProp: set=0x8C134960 id=15 verb=0x1 -> 0x0	
00000029	1.75606859	System	[LAMPYRIS] PDF1 SET: Pin=1 ValSize=104 tag=0xFFFE ch=1 rate=48000 bits=16 cb=22	
00000030	1.75607002	System	[LAMPYRIS] IsFormatSupported: Pin=1 req 1ch/48000Hz/16bit/blk2 -> 0x0	
00000031	1.75607121	System	[LAMPYRIS] WaveFilterProp: set=0x8C134960 id=14 verb=0x2 -> 0x0	
00000032	1.75622284	System	[LAMPYRIS] PDF2 ENTER: Pin=1 Verb=0x200 InstSize=8 ValSize=4	
00000033	1.75622439	System	[LAMPYRIS] WaveFilterProp: set=0x8C134960 id=15 verb=0x200 -> 0x0	
00000034	1.75622785	System	[LAMPYRIS] PDF2 ENTER: Pin=1 Verb=0x1 InstSize=56 ValSize=0	
00000035	1.75622916	System	[LAMPYRIS] WaveFilterProp: set=0x8C134960 id=15 verb=0x1 -> 0x80000005	
00000036	1.75623238	System	[LAMPYRIS] PDF2 ENTER: Pin=1 Verb=0x1 InstSize=56 ValSize=152	
00000037	1.75623345	System	[LAMPYRIS] PDF2 EXIT: mode=0x98951333 -> 0x0 (returned default fmt)	
00000038	1.75623441	System	[LAMPYRIS] WaveFilterProp: set=0x8C134960 id=15 verb=0x1 -> 0x0	
00000039	1.75626600	System	[LAMPYRIS] PDF1 SET: Pin=1 ValSize=104 tag=0xFFFE ch=1 rate=24000 bits=16 cb=22	
00000040	1.75626755	System	[LAMPYRIS] IsFormatSupported: Pin=1 req 1ch/24000Hz/16bit/blk2 -> 0x0	
00000041	1.75626862	System	[LAMPYRIS] WaveFilterProp: set=0x8C134960 id=14 verb=0x2 -> 0x0	
00000042	1.75741959	System	[LAMPYRIS] MJ_CREATE FILTER nameLen=28 -> 0x0	
00000043	1.75779140	System	[LAMPYRIS] MJ_CREATE FILTER nameLen=28 -> 0x0	
00000044	1.75811136	System	[LAMPYRIS] MJ_CREATE FILTER nameLen=20 -> 0x0	
00000045	1.75811803	System	[LAMPYRIS] MJ_CREATE FILTER nameLen=20 -> 0x0	
00000046	1.75836396	System	[LAMPYRIS] PDF1 SET: Pin=1 ValSize=104 tag=0xFFFE ch=1 rate=48000 bits=16 cb=22	
00000047	1.75836599	System	[LAMPYRIS] IsFormatSupported: Pin=1 req 1ch/48000Hz/16bit/blk2 -> 0x0	
00000048	1.75836718	System	[LAMPYRIS] WaveFilterProp: set=0x8C134960 id=14 verb=0x2 -> 0x0	
00000049	1.75989044	System	[LAMPYRIS] PDF1 SET GUID-only: Pin=1 ValSize=64 FmtSize=64 Flags=0x0 Major=0x73647561 Sub=0x00000001 Spec=0x05589F81	
00000050	1.75989282	System	[LAMPYRIS] WaveFilterProp: set=0x8C134960 id=14 verb=0x2 -> 0x0	
00000051	1.76027036	System	[LAMPYRIS] MJ_CREATE FILTER nameLen=20 -> 0x0	
00000052	1.76124442	System	[LAMPYRIS] PDF1 SET: Pin=1 ValSize=104 tag=0xFFFE ch=1 rate=48000 bits=16 cb=22	
00000053	1.76124656	System	[LAMPYRIS] IsFormatSupported: Pin=1 req 1ch/48000Hz/16bit/blk2 -> 0x0	
00000054	1.76124799	System	[LAMPYRIS] WaveFilterProp: set=0x8C134960 id=14 verb=0x2 -> 0x0	
00000055	1.76157916	System	[LAMPYRIS] MJ_CREATE FILTER nameLen=20 -> 0x0	
00000056	1.76240575	System	[LAMPYRIS] PDF1 SET: Pin=1 ValSize=104 tag=0xFFFE ch=1 rate=48000 bits=16 cb=22	
00000057	1.76240802	System	[LAMPYRIS] IsFormatSupported: Pin=1 req 1ch/48000Hz/16bit/blk2 -> 0x0	
00000058	1.76240921	System	[LAMPYRIS] WaveFilterProp: set=0x8C134960 id=14 verb=0x2 -> 0x0	
00000059	1.76274383	System	[LAMPYRIS] MJ_CREATE FILTER nameLen=20 -> 0x0	
00000060	1.76319003	System	[LAMPYRIS] PDF2 ENTER: Pin=2 Verb=0x200 InstSize=8 ValSize=4	
00000061	1.76319206	System	[LAMPYRIS] WaveFilterProp: set=0x8C134960 id=15 verb=0x200 -> 0x0	
00000062	1.76320064	System	[LAMPYRIS] PDF2 ENTER: Pin=2 Verb=0x1 InstSize=56 ValSize=0	
00000063	1.76320183	System	[LAMPYRIS] PDF2 EXIT: mode=0x9E90EA20 found=0 -> NOT_SUPPORTED	
00000064	1.76320302	System	[LAMPYRIS] WaveFilterProp: set=0x8C134960 id=15 verb=0x1 -> 0xC00000BB	
00000065	1.76396418	System	[LAMPYRIS] PDF1 SET: Pin=2 ValSize=104 tag=0xFFFE ch=1 rate=16000 bits=16 cb=22	
00000066	1.76396620	System	[LAMPYRIS] IsFormatSupported: Pin=2 req 1ch/16000Hz/16bit/blk2 -> 0x0	
00000067	1.76396763	System	[LAMPYRIS] WaveFilterProp: set=0x8C134960 id=14 verb=0x2 -> 0x0	
00000068	1.76458061	System	[LAMPYRIS] PDF1 SET: Pin=1 ValSize=104 tag=0xFFFE ch=1 rate=48000 bits=16 cb=22	
00000069	1.76458263	System	[LAMPYRIS] IsFormatSupported: Pin=1 req 1ch/48000Hz/16bit/blk2 -> 0x0	
00000070	1.76458383	System	[LAMPYRIS] WaveFilterProp: set=0x8C134960 id=14 verb=0x2 -> 0x0	
00000071	1.77223516	System	[LAMPYRIS] PDF2 ENTER: Pin=1 Verb=0x200 InstSize=8 ValSize=4	
00000072	1.77223766	System	[LAMPYRIS] WaveFilterProp: set=0x8C134960 id=15 verb=0x200 -> 0x0	
00000073	1.77224243	System	[LAMPYRIS] PDF2 ENTER: Pin=1 Verb=0x1 InstSize=56 ValSize=0	
00000074	1.77224362	System	[LAMPYRIS] WaveFilterProp: set=0x8C134960 id=15 verb=0x1 -> 0x80000005	
00000075	1.77224720	System	[LAMPYRIS] PDF2 ENTER: Pin=1 Verb=0x1 InstSize=56 ValSize=152	
00000076	1.77224839	System	[LAMPYRIS] PDF2 EXIT: mode=0xC18E2F7E -> 0x0 (returned default fmt)	
00000077	1.77224922	System	[LAMPYRIS] WaveFilterProp: set=0x8C134960 id=15 verb=0x1 -> 0x0	
00000078	1.77380836	System	[LAMPYRIS] PDF2 ENTER: Pin=1 Verb=0x200 InstSize=8 ValSize=4	
00000079	1.77381122	System	[LAMPYRIS] WaveFilterProp: set=0x8C134960 id=15 verb=0x200 -> 0x0	
00000080	1.77381659	System	[LAMPYRIS] PDF2 ENTER: Pin=1 Verb=0x1 InstSize=56 ValSize=0	
00000081	1.77381837	System	[LAMPYRIS] WaveFilterProp: set=0x8C134960 id=15 verb=0x1 -> 0x80000005	
00000082	1.77382278	System	[LAMPYRIS] PDF2 ENTER: Pin=1 Verb=0x1 InstSize=56 ValSize=152	
00000083	1.77382421	System	[LAMPYRIS] PDF2 EXIT: mode=0x9E90EA20 -> 0x0 (returned default fmt)	
00000084	1.77382565	System	[LAMPYRIS] WaveFilterProp: set=0x8C134960 id=15 verb=0x1 -> 0x0	
00000085	1.77490044	System	[LAMPYRIS] PDF1 SET: Pin=1 ValSize=104 tag=0xFFFE ch=1 rate=48000 bits=16 cb=22	
00000086	1.77490318	System	[LAMPYRIS] IsFormatSupported: Pin=1 req 1ch/48000Hz/16bit/blk2 -> 0x0	
00000087	1.77490485	System	[LAMPYRIS] WaveFilterProp: set=0x8C134960 id=14 verb=0x2 -> 0x0	
00000088	1.77505565	System	[LAMPYRIS] MJ_CREATE FILTER nameLen=20 -> 0x0	
00000089	1.77510440	System	[LAMPYRIS] NewStream ENTER: Pin=1 Capture=1	
00000090	1.77510655	System	[LAMPYRIS] IsFormatSupported: Pin=1 req 1ch/48000Hz/16bit/blk2 -> 0x0	
00000091	1.77514279	System	[LAMPYRIS] NewStream EXIT: Pin=1 status=0x0	
00000092	1.77514637	System	[LAMPYRIS] MJ_CREATE PIN nameLen=302 -> 0x0	
00000093	1.77534115	System	[LAMPYRIS] SetState: Pin=1 0 -> 1 (0=STOP 1=ACQUIRE 2=PAUSE 3=RUN)	
00000094	1.77534544	System	[LAMPYRIS] SetState: Pin=1 1 -> 2 (0=STOP 1=ACQUIRE 2=PAUSE 3=RUN)	
00000095	1.77627921	System	[LAMPYRIS] SetState: Pin=1 2 -> 1 (0=STOP 1=ACQUIRE 2=PAUSE 3=RUN)	
00000096	1.77629197	System	[LAMPYRIS] SetState: Pin=1 1 -> 0 (0=STOP 1=ACQUIRE 2=PAUSE 3=RUN)	
00000097	1.77866185	System	[LAMPYRIS] PDF1 SET: Pin=1 ValSize=82 tag=0x1 ch=1 rate=8000 bits=16 cb=0	
00000098	1.77866399	System	[LAMPYRIS] IsFormatSupported: Pin=1 req 1ch/8000Hz/16bit/blk2 -> 0x0	
00000099	1.77866995	System	[LAMPYRIS] WaveFilterProp: set=0x8C134960 id=14 verb=0x2 -> 0x0	
00000100	1.77871835	System	[LAMPYRIS] PDF1 SET GUID-only: Pin=1 ValSize=64 FmtSize=64 Flags=0x3a Major=0x73647561 Sub=0x00000001 Spec=0x05589F81	
00000101	1.77871954	System	[LAMPYRIS] WaveFilterProp: set=0x8C134960 id=14 verb=0x2 -> 0x0	
00000102	1.77876234	System	[LAMPYRIS] PDF2 ENTER: Pin=1 Verb=0x200 InstSize=8 ValSize=4	
00000103	1.77876377	System	[LAMPYRIS] WaveFilterProp: set=0x8C134960 id=15 verb=0x200 -> 0x0	
00000104	1.77876723	System	[LAMPYRIS] PDF2 ENTER: Pin=1 Verb=0x1 InstSize=56 ValSize=0	
00000105	1.77876842	System	[LAMPYRIS] WaveFilterProp: set=0x8C134960 id=15 verb=0x1 -> 0x80000005	
00000106	1.77877164	System	[LAMPYRIS] PDF2 ENTER: Pin=1 Verb=0x1 InstSize=56 ValSize=152	
00000107	1.77877283	System	[LAMPYRIS] PDF2 EXIT: mode=0x9E90EA20 -> 0x0 (returned default fmt)	
00000108	1.77877355	System	[LAMPYRIS] WaveFilterProp: set=0x8C134960 id=15 verb=0x1 -> 0x0	
00000109	1.77880275	System	[LAMPYRIS] PDF1 SET: Pin=1 ValSize=104 tag=0xFFFE ch=2 rate=48000 bits=32 cb=22	
00000110	1.77880418	System	[LAMPYRIS] IsFormatSupported: Pin=1 req 2ch/48000Hz/32bit/blk8 -> 0x0	
00000111	1.77880526	System	[LAMPYRIS] WaveFilterProp: set=0x8C134960 id=14 verb=0x2 -> 0x0	
00000112	1.77942085	System	[LAMPYRIS] PDF2 ENTER: Pin=1 Verb=0x200 InstSize=8 ValSize=4	
00000113	1.77942276	System	[LAMPYRIS] WaveFilterProp: set=0x8C134960 id=15 verb=0x200 -> 0x0	
00000114	1.77942681	System	[LAMPYRIS] PDF2 ENTER: Pin=1 Verb=0x1 InstSize=56 ValSize=0	
00000115	1.77942836	System	[LAMPYRIS] WaveFilterProp: set=0x8C134960 id=15 verb=0x1 -> 0x80000005	
00000116	1.77943182	System	[LAMPYRIS] PDF2 ENTER: Pin=1 Verb=0x1 InstSize=56 ValSize=152	
00000117	1.77943301	System	[LAMPYRIS] PDF2 EXIT: mode=0xC18E2F7E -> 0x0 (returned default fmt)	
00000118	1.77943397	System	[LAMPYRIS] WaveFilterProp: set=0x8C134960 id=15 verb=0x1 -> 0x0	
00000119	1.77946305	System	[LAMPYRIS] PDF1 SET: Pin=1 ValSize=104 tag=0xFFFE ch=1 rate=48000 bits=16 cb=22	
00000120	1.77946436	System	[LAMPYRIS] IsFormatSupported: Pin=1 req 1ch/48000Hz/16bit/blk2 -> 0x0	
00000121	1.77946556	System	[LAMPYRIS] WaveFilterProp: set=0x8C134960 id=14 verb=0x2 -> 0x0	
00000122	1.77997720	System	[LAMPYRIS] PDF2 ENTER: Pin=1 Verb=0x200 InstSize=8 ValSize=4	
00000123	1.77997923	System	[LAMPYRIS] WaveFilterProp: set=0x8C134960 id=15 verb=0x200 -> 0x0	
00000124	1.77998316	System	[LAMPYRIS] PDF2 ENTER: Pin=1 Verb=0x1 InstSize=56 ValSize=0	
00000125	1.77998459	System	[LAMPYRIS] WaveFilterProp: set=0x8C134960 id=15 verb=0x1 -> 0x80000005	
00000126	1.77998805	System	[LAMPYRIS] PDF2 ENTER: Pin=1 Verb=0x1 InstSize=56 ValSize=152	
00000127	1.77998900	System	[LAMPYRIS] PDF2 EXIT: mode=0x98951333 -> 0x0 (returned default fmt)	
00000128	1.77998996	System	[LAMPYRIS] WaveFilterProp: set=0x8C134960 id=15 verb=0x1 -> 0x0	
00000129	1.78002524	System	[LAMPYRIS] PDF1 SET: Pin=1 ValSize=104 tag=0xFFFE ch=1 rate=24000 bits=16 cb=22	
00000130	1.78002679	System	[LAMPYRIS] IsFormatSupported: Pin=1 req 1ch/24000Hz/16bit/blk2 -> 0x0	
00000131	1.78002775	System	[LAMPYRIS] WaveFilterProp: set=0x8C134960 id=14 verb=0x2 -> 0x0	
00000132	1.78081286	System	[LAMPYRIS] MJ_CREATE FILTER nameLen=36 -> 0x0	
00000133	1.78082037	System	[LAMPYRIS] MJ_CREATE FILTER nameLen=36 -> 0x0	
00000134	1.78117526	System	[LAMPYRIS] MJ_CREATE FILTER nameLen=28 -> 0x0	
00000135	1.78118205	System	[LAMPYRIS] MJ_CREATE FILTER nameLen=28 -> 0x0	
00000136	1.78142965	System	[LAMPYRIS] PDF1 SET: Pin=1 ValSize=82 tag=0x1 ch=1 rate=8000 bits=16 cb=0	
00000137	1.78143144	System	[LAMPYRIS] IsFormatSupported: Pin=1 req 1ch/8000Hz/16bit/blk2 -> 0x0	
00000138	1.78143275	System	[LAMPYRIS] WaveFilterProp: set=0x8C134960 id=14 verb=0x2 -> 0x0	
00000139	1.78212523	System	[LAMPYRIS] PDF1 SET GUID-only: Pin=1 ValSize=64 FmtSize=64 Flags=0x0 Major=0x73647561 Sub=0x00000001 Spec=0x05589F81	
00000140	1.78212762	System	[LAMPYRIS] WaveFilterProp: set=0x8C134960 id=14 verb=0x2 -> 0x0	
00000141	1.78276443	System	[LAMPYRIS] MJ_CREATE FILTER nameLen=28 -> 0x0	
00000142	1.78399098	System	[LAMPYRIS] PDF1 SET: Pin=1 ValSize=82 tag=0x1 ch=1 rate=8000 bits=16 cb=0	
00000143	1.78399324	System	[LAMPYRIS] IsFormatSupported: Pin=1 req 1ch/8000Hz/16bit/blk2 -> 0x0	
00000144	1.78399479	System	[LAMPYRIS] WaveFilterProp: set=0x8C134960 id=14 verb=0x2 -> 0x0	
00000145	1.78434801	System	[LAMPYRIS] MJ_CREATE FILTER nameLen=28 -> 0x0	
00000146	1.78555083	System	[LAMPYRIS] PDF1 SET: Pin=1 ValSize=82 tag=0x1 ch=1 rate=8000 bits=16 cb=0	
00000147	1.78555286	System	[LAMPYRIS] IsFormatSupported: Pin=1 req 1ch/8000Hz/16bit/blk2 -> 0x0	
00000148	1.78555417	System	[LAMPYRIS] WaveFilterProp: set=0x8C134960 id=14 verb=0x2 -> 0x0	
00000149	1.78591275	System	[LAMPYRIS] MJ_CREATE FILTER nameLen=28 -> 0x0	
00000150	1.78667021	System	[LAMPYRIS] PDF2 ENTER: Pin=2 Verb=0x200 InstSize=8 ValSize=4	
00000151	1.78667235	System	[LAMPYRIS] WaveFilterProp: set=0x8C134960 id=15 verb=0x200 -> 0x0	
00000152	1.78668141	System	[LAMPYRIS] PDF2 ENTER: Pin=2 Verb=0x1 InstSize=56 ValSize=0	
00000153	1.78668284	System	[LAMPYRIS] PDF2 EXIT: mode=0x9E90EA20 found=0 -> NOT_SUPPORTED	
00000154	1.78668404	System	[LAMPYRIS] WaveFilterProp: set=0x8C134960 id=15 verb=0x1 -> 0xC00000BB	
00000155	1.78771138	System	[LAMPYRIS] PDF1 SET: Pin=2 ValSize=82 tag=0x1 ch=1 rate=16000 bits=16 cb=0	
00000156	1.78771365	System	[LAMPYRIS] IsFormatSupported: Pin=2 req 1ch/16000Hz/16bit/blk2 -> 0x0	
00000157	1.78771520	System	[LAMPYRIS] WaveFilterProp: set=0x8C134960 id=14 verb=0x2 -> 0x0	
00000158	1.78851843	System	[LAMPYRIS] PDF1 SET: Pin=1 ValSize=82 tag=0x1 ch=1 rate=8000 bits=16 cb=0	
00000159	1.78852057	System	[LAMPYRIS] IsFormatSupported: Pin=1 req 1ch/8000Hz/16bit/blk2 -> 0x0	
00000160	1.78852201	System	[LAMPYRIS] WaveFilterProp: set=0x8C134960 id=14 verb=0x2 -> 0x0	
00000161	1.79008603	System	[LAMPYRIS] PDF2 ENTER: Pin=1 Verb=0x200 InstSize=8 ValSize=4	
00000162	1.79008865	System	[LAMPYRIS] WaveFilterProp: set=0x8C134960 id=15 verb=0x200 -> 0x0	
00000163	1.79009378	System	[LAMPYRIS] PDF2 ENTER: Pin=1 Verb=0x1 InstSize=56 ValSize=0	
00000164	1.79009545	System	[LAMPYRIS] WaveFilterProp: set=0x8C134960 id=15 verb=0x1 -> 0x80000005	
00000165	1.79009962	System	[LAMPYRIS] PDF2 ENTER: Pin=1 Verb=0x1 InstSize=56 ValSize=152	
00000166	1.79010117	System	[LAMPYRIS] PDF2 EXIT: mode=0xC18E2F7E -> 0x0 (returned default fmt)	
00000167	1.79010236	System	[LAMPYRIS] WaveFilterProp: set=0x8C134960 id=15 verb=0x1 -> 0x0	
00000168	1.79145920	System	[LAMPYRIS] PDF2 ENTER: Pin=1 Verb=0x200 InstSize=8 ValSize=4	
00000169	1.79146194	System	[LAMPYRIS] WaveFilterProp: set=0x8C134960 id=15 verb=0x200 -> 0x0	
00000170	1.79146719	System	[LAMPYRIS] PDF2 ENTER: Pin=1 Verb=0x1 InstSize=56 ValSize=0	
00000171	1.79146886	System	[LAMPYRIS] WaveFilterProp: set=0x8C134960 id=15 verb=0x1 -> 0x80000005	
00000172	1.79147315	System	[LAMPYRIS] PDF2 ENTER: Pin=1 Verb=0x1 InstSize=56 ValSize=152	
00000173	1.79147458	System	[LAMPYRIS] PDF2 EXIT: mode=0x9E90EA20 -> 0x0 (returned default fmt)	
00000174	1.79147601	System	[LAMPYRIS] WaveFilterProp: set=0x8C134960 id=15 verb=0x1 -> 0x0	
00000175	1.79226542	System	[LAMPYRIS] PDF1 SET: Pin=1 ValSize=104 tag=0xFFFE ch=1 rate=48000 bits=16 cb=22	
00000176	1.79226744	System	[LAMPYRIS] IsFormatSupported: Pin=1 req 1ch/48000Hz/16bit/blk2 -> 0x0	
00000177	1.79226863	System	[LAMPYRIS] WaveFilterProp: set=0x8C134960 id=14 verb=0x2 -> 0x0	
00000178	1.79237235	System	[LAMPYRIS] MJ_CREATE FILTER nameLen=28 -> 0x0	
00000179	1.79240882	System	[LAMPYRIS] NewStream ENTER: Pin=1 Capture=1	
00000180	1.79241061	System	[LAMPYRIS] IsFormatSupported: Pin=1 req 1ch/48000Hz/16bit/blk2 -> 0x0	
00000181	1.79244184	System	[LAMPYRIS] NewStream EXIT: Pin=1 status=0x0	
00000182	1.79244757	System	[LAMPYRIS] MJ_CREATE PIN nameLen=302 -> 0x0	
00000183	1.79265201	System	[LAMPYRIS] SetState: Pin=1 0 -> 1 (0=STOP 1=ACQUIRE 2=PAUSE 3=RUN)	
00000184	1.79265678	System	[LAMPYRIS] SetState: Pin=1 1 -> 2 (0=STOP 1=ACQUIRE 2=PAUSE 3=RUN)	
00000185	1.79366040	System	[LAMPYRIS] SetState: Pin=1 2 -> 1 (0=STOP 1=ACQUIRE 2=PAUSE 3=RUN)	
00000186	1.79366636	System	[LAMPYRIS] SetState: Pin=1 1 -> 0 (0=STOP 1=ACQUIRE 2=PAUSE 3=RUN)	
00000187	1.80424702	System	[LAMPYRIS] PDF1 SET: Pin=1 ValSize=104 tag=0xFFFE ch=1 rate=48000 bits=16 cb=22	
00000188	1.80424941	System	[LAMPYRIS] IsFormatSupported: Pin=1 req 1ch/48000Hz/16bit/blk2 -> 0x0	
00000189	1.80425084	System	[LAMPYRIS] WaveFilterProp: set=0x8C134960 id=14 verb=0x2 -> 0x0	
00000190	1.80540895	System	[LAMPYRIS] PDF2 ENTER: Pin=1 Verb=0x200 InstSize=8 ValSize=4	
00000191	1.80541122	System	[LAMPYRIS] WaveFilterProp: set=0x8C134960 id=15 verb=0x200 -> 0x0	
00000192	1.80541515	System	[LAMPYRIS] PDF2 ENTER: Pin=1 Verb=0x1 InstSize=56 ValSize=0	
00000193	1.80541682	System	[LAMPYRIS] WaveFilterProp: set=0x8C134960 id=15 verb=0x1 -> 0x80000005	
00000194	1.80542004	System	[LAMPYRIS] PDF2 ENTER: Pin=1 Verb=0x1 InstSize=56 ValSize=152	
00000195	1.80542123	System	[LAMPYRIS] PDF2 EXIT: mode=0xC18E2F7E -> 0x0 (returned default fmt)	
00000196	1.80542219	System	[LAMPYRIS] WaveFilterProp: set=0x8C134960 id=15 verb=0x1 -> 0x0	
00000197	1.80672681	System	[LAMPYRIS] PDF2 ENTER: Pin=1 Verb=0x200 InstSize=8 ValSize=4	
00000198	1.80672920	System	[LAMPYRIS] WaveFilterProp: set=0x8C134960 id=15 verb=0x200 -> 0x0	
00000199	1.80673957	System	[LAMPYRIS] PDF2 ENTER: Pin=1 Verb=0x1 InstSize=56 ValSize=0	
00000200	1.80674124	System	[LAMPYRIS] WaveFilterProp: set=0x8C134960 id=15 verb=0x1 -> 0x80000005	
00000201	1.80674577	System	[LAMPYRIS] PDF2 ENTER: Pin=1 Verb=0x1 InstSize=56 ValSize=152	
00000202	1.80674720	System	[LAMPYRIS] PDF2 EXIT: mode=0x9E90EA20 -> 0x0 (returned default fmt)	
00000203	1.80674839	System	[LAMPYRIS] WaveFilterProp: set=0x8C134960 id=15 verb=0x1 -> 0x0	
00000204	1.80751002	System	[LAMPYRIS] PDF1 SET: Pin=1 ValSize=104 tag=0xFFFE ch=1 rate=48000 bits=16 cb=22	
00000205	1.80751216	System	[LAMPYRIS] IsFormatSupported: Pin=1 req 1ch/48000Hz/16bit/blk2 -> 0x0	
00000206	1.80751359	System	[LAMPYRIS] WaveFilterProp: set=0x8C134960 id=14 verb=0x2 -> 0x0	
00000207	1.80760920	System	[LAMPYRIS] MJ_CREATE FILTER nameLen=20 -> 0x0	
00000208	1.80764079	System	[LAMPYRIS] NewStream ENTER: Pin=1 Capture=1	
00000209	1.80764258	System	[LAMPYRIS] IsFormatSupported: Pin=1 req 1ch/48000Hz/16bit/blk2 -> 0x0	
00000210	1.80767119	System	[LAMPYRIS] NewStream EXIT: Pin=1 status=0x0	
00000211	1.80767405	System	[LAMPYRIS] MJ_CREATE PIN nameLen=302 -> 0x0	
00000212	1.80787122	System	[LAMPYRIS] SetState: Pin=1 0 -> 1 (0=STOP 1=ACQUIRE 2=PAUSE 3=RUN)	
00000213	1.80787563	System	[LAMPYRIS] SetState: Pin=1 1 -> 2 (0=STOP 1=ACQUIRE 2=PAUSE 3=RUN)	
00000214	1.80867314	System	[LAMPYRIS] SetState: Pin=1 2 -> 3 (0=STOP 1=ACQUIRE 2=PAUSE 3=RUN)	
00000215	1.81314683	System	[LAMPYRIS] SetState: Pin=1 3 -> 2 (0=STOP 1=ACQUIRE 2=PAUSE 3=RUN)	
00000216	1.81319034	System	[LAMPYRIS] UpdatePosition: TimeElapsedInMS 4, ByteDisplacement 384, Rate 96000	
00000217	1.81319284	System	[LAMPYRIS] ReadAudioData: Requested 384 bytes. Read 0 bytes. Available: 0	
00000218	1.81351483	System	[LAMPYRIS] SetState: Pin=1 2 -> 1 (0=STOP 1=ACQUIRE 2=PAUSE 3=RUN)	
00000219	1.81352019	System	[LAMPYRIS] SetState: Pin=1 1 -> 0 (0=STOP 1=ACQUIRE 2=PAUSE 3=RUN)	
00000220	1.81525481	System	[LAMPYRIS] PDF2 ENTER: Pin=1 Verb=0x200 InstSize=8 ValSize=4	
00000221	1.81525719	System	[LAMPYRIS] WaveFilterProp: set=0x8C134960 id=15 verb=0x200 -> 0x0	
00000222	1.81526160	System	[LAMPYRIS] PDF2 ENTER: Pin=1 Verb=0x1 InstSize=56 ValSize=0	
00000223	1.81526303	System	[LAMPYRIS] WaveFilterProp: set=0x8C134960 id=15 verb=0x1 -> 0x80000005	
00000224	1.81526637	System	[LAMPYRIS] PDF2 ENTER: Pin=1 Verb=0x1 InstSize=56 ValSize=152	
00000225	1.81526756	System	[LAMPYRIS] PDF2 EXIT: mode=0xC18E2F7E -> 0x0 (returned default fmt)	
00000226	1.81526875	System	[LAMPYRIS] WaveFilterProp: set=0x8C134960 id=15 verb=0x1 -> 0x0	
00000227	1.81669760	System	[LAMPYRIS] PDF2 ENTER: Pin=1 Verb=0x200 InstSize=8 ValSize=4	
00000228	1.81669998	System	[LAMPYRIS] WaveFilterProp: set=0x8C134960 id=15 verb=0x200 -> 0x0	
00000229	1.81670523	System	[LAMPYRIS] PDF2 ENTER: Pin=1 Verb=0x1 InstSize=56 ValSize=0	
00000230	1.81670702	System	[LAMPYRIS] WaveFilterProp: set=0x8C134960 id=15 verb=0x1 -> 0x80000005	
00000231	1.81671143	System	[LAMPYRIS] PDF2 ENTER: Pin=1 Verb=0x1 InstSize=56 ValSize=152	
00000232	1.81671286	System	[LAMPYRIS] PDF2 EXIT: mode=0x9E90EA20 -> 0x0 (returned default fmt)	
00000233	1.81671417	System	[LAMPYRIS] WaveFilterProp: set=0x8C134960 id=15 verb=0x1 -> 0x0	
00000234	1.81749797	System	[LAMPYRIS] PDF1 SET: Pin=1 ValSize=104 tag=0xFFFE ch=1 rate=48000 bits=16 cb=22	
00000235	1.81750035	System	[LAMPYRIS] IsFormatSupported: Pin=1 req 1ch/48000Hz/16bit/blk2 -> 0x0	
00000236	1.81750154	System	[LAMPYRIS] WaveFilterProp: set=0x8C134960 id=14 verb=0x2 -> 0x0	
00000237	1.81761217	System	[LAMPYRIS] MJ_CREATE FILTER nameLen=20 -> 0x0	
00000238	1.81764722	System	[LAMPYRIS] NewStream ENTER: Pin=1 Capture=1	
00000239	1.81764925	System	[LAMPYRIS] IsFormatSupported: Pin=1 req 1ch/48000Hz/16bit/blk2 -> 0x0	
00000240	1.81768000	System	[LAMPYRIS] NewStream EXIT: Pin=1 status=0x0	
00000241	1.81768274	System	[LAMPYRIS] MJ_CREATE PIN nameLen=302 -> 0x0	
00000242	1.81789076	System	[LAMPYRIS] SetState: Pin=1 0 -> 1 (0=STOP 1=ACQUIRE 2=PAUSE 3=RUN)	
00000243	1.81789637	System	[LAMPYRIS] SetState: Pin=1 1 -> 2 (0=STOP 1=ACQUIRE 2=PAUSE 3=RUN)	
00000244	1.81932223	System	[LAMPYRIS] SetState: Pin=1 2 -> 3 (0=STOP 1=ACQUIRE 2=PAUSE 3=RUN)	
00000245	1.82176483	System	[LAMPYRIS] SetState: Pin=1 3 -> 2 (0=STOP 1=ACQUIRE 2=PAUSE 3=RUN)	
00000246	1.82211280	System	[LAMPYRIS] SetState: Pin=1 2 -> 1 (0=STOP 1=ACQUIRE 2=PAUSE 3=RUN)	
00000247	1.82212603	System	[LAMPYRIS] SetState: Pin=1 1 -> 0 (0=STOP 1=ACQUIRE 2=PAUSE 3=RUN)	
00000248	1.82399762	System	[LAMPYRIS] PDF2 ENTER: Pin=1 Verb=0x200 InstSize=8 ValSize=4	
00000249	1.82399976	System	[LAMPYRIS] WaveFilterProp: set=0x8C134960 id=15 verb=0x200 -> 0x0	
00000250	1.82400405	System	[LAMPYRIS] PDF2 ENTER: Pin=1 Verb=0x1 InstSize=56 ValSize=0	
00000251	1.82400560	System	[LAMPYRIS] WaveFilterProp: set=0x8C134960 id=15 verb=0x1 -> 0x80000005	
00000252	1.82400894	System	[LAMPYRIS] PDF2 ENTER: Pin=1 Verb=0x1 InstSize=56 ValSize=152	
00000253	1.82401025	System	[LAMPYRIS] PDF2 EXIT: mode=0x9E90EA20 -> 0x0 (returned default fmt)	
00000254	1.82401121	System	[LAMPYRIS] WaveFilterProp: set=0x8C134960 id=15 verb=0x1 -> 0x0	
00000255	1.82504082	System	[LAMPYRIS] PDF1 SET: Pin=1 ValSize=104 tag=0xFFFE ch=1 rate=48000 bits=16 cb=22	
00000256	1.82504320	System	[LAMPYRIS] IsFormatSupported: Pin=1 req 1ch/48000Hz/16bit/blk2 -> 0x0	
00000257	1.82504439	System	[LAMPYRIS] WaveFilterProp: set=0x8C134960 id=14 verb=0x2 -> 0x0	
00000258	1.82514536	System	[LAMPYRIS] MJ_CREATE FILTER nameLen=20 -> 0x0	
00000259	1.82518315	System	[LAMPYRIS] NewStream ENTER: Pin=1 Capture=1	
00000260	1.82518494	System	[LAMPYRIS] IsFormatSupported: Pin=1 req 1ch/48000Hz/16bit/blk2 -> 0x0	
00000261	1.82520843	System	[LAMPYRIS] NewStream EXIT: Pin=1 status=0x0	
00000262	1.82521081	System	[LAMPYRIS] MJ_CREATE PIN nameLen=302 -> 0x0	
00000263	1.83145237	System	[LAMPYRIS] AllocBuffer: size=12288 rate=96000	
00000264	1.83148777	System	[LAMPYRIS] SetState: Pin=1 0 -> 1 (0=STOP 1=ACQUIRE 2=PAUSE 3=RUN)	
00000265	1.83149183	System	[LAMPYRIS] SetState: Pin=1 1 -> 2 (0=STOP 1=ACQUIRE 2=PAUSE 3=RUN)	
00000266	1.83226717	System	[LAMPYRIS] SetState: Pin=1 2 -> 3 (0=STOP 1=ACQUIRE 2=PAUSE 3=RUN)	
00000267	1.83249819	System	[LAMPYRIS] GetPosition: PlayOffset 0, WriteOffset 0 (State: 3)	
00000268	1.83485615	System	[LAMPYRIS] SetState: Pin=1 3 -> 2 (0=STOP 1=ACQUIRE 2=PAUSE 3=RUN)	
00000269	1.83546841	System	[LAMPYRIS] SetState: Pin=1 2 -> 1 (0=STOP 1=ACQUIRE 2=PAUSE 3=RUN)	
00000270	1.83547437	System	[LAMPYRIS] SetState: Pin=1 1 -> 0 (0=STOP 1=ACQUIRE 2=PAUSE 3=RUN)	
