d:\border-tech\windows-driver\lampyris-sysvad\tabletaudiosample\x64\debug\vc143.pdb
d:\border-tech\windows-driver\lampyris-sysvad\tabletaudiosample\x64\debug\spdiftopo.obj
d:\border-tech\windows-driver\lampyris-sysvad\tabletaudiosample\x64\debug\micintopo.obj
d:\border-tech\windows-driver\lampyris-sysvad\tabletaudiosample\x64\debug\hdmitopo.obj
d:\border-tech\windows-driver\lampyris-sysvad\tabletaudiosample\x64\debug\usbhsdevice.obj
d:\border-tech\windows-driver\lampyris-sysvad\tabletaudiosample\x64\debug\tonegenerator.obj
d:\border-tech\windows-driver\lampyris-sysvad\tabletaudiosample\x64\debug\savedata.obj
d:\border-tech\windows-driver\lampyris-sysvad\tabletaudiosample\x64\debug\kshelper.obj
d:\border-tech\windows-driver\lampyris-sysvad\tabletaudiosample\x64\debug\hw.obj
d:\border-tech\windows-driver\lampyris-sysvad\tabletaudiosample\x64\debug\common.obj
d:\border-tech\windows-driver\lampyris-sysvad\tabletaudiosample\x64\debug\bthhfpdevice.obj
d:\border-tech\windows-driver\lampyris-sysvad\tabletaudiosample\x64\debug\basetopo.obj
d:\border-tech\windows-driver\lampyris-sysvad\tabletaudiosample\x64\debug\lampyris_core.obj
d:\border-tech\windows-driver\lampyris-sysvad\tabletaudiosample\x64\debug\adapter.obj
d:\border-tech\windows-driver\lampyris-sysvad\tabletaudiosample\x64\debug\a2dphpdevice.obj
d:\border-tech\windows-driver\lampyris-sysvad\tabletaudiosample\x64\debug\lampyris-mic.sys
d:\border-tech\windows-driver\lampyris-sysvad\tabletaudiosample\x64\debug\lampyris-mic.pdb
d:\border-tech\windows-driver\lampyris-sysvad\tabletaudiosample\x64\debug\tabletaudiosample.res
d:\border-tech\windows-driver\lampyris-sysvad\tabletaudiosample\x64\debug\componentizedaposample.inf
d:\border-tech\windows-driver\lampyris-sysvad\tabletaudiosample\x64\debug\componentizedaudiosample.inf
d:\border-tech\windows-driver\lampyris-sysvad\tabletaudiosample\x64\debug\componentizedaudiosampleextension.inf
d:\border-tech\windows-driver\lampyris-sysvad\tabletaudiosample\x64\debug\tabletau.e4df0eee.tlog\cl.command.1.tlog
d:\border-tech\windows-driver\lampyris-sysvad\tabletaudiosample\x64\debug\tabletau.e4df0eee.tlog\cl.items.tlog
d:\border-tech\windows-driver\lampyris-sysvad\tabletaudiosample\x64\debug\tabletau.e4df0eee.tlog\cl.read.1.tlog
d:\border-tech\windows-driver\lampyris-sysvad\tabletaudiosample\x64\debug\tabletau.e4df0eee.tlog\cl.write.1.tlog
d:\border-tech\windows-driver\lampyris-sysvad\tabletaudiosample\x64\debug\tabletau.e4df0eee.tlog\link.command.1.tlog
d:\border-tech\windows-driver\lampyris-sysvad\tabletaudiosample\x64\debug\tabletau.e4df0eee.tlog\link.read.1.tlog
d:\border-tech\windows-driver\lampyris-sysvad\tabletaudiosample\x64\debug\tabletau.e4df0eee.tlog\link.secondary.1.tlog
d:\border-tech\windows-driver\lampyris-sysvad\tabletaudiosample\x64\debug\tabletau.e4df0eee.tlog\link.write.1.tlog
d:\border-tech\windows-driver\lampyris-sysvad\tabletaudiosample\x64\debug\tabletau.e4df0eee.tlog\rc.command.1.tlog
d:\border-tech\windows-driver\lampyris-sysvad\tabletaudiosample\x64\debug\tabletau.e4df0eee.tlog\rc.read.1.tlog
d:\border-tech\windows-driver\lampyris-sysvad\tabletaudiosample\x64\debug\tabletau.e4df0eee.tlog\rc.write.1.tlog
d:\border-tech\windows-driver\lampyris-sysvad\tabletaudiosample\x64\debug\tabletau.e4df0eee.tlog\signtool.command.1.tlog
d:\border-tech\windows-driver\lampyris-sysvad\tabletaudiosample\x64\debug\tabletau.e4df0eee.tlog\signtool.read.1.tlog
d:\border-tech\windows-driver\lampyris-sysvad\tabletaudiosample\x64\debug\tabletau.e4df0eee.tlog\signtool.timestamp.1.tlog
d:\border-tech\windows-driver\lampyris-sysvad\tabletaudiosample\x64\debug\tabletau.e4df0eee.tlog\signtool.write.1.tlog
d:\border-tech\windows-driver\lampyris-sysvad\tabletaudiosample\x64\debug\tabletau.e4df0eee.tlog\stampinf.command.1.tlog
d:\border-tech\windows-driver\lampyris-sysvad\tabletaudiosample\x64\debug\tabletau.e4df0eee.tlog\stampinf.read.1.tlog
d:\border-tech\windows-driver\lampyris-sysvad\tabletaudiosample\x64\debug\tabletau.e4df0eee.tlog\stampinf.write.1.tlog
