d:\border-tech\windows-driver\lampyris-sysvad\tabletaudiosample\x64\release\vc143.pdb
d:\border-tech\windows-driver\lampyris-sysvad\tabletaudiosample\x64\release\spdiftopo.obj
d:\border-tech\windows-driver\lampyris-sysvad\tabletaudiosample\x64\release\micintopo.obj
d:\border-tech\windows-driver\lampyris-sysvad\tabletaudiosample\x64\release\hdmitopo.obj
d:\border-tech\windows-driver\lampyris-sysvad\tabletaudiosample\x64\release\usbhsdevice.obj
d:\border-tech\windows-driver\lampyris-sysvad\tabletaudiosample\x64\release\tonegenerator.obj
d:\border-tech\windows-driver\lampyris-sysvad\tabletaudiosample\x64\release\savedata.obj
d:\border-tech\windows-driver\lampyris-sysvad\tabletaudiosample\x64\release\kshelper.obj
d:\border-tech\windows-driver\lampyris-sysvad\tabletaudiosample\x64\release\hw.obj
d:\border-tech\windows-driver\lampyris-sysvad\tabletaudiosample\x64\release\common.obj
d:\border-tech\windows-driver\lampyris-sysvad\tabletaudiosample\x64\release\bthhfpdevice.obj
d:\border-tech\windows-driver\lampyris-sysvad\tabletaudiosample\x64\release\basetopo.obj
d:\border-tech\windows-driver\lampyris-sysvad\tabletaudiosample\x64\release\lampyris_core.obj
d:\border-tech\windows-driver\lampyris-sysvad\tabletaudiosample\x64\release\adapter.obj
d:\border-tech\windows-driver\lampyris-sysvad\tabletaudiosample\x64\release\a2dphpdevice.obj
d:\border-tech\windows-driver\lampyris-sysvad\tabletaudiosample\x64\release\lampyris-mic.sys
d:\border-tech\windows-driver\lampyris-sysvad\tabletaudiosample\x64\release\lampyris-mic.pdb
d:\border-tech\windows-driver\lampyris-sysvad\tabletaudiosample\x64\release\tabletaudiosample.res
d:\border-tech\windows-driver\lampyris-sysvad\tabletaudiosample\x64\release\componentizedaposample.inf
d:\border-tech\windows-driver\lampyris-sysvad\tabletaudiosample\x64\release\componentizedaudiosample.inf
d:\border-tech\windows-driver\lampyris-sysvad\tabletaudiosample\x64\release\componentizedaudiosampleextension.inf
d:\border-tech\windows-driver\lampyris-sysvad\tabletaudiosample\x64\release\tabletau.e4df0eee.tlog\cl.command.1.tlog
d:\border-tech\windows-driver\lampyris-sysvad\tabletaudiosample\x64\release\tabletau.e4df0eee.tlog\cl.items.tlog
d:\border-tech\windows-driver\lampyris-sysvad\tabletaudiosample\x64\release\tabletau.e4df0eee.tlog\cl.read.1.tlog
d:\border-tech\windows-driver\lampyris-sysvad\tabletaudiosample\x64\release\tabletau.e4df0eee.tlog\cl.write.1.tlog
d:\border-tech\windows-driver\lampyris-sysvad\tabletaudiosample\x64\release\tabletau.e4df0eee.tlog\link.command.1.tlog
d:\border-tech\windows-driver\lampyris-sysvad\tabletaudiosample\x64\release\tabletau.e4df0eee.tlog\link.read.1.tlog
d:\border-tech\windows-driver\lampyris-sysvad\tabletaudiosample\x64\release\tabletau.e4df0eee.tlog\link.secondary.1.tlog
d:\border-tech\windows-driver\lampyris-sysvad\tabletaudiosample\x64\release\tabletau.e4df0eee.tlog\link.write.1.tlog
d:\border-tech\windows-driver\lampyris-sysvad\tabletaudiosample\x64\release\tabletau.e4df0eee.tlog\rc.command.1.tlog
d:\border-tech\windows-driver\lampyris-sysvad\tabletaudiosample\x64\release\tabletau.e4df0eee.tlog\rc.read.1.tlog
d:\border-tech\windows-driver\lampyris-sysvad\tabletaudiosample\x64\release\tabletau.e4df0eee.tlog\rc.write.1.tlog
d:\border-tech\windows-driver\lampyris-sysvad\tabletaudiosample\x64\release\tabletau.e4df0eee.tlog\signtool.command.1.tlog
d:\border-tech\windows-driver\lampyris-sysvad\tabletaudiosample\x64\release\tabletau.e4df0eee.tlog\signtool.read.1.tlog
d:\border-tech\windows-driver\lampyris-sysvad\tabletaudiosample\x64\release\tabletau.e4df0eee.tlog\signtool.timestamp.1.tlog
d:\border-tech\windows-driver\lampyris-sysvad\tabletaudiosample\x64\release\tabletau.e4df0eee.tlog\signtool.write.1.tlog
d:\border-tech\windows-driver\lampyris-sysvad\tabletaudiosample\x64\release\tabletau.e4df0eee.tlog\stampinf.command.1.tlog
d:\border-tech\windows-driver\lampyris-sysvad\tabletaudiosample\x64\release\tabletau.e4df0eee.tlog\stampinf.read.1.tlog
d:\border-tech\windows-driver\lampyris-sysvad\tabletaudiosample\x64\release\tabletau.e4df0eee.tlog\stampinf.write.1.tlog
