  Building 'TabletAudioSample' with toolset 'WindowsKernelModeDriver10.0' and the 'Universal' target platform.
  Stamping x64\Release\ComponentizedApoSample.inf
  Stamping [Version] section with DriverVer=06/11/2026,11.27.53.927
  Stamping x64\Release\ComponentizedAudioSample.inf
  Stamping [Version] section with DriverVer=06/11/2026,11.27.54.19
  Stamping x64\Release\ComponentizedAudioSampleExtension.inf
  Stamping [Version] section with DriverVer=06/11/2026,11.27.54.111
D:\Border-Tech\windows-driver\lampyris-sysvad\TabletAudioSample\ComponentizedAudioSample.inx(43-43): warning 2083: Section [keyworddetectorcontosoadapter.copylist] not referenced or used.
  A2dpHpDevice.cpp
  adapter.cpp
  lampyris_core.cpp
  basetopo.cpp
  BthhfpDevice.cpp
  common.cpp
  hw.cpp
  kshelper.cpp
  savedata.cpp
  tonegenerator.cpp
  UsbHsDevice.cpp
  hdmitopo.cpp
  micintopo.cpp
  spdiftopo.cpp
  Generating Code...
  TabletAudioSample.vcxproj -> D:\Border-Tech\windows-driver\lampyris-sysvad\TabletAudioSample\x64\Release\lampyris-mic.sys
  Done Adding Additional Store
  Successfully signed: D:\Border-Tech\windows-driver\lampyris-sysvad\TabletAudioSample\x64\Release\lampyris-mic.sys
  
  Driver is 'Universal'.
